Archive member included to satisfy reference by file (symbol)

c:/program files (x86)/atmel/studio/7.0/toolchain/avr8/avr8-gnu-toolchain/bin/../lib/gcc/avr/5.4.0/../../../../avr/lib/avr5\libm.a(addsf3.o)
                              driver/atmega328p/source/timer.o (__addsf3)
c:/program files (x86)/atmel/studio/7.0/toolchain/avr8/avr8-gnu-toolchain/bin/../lib/gcc/avr/5.4.0/../../../../avr/lib/avr5\libm.a(addsf3x.o)
                              c:/program files (x86)/atmel/studio/7.0/toolchain/avr8/avr8-gnu-toolchain/bin/../lib/gcc/avr/5.4.0/../../../../avr/lib/avr5\libm.a(addsf3.o) (__addsf3x)
c:/program files (x86)/atmel/studio/7.0/toolchain/avr8/avr8-gnu-toolchain/bin/../lib/gcc/avr/5.4.0/../../../../avr/lib/avr5\libm.a(divsf3.o)
                              driver/atmega328p/source/adc.o (__divsf3)
c:/program files (x86)/atmel/studio/7.0/toolchain/avr8/avr8-gnu-toolchain/bin/../lib/gcc/avr/5.4.0/../../../../avr/lib/avr5\libm.a(divsf3x.o)
                              c:/program files (x86)/atmel/studio/7.0/toolchain/avr8/avr8-gnu-toolchain/bin/../lib/gcc/avr/5.4.0/../../../../avr/lib/avr5\libm.a(divsf3.o) (__divsf3x)
c:/program files (x86)/atmel/studio/7.0/toolchain/avr8/avr8-gnu-toolchain/bin/../lib/gcc/avr/5.4.0/../../../../avr/lib/avr5\libm.a(fixunssfsi.o)
                              driver/atmega328p/source/timer.o (__fixunssfsi)
c:/program files (x86)/atmel/studio/7.0/toolchain/avr8/avr8-gnu-toolchain/bin/../lib/gcc/avr/5.4.0/../../../../avr/lib/avr5\libm.a(floatsisf.o)
                              driver/atmega328p/source/adc.o (__floatunsisf)
c:/program files (x86)/atmel/studio/7.0/toolchain/avr8/avr8-gnu-toolchain/bin/../lib/gcc/avr/5.4.0/../../../../avr/lib/avr5\libm.a(fp_inf.o)
                              c:/program files (x86)/atmel/studio/7.0/toolchain/avr8/avr8-gnu-toolchain/bin/../lib/gcc/avr/5.4.0/../../../../avr/lib/avr5\libm.a(addsf3x.o) (__fp_inf)
c:/program files (x86)/atmel/studio/7.0/toolchain/avr8/avr8-gnu-toolchain/bin/../lib/gcc/avr/5.4.0/../../../../avr/lib/avr5\libm.a(fp_nan.o)
                              c:/program files (x86)/atmel/studio/7.0/toolchain/avr8/avr8-gnu-toolchain/bin/../lib/gcc/avr/5.4.0/../../../../avr/lib/avr5\libm.a(addsf3x.o) (__fp_nan)
c:/program files (x86)/atmel/studio/7.0/toolchain/avr8/avr8-gnu-toolchain/bin/../lib/gcc/avr/5.4.0/../../../../avr/lib/avr5\libm.a(fp_pscA.o)
                              c:/program files (x86)/atmel/studio/7.0/toolchain/avr8/avr8-gnu-toolchain/bin/../lib/gcc/avr/5.4.0/../../../../avr/lib/avr5\libm.a(addsf3x.o) (__fp_pscA)
c:/program files (x86)/atmel/studio/7.0/toolchain/avr8/avr8-gnu-toolchain/bin/../lib/gcc/avr/5.4.0/../../../../avr/lib/avr5\libm.a(fp_pscB.o)
                              c:/program files (x86)/atmel/studio/7.0/toolchain/avr8/avr8-gnu-toolchain/bin/../lib/gcc/avr/5.4.0/../../../../avr/lib/avr5\libm.a(addsf3x.o) (__fp_pscB)
c:/program files (x86)/atmel/studio/7.0/toolchain/avr8/avr8-gnu-toolchain/bin/../lib/gcc/avr/5.4.0/../../../../avr/lib/avr5\libm.a(fp_round.o)
                              c:/program files (x86)/atmel/studio/7.0/toolchain/avr8/avr8-gnu-toolchain/bin/../lib/gcc/avr/5.4.0/../../../../avr/lib/avr5\libm.a(addsf3.o) (__fp_round)
c:/program files (x86)/atmel/studio/7.0/toolchain/avr8/avr8-gnu-toolchain/bin/../lib/gcc/avr/5.4.0/../../../../avr/lib/avr5\libm.a(fp_split3.o)
                              c:/program files (x86)/atmel/studio/7.0/toolchain/avr8/avr8-gnu-toolchain/bin/../lib/gcc/avr/5.4.0/../../../../avr/lib/avr5\libm.a(addsf3x.o) (__fp_split3)
c:/program files (x86)/atmel/studio/7.0/toolchain/avr8/avr8-gnu-toolchain/bin/../lib/gcc/avr/5.4.0/../../../../avr/lib/avr5\libm.a(fp_zero.o)
                              c:/program files (x86)/atmel/studio/7.0/toolchain/avr8/avr8-gnu-toolchain/bin/../lib/gcc/avr/5.4.0/../../../../avr/lib/avr5\libm.a(addsf3x.o) (__fp_zero)
c:/program files (x86)/atmel/studio/7.0/toolchain/avr8/avr8-gnu-toolchain/bin/../lib/gcc/avr/5.4.0/../../../../avr/lib/avr5\libm.a(gesf2.o)
                              ml/source/ml/lin_reg/lin_reg.o (__gesf2)
c:/program files (x86)/atmel/studio/7.0/toolchain/avr8/avr8-gnu-toolchain/bin/../lib/gcc/avr/5.4.0/../../../../avr/lib/avr5\libm.a(mulsf3.o)
                              driver/atmega328p/source/adc.o (__mulsf3)
c:/program files (x86)/atmel/studio/7.0/toolchain/avr8/avr8-gnu-toolchain/bin/../lib/gcc/avr/5.4.0/../../../../avr/lib/avr5\libm.a(mulsf3x.o)
                              c:/program files (x86)/atmel/studio/7.0/toolchain/avr8/avr8-gnu-toolchain/bin/../lib/gcc/avr/5.4.0/../../../../avr/lib/avr5\libm.a(mulsf3.o) (__mulsf3x)
c:/program files (x86)/atmel/studio/7.0/toolchain/avr8/avr8-gnu-toolchain/bin/../lib/gcc/avr/5.4.0/../../../../avr/lib/avr5\libm.a(fp_cmp.o)
                              c:/program files (x86)/atmel/studio/7.0/toolchain/avr8/avr8-gnu-toolchain/bin/../lib/gcc/avr/5.4.0/../../../../avr/lib/avr5\libm.a(gesf2.o) (__fp_cmp)
[...]
Memory Configuration

Name             Origin             Length             Attributes
text             0x00000000         0x00008000         xr
data             0x00800100         0x00000800         rw !x
eeprom           0x00810000         0x00000400         rw !x
fuse             0x00820000         0x00000003         rw !x
lock             0x00830000         0x00000400         rw !x
signature        0x00840000         0x00000400         rw !x
user_signatures  0x00850000         0x00000400         rw !x
*default*        0x00000000         0xffffffff

Linker script and memory map

Address of section .data set to 0x800100
LOAD C:/Program Files (x86)/Atmel/Studio/7.0/Packs/atmel/ATmega_DFP/1.7.374/gcc/dev/atmega328p/avr5/crtatmega328p.o
LOAD driver/atmega328p/source/adc.o
LOAD driver/atmega328p/source/eeprom.o
LOAD driver/atmega328p/source/gpio.o
LOAD driver/atmega328p/source/serial.o
LOAD driver/atmega328p/source/timer.o
LOAD driver/atmega328p/source/watchdog.o
LOAD main.o
LOAD ml/source/ml/lin_reg/lin_reg.o
LOAD target/source/system.o
LOAD utils/source/utils.o
START GROUP
LOAD c:/program files (x86)/atmel/studio/7.0/toolchain/avr8/avr8-gnu-toolchain/bin/../lib/gcc/avr/5.4.0/../../../../avr/lib/avr5\libm.a
END GROUP
LOAD c:/program files (x86)/atmel/studio/7.0/toolchain/avr8/avr8-gnu-toolchain/bin/../lib/gcc/avr/5.4.0/avr5\libgcc.a
LOAD c:/program files (x86)/atmel/studio/7.0/toolchain/avr8/avr8-gnu-toolchain/bin/../lib/gcc/avr/5.4.0/../../../../avr/lib/avr5\libm.a
START GROUP
LOAD c:/program files (x86)/atmel/studio/7.0/toolchain/avr8/avr8-gnu-toolchain/bin/../lib/gcc/avr/5.4.0/avr5\libgcc.a
LOAD c:/program files (x86)/atmel/studio/7.0/toolchain/avr8/avr8-gnu-toolchain/bin/../lib/gcc/avr/5.4.0/../../../../avr/lib/avr5\libm.a
LOAD c:/program files (x86)/atmel/studio/7.0/toolchain/avr8/avr8-gnu-toolchain/bin/../lib/gcc/avr/5.4.0/../../../../avr/lib/avr5\libc.a
LOAD C:/Program Files (x86)/Atmel/Studio/7.0/Packs/atmel/ATmega_DFP/1.7.374/gcc/dev/atmega328p/avr5\libatmega328p.a
END GROUP
                0x00000000                __TEXT_REGION_ORIGIN__ = DEFINED (__TEXT_REGION_ORIGIN__)?__TEXT_REGION_ORIGIN__:0x0
                [0x00800100]                __DATA_REGION_ORIGIN__ = DEFINED (__DATA_REGION_ORIGIN__)?__DATA_REGION_ORIGIN__:0x800060
                [0x00008000]                __TEXT_REGION_LENGTH__ = DEFINED (__TEXT_REGION_LENGTH__)?__TEXT_REGION_LENGTH__:0x20000
                [0x00000800]                __DATA_REGION_LENGTH__ = DEFINED (__DATA_REGION_LENGTH__)?__DATA_REGION_LENGTH__:0xffa0
                [0x00000400]                __EEPROM_REGION_LENGTH__ = DEFINED (__EEPROM_REGION_LENGTH__)?__EEPROM_REGION_LENGTH__:0x10000
                [0x00000003]                __FUSE_REGION_LENGTH__ = DEFINED (__FUSE_REGION_LENGTH__)?__FUSE_REGION_LENGTH__:0x400
                0x00000400                __LOCK_REGION_LENGTH__ = DEFINED (__LOCK_REGION_LENGTH__)?__LOCK_REGION_LENGTH__:0x400
                0x00000400                __SIGNATURE_REGION_LENGTH__ = DEFINED (__SIGNATURE_REGION_LENGTH__)?__SIGNATURE_REGION_LENGTH__:0x400
                0x00000400                __USER_SIGNATURE_REGION_LENGTH__ = DEFINED (__USER_SIGNATURE_REGION_LENGTH__)?__USER_SIGNATURE_REGION_LENGTH__:0x400

.hash
 *(.hash)

.dynsym
 *(.dynsym)

.dynstr
 *(.dynstr)

.gnu.version
 *(.gnu.version)

.gnu.version_d
 *(.gnu.version_d)

.gnu.version_r
 *(.gnu.version_r)

.rel.init
 *(.rel.init)

.rela.init
 *(.rela.init)

.rel.text
 *(.rel.text)
 *(.rel.text.*)
 *(.rel.gnu.linkonce.t*)

.rela.text
 *(.rela.text)
 *(.rela.text.*)
 *(.rela.gnu.linkonce.t*)

.rel.fini
 *(.rel.fini)

.rela.fini
 *(.rela.fini)

.rel.rodata
 *(.rel.rodata)
 *(.rel.rodata.*)
 *(.rel.gnu.linkonce.r*)

.rela.rodata
 *(.rela.rodata)
 *(.rela.rodata.*)
 *(.rela.gnu.linkonce.r*)

.rel.data
 *(.rel.data)
 *(.rel.data.*)
 *(.rel.gnu.linkonce.d*)

.rela.data
 *(.rela.data)
 *(.rela.data.*)
 *(.rela.gnu.linkonce.d*)

.rel.ctors
 *(.rel.ctors)

.rela.ctors
 *(.rela.ctors)

.rel.dtors
 *(.rel.dtors)

.rela.dtors
 *(.rela.dtors)

.rel.got
 *(.rel.got)

.rela.got
 *(.rela.got)

.rel.bss
 *(.rel.bss)

.rela.bss
 *(.rela.bss)

.rel.plt
 *(.rel.plt)

.rela.plt
 *(.rela.plt)

.text           0x00000000     0x26e0
 *(.vectors)
 .vectors       0x00000000       0x68 C:/Program Files (x86)/Atmel/Studio/7.0/Packs/atmel/ATmega_DFP/1.7.374/gcc/dev/atmega328p/avr5/crtatmega328p.o
                0x00000000                __vector_default
                0x00000000                __vectors
 *(.vectors)
 *(.progmem.gcc*)
                0x00000068                . = ALIGN (0x2)
                0x00000068                __trampolines_start = .
 *(.trampolines)
 .trampolines   0x00000068        0x0 linker stubs
 *(.trampolines*)
                0x00000068                __trampolines_end = .
 *libprintf_flt.a:*(.progmem.data)
 *libc.a:*(.progmem.data)
 *(.progmem*)
                0x00000068                . = ALIGN (0x2)
 *(.jumptables)
 *(.jumptables*)
 *(.lowtext)
 *(.lowtext*)
                0x00000068                __ctors_start = .
 *(.ctors)
 .ctors         0x00000068        0x2 driver/atmega328p/source/gpio.o
 .ctors         0x0000006a        0x2 driver/atmega328p/source/timer.o
                0x0000006c                __ctors_end = .
                0x0000006c                __dtors_start = .
 *(.dtors)
 .dtors         0x0000006c        0x2 driver/atmega328p/source/gpio.o
 .dtors         0x0000006e        0x2 driver/atmega328p/source/timer.o
                0x00000070                __dtors_end = .
 SORT(*)(.ctors)
 SORT(*)(.dtors)
 *(.init0)
 .init0         0x00000070        0x0 C:/Program Files (x86)/Atmel/Studio/7.0/Packs/atmel/ATmega_DFP/1.7.374/gcc/dev/atmega328p/avr5/crtatmega328p.o
                0x00000070                __init
 *(.init0)
 *(.init1)
 *(.init1)
 *(.init2)
 .init2         0x00000070        0xc C:/Program Files (x86)/Atmel/Studio/7.0/Packs/atmel/ATmega_DFP/1.7.374/gcc/dev/atmega328p/avr5/crtatmega328p.o
 *(.init2)
 *(.init3)
 *(.init3)
 *(.init4)
 .init4         0x0000007c       0x16 c:/program files (x86)/atmel/studio/7.0/toolchain/avr8/avr8-gnu-toolchain/bin/../lib/gcc/avr/5.4.0/avr5\libgcc.a(_copy_data.o)
                0x0000007c                __do_copy_data
 .init4         0x00000092       0x10 c:/program files (x86)/atmel/studio/7.0/toolchain/avr8/avr8-gnu-toolchain/bin/../lib/gcc/avr/5.4.0/avr5\libgcc.a(_clear_bss.o)
                0x00000092                __do_clear_bss
 *(.init4)
 *(.init5)
 *(.init5)
 *(.init6)
 .init6         0x000000a2       0x16 c:/program files (x86)/atmel/studio/7.0/toolchain/avr8/avr8-gnu-toolchain/bin/../lib/gcc/avr/5.4.0/avr5\libgcc.a(_ctors.o)
                0x000000a2                __do_global_ctors
 *(.init6)
 *(.init7)
 *(.init7)
 *(.init8)
 *(.init8)
 *(.init9)
 .init9         0x000000b8        0x8 C:/Program Files (x86)/Atmel/Studio/7.0/Packs/atmel/ATmega_DFP/1.7.374/gcc/dev/atmega328p/avr5/crtatmega328p.o
 *(.init9)
 *(.text)
 .text          0x000000c0        0x4 C:/Program Files (x86)/Atmel/Studio/7.0/Packs/atmel/ATmega_DFP/1.7.374/gcc/dev/atmega328p/avr5/crtatmega328p.o
                0x000000c0                __vector_22
                0x000000c0                __vector_1
                0x000000c0                __vector_24
                0x000000c0                __vector_12
                0x000000c0                __bad_interrupt
                0x000000c0                __vector_6
                0x000000c0                __vector_23
                0x000000c0                __vector_25
                0x000000c0                __vector_13
                0x000000c0                __vector_17
                0x000000c0                __vector_19
                0x000000c0                __vector_7
                0x000000c0                __vector_2
                0x000000c0                __vector_21
                0x000000c0                __vector_15
                0x000000c0                __vector_8
                0x000000c0                __vector_14
                0x000000c0                __vector_10
                0x000000c0                __vector_18
                0x000000c0                __vector_20
 .text          0x000000c4       0x64 c:/program files (x86)/atmel/studio/7.0/toolchain/avr8/avr8-gnu-toolchain/bin/../lib/gcc/avr/5.4.0/../../../../avr/lib/avr5\libc.a(atexit.o)
                0x000000ec                atexit
                0x00000128                . = ALIGN (0x2)
 *(.text.*)
 .text.__tcf_0  0x00000128        0xe driver/atmega328p/source/adc.o
 .text._ZNK6driver10atmega328p3Adc10resolutionEv
                0x00000136        0x4 driver/atmega328p/source/adc.o
                0x00000136                _ZNK6driver10atmega328p3Adc10resolutionEv
 .text._ZNK6driver10atmega328p3Adc8maxValueEv
                0x0000013a        0x6 driver/atmega328p/source/adc.o
                0x0000013a                _ZNK6driver10atmega328p3Adc8maxValueEv
 .text._ZNK6driver10atmega328p3Adc13supplyVoltageEv
                0x00000140        0xa driver/atmega328p/source/adc.o
                0x00000140                _ZNK6driver10atmega328p3Adc13supplyVoltageEv
 .text._ZNK6driver10atmega328p3Adc4readEh
                0x0000014a       0xa8 driver/atmega328p/source/adc.o
                0x0000014a                _ZNK6driver10atmega328p3Adc4readEh
 .text._ZNK6driver10atmega328p3Adc9dutyCycleEh
                0x000001f2       0x1c driver/atmega328p/source/adc.o
                0x000001f2                _ZNK6driver10atmega328p3Adc9dutyCycleEh
 .text._ZNK6driver10atmega328p3Adc12inputVoltageEh
                0x0000020e       0x12 driver/atmega328p/source/adc.o
                0x0000020e                _ZNK6driver10atmega328p3Adc12inputVoltageEh
 .text._ZNK6driver10atmega328p3Adc13isInitializedEv
                0x00000220        0x4 driver/atmega328p/source/adc.o
                0x00000220                _ZNK6driver10atmega328p3Adc13isInitializedEv
 .text._ZNK6driver10atmega328p3Adc9isEnabledEv
                0x00000224        0x6 driver/atmega328p/source/adc.o
                0x00000224                _ZNK6driver10atmega328p3Adc9isEnabledEv
 .text._ZN6driver10atmega328p3Adc10setEnabledEb
                0x0000022a        0x6 driver/atmega328p/source/adc.o
                0x0000022a                _ZN6driver10atmega328p3Adc10setEnabledEb
 .text._ZN6driver10atmega328p3AdcD2Ev
                0x00000230        0xc driver/atmega328p/source/adc.o
                0x00000230                _ZN6driver10atmega328p3AdcD2Ev
                0x00000230                _ZN6driver10atmega328p3AdcD1Ev
 .text._ZN6driver10atmega328p3AdcD0Ev
                0x0000023c       0x14 driver/atmega328p/source/adc.o
                0x0000023c                _ZN6driver10atmega328p3AdcD0Ev
 .text._ZN6driver10atmega328p3AdcC2Ev
                0x00000250       0x14 driver/atmega328p/source/adc.o
                0x00000250                _ZN6driver10atmega328p3AdcC1Ev
                0x00000250                _ZN6driver10atmega328p3AdcC2Ev
 .text._ZN6driver10atmega328p3Adc11getInstanceEv
                0x00000264       0x32 driver/atmega328p/source/adc.o
                0x00000264                _ZN6driver10atmega328p3Adc11getInstanceEv
 .text.__tcf_0  0x00000296        0xe driver/atmega328p/source/eeprom.o
 .text._ZNK6driver10atmega328p6Eeprom13isInitializedEv
                0x000002a4        0x4 driver/atmega328p/source/eeprom.o
                0x000002a4                _ZNK6driver10atmega328p6Eeprom13isInitializedEv
 .text._ZNK6driver10atmega328p6Eeprom9isEnabledEv
                0x000002a8        0x6 driver/atmega328p/source/eeprom.o
                0x000002a8                _ZNK6driver10atmega328p6Eeprom9isEnabledEv
 .text._ZN6driver10atmega328p6Eeprom10setEnabledEb
                0x000002ae        0x6 driver/atmega328p/source/eeprom.o
                0x000002ae                _ZN6driver10atmega328p6Eeprom10setEnabledEb
 .text._ZNK6driver10atmega328p6Eeprom14isAddressValidEjh
                0x000002b4       0x10 driver/atmega328p/source/eeprom.o
                0x000002b4                _ZNK6driver10atmega328p6Eeprom14isAddressValidEjh
 .text._ZNK6driver10atmega328p6Eeprom8readByteEj
                0x000002c4       0x42 driver/atmega328p/source/eeprom.o
                0x000002c4                _ZNK6driver10atmega328p6Eeprom8readByteEj
 .text._ZN6driver10atmega328p6EepromD2Ev
                0x00000306        0xc driver/atmega328p/source/eeprom.o
                0x00000306                _ZN6driver10atmega328p6EepromD2Ev
                0x00000306                _ZN6driver10atmega328p6EepromD1Ev
 .text._ZN6driver10atmega328p6EepromD0Ev
                0x00000312       0x14 driver/atmega328p/source/eeprom.o
                0x00000312                _ZN6driver10atmega328p6EepromD0Ev
 .text._ZNK6driver10atmega328p6Eeprom9writeByteEjh
                0x00000326       0x5a driver/atmega328p/source/eeprom.o
                0x00000326                _ZNK6driver10atmega328p6Eeprom9writeByteEjh
 .text._ZN6driver10atmega328p6EepromC2Ev
                0x00000380        0xe driver/atmega328p/source/eeprom.o
                0x00000380                _ZN6driver10atmega328p6EepromC2Ev
                0x00000380                _ZN6driver10atmega328p6EepromC1Ev
 .text._ZN6driver10atmega328p6Eeprom11getInstanceEv
                0x0000038e       0x32 driver/atmega328p/source/eeprom.o
                0x0000038e                _ZN6driver10atmega328p6Eeprom11getInstanceEv
 .text._ZNK6driver10atmega328p4Gpio13isInitializedEv
                0x000003c0       0x12 driver/atmega328p/source/gpio.o
                0x000003c0                _ZNK6driver10atmega328p4Gpio13isInitializedEv
 .text._ZNK6driver10atmega328p4Gpio4readEv
                0x000003d2       0x34 driver/atmega328p/source/gpio.o
                0x000003d2                _ZNK6driver10atmega328p4Gpio4readEv
 .text._ZN6driver10atmega328p4Gpio5writeEb
                0x00000406       0x66 driver/atmega328p/source/gpio.o
                0x00000406                _ZN6driver10atmega328p4Gpio5writeEb
 .text._ZN6driver10atmega328p4Gpio6toggleEv
                0x0000046c       0x36 driver/atmega328p/source/gpio.o
                0x0000046c                _ZN6driver10atmega328p4Gpio6toggleEv
 .text._ZN6driver10atmega328p4Gpio21enableInterruptOnPortEb
                0x000004a2       0x62 driver/atmega328p/source/gpio.o
                0x000004a2                _ZN6driver10atmega328p4Gpio21enableInterruptOnPortEb
 .text._ZN6driver10atmega328p4Gpio15enableInterruptEb
                0x00000504       0x94 driver/atmega328p/source/gpio.o
                0x00000504                _ZN6driver10atmega328p4Gpio15enableInterruptEb
 .text._ZN6driver10atmega328p4GpioD2Ev
                0x00000598       0xea driver/atmega328p/source/gpio.o
                0x00000598                _ZN6driver10atmega328p4GpioD1Ev
                0x00000598                _ZN6driver10atmega328p4GpioD2Ev
 .text._ZN6driver10atmega328p4GpioD0Ev
                0x00000682       0x1a driver/atmega328p/source/gpio.o
                0x00000682                _ZN6driver10atmega328p4GpioD0Ev
 .text._ZN6driver10atmega328p4Gpio12initHardwareEh
                0x0000069c       0x46 driver/atmega328p/source/gpio.o
                0x0000069c                _ZN6driver10atmega328p4Gpio12initHardwareEh
 .text._ZN6driver10atmega328p4Gpio7reserveEhNS1_9DirectionE
                0x000006e2       0xd4 driver/atmega328p/source/gpio.o
                0x000006e2                _ZN6driver10atmega328p4Gpio7reserveEhNS1_9DirectionE
 .text._ZN6driver10atmega328p4Gpio12setDirectionENS1_9DirectionE
                0x000007b6       0x6a driver/atmega328p/source/gpio.o
                0x000007b6                _ZN6driver10atmega328p4Gpio12setDirectionENS1_9DirectionE
 .text._ZN9container5ArrayIPFvvELj3EEC2Ev
                0x00000820        0xc driver/atmega328p/source/gpio.o
                0x00000820                _ZN9container5ArrayIPFvvELj3EEC2Ev
                0x00000820                _ZN9container5ArrayIPFvvELj3EEC1Ev
 .text._ZN9container13CallbackArrayILj3EEC2Ev
                0x0000082c        0x6 driver/atmega328p/source/gpio.o
                0x0000082c                _ZN9container13CallbackArrayILj3EEC2Ev
                0x0000082c                _ZN9container13CallbackArrayILj3EEC1Ev
 .text._ZNK9container13CallbackArrayILj3EE12isIndexValidEj
                0x00000832        0xc driver/atmega328p/source/gpio.o
                0x00000832                _ZNK9container13CallbackArrayILj3EE12isIndexValidEj
 .text._ZN9container13CallbackArrayILj3EE3addEPFvvEj
                0x0000083e       0x4e driver/atmega328p/source/gpio.o
                0x0000083e                _ZN9container13CallbackArrayILj3EE3addEPFvvEj
 .text._ZNK6driver10atmega328p4Gpio11setCallbackEPFvvE
                0x0000088c       0x52 driver/atmega328p/source/gpio.o
                0x0000088c                _ZNK6driver10atmega328p4Gpio11setCallbackEPFvvE
 .text._ZN6driver10atmega328p4GpioC2EhNS1_9DirectionEPFvvE
                0x000008de       0x92 driver/atmega328p/source/gpio.o
                0x000008de                _ZN6driver10atmega328p4GpioC2EhNS1_9DirectionEPFvvE
                0x000008de                _ZN6driver10atmega328p4GpioC1EhNS1_9DirectionEPFvvE
 .text._ZNK9container13CallbackArrayILj3EE17isCallbackDefinedEj
                0x00000970       0x18 driver/atmega328p/source/gpio.o
                0x00000970                _ZNK9container13CallbackArrayILj3EE17isCallbackDefinedEj
 .text._ZN9container13CallbackArrayILj3EE6invokeEj
                0x00000988       0x4e driver/atmega328p/source/gpio.o
                0x00000988                _ZN9container13CallbackArrayILj3EE6invokeEj
 .text.__vector_3
                0x000009d6       0x50 driver/atmega328p/source/gpio.o
                0x000009d6                __vector_3
 .text.__vector_4
                0x00000a26       0x50 driver/atmega328p/source/gpio.o
                0x00000a26                __vector_4
 .text.__vector_5
                0x00000a76       0x50 driver/atmega328p/source/gpio.o
                0x00000a76                __vector_5
 .text._Z41__static_initialization_and_destruction_0ii
                0x00000ac6       0x14 driver/atmega328p/source/gpio.o
 .text._GLOBAL__sub_I__ZN6driver10atmega328p4Gpio9myHwPortBE
                0x00000ada        0xe driver/atmega328p/source/gpio.o
 .text._GLOBAL__sub_D__ZN6driver10atmega328p4Gpio9myHwPortBE
                0x00000ae8        0xe driver/atmega328p/source/gpio.o
 .text._ZN6driver10atmega328p12_GLOBAL__N_112transmitCharEc
                0x00000af6       0x3c driver/atmega328p/source/serial.o
 .text.__tcf_0  0x00000b32        0xe driver/atmega328p/source/serial.o
 .text._ZNK6driver10atmega328p6Serial12baudRate_bpsEv
                0x00000b40        0xa driver/atmega328p/source/serial.o
                0x00000b40                _ZNK6driver10atmega328p6Serial12baudRate_bpsEv
 .text._ZNK6driver10atmega328p6Serial13isInitializedEv
                0x00000b4a        0x4 driver/atmega328p/source/serial.o
                0x00000b4a                _ZNK6driver10atmega328p6Serial13isInitializedEv
 .text._ZNK6driver10atmega328p6Serial9isEnabledEv
                0x00000b4e        0x6 driver/atmega328p/source/serial.o
                0x00000b4e                _ZNK6driver10atmega328p6Serial9isEnabledEv
 .text._ZN6driver10atmega328p6Serial10setEnabledEb
                0x00000b54        0x6 driver/atmega328p/source/serial.o
                0x00000b54                _ZN6driver10atmega328p6Serial10setEnabledEb
 .text._ZNK6driver10atmega328p6Serial5printEPKc
                0x00000b5a       0x2e driver/atmega328p/source/serial.o
                0x00000b5a                _ZNK6driver10atmega328p6Serial5printEPKc
 .text._ZN6driver10atmega328p6SerialD2Ev
                0x00000b88        0xc driver/atmega328p/source/serial.o
                0x00000b88                _ZN6driver10atmega328p6SerialD2Ev
                0x00000b88                _ZN6driver10atmega328p6SerialD1Ev
 .text._ZN6driver10atmega328p6SerialD0Ev
                0x00000b94       0x14 driver/atmega328p/source/serial.o
                0x00000b94                _ZN6driver10atmega328p6SerialD0Ev
 .text._ZN6driver10atmega328p6SerialC2Ev
                0x00000ba8       0x3a driver/atmega328p/source/serial.o
                0x00000ba8                _ZN6driver10atmega328p6SerialC1Ev
                0x00000ba8                _ZN6driver10atmega328p6SerialC2Ev
 .text._ZN6driver10atmega328p6Serial11getInstanceEv
                0x00000be2       0x32 driver/atmega328p/source/serial.o
                0x00000be2                _ZN6driver10atmega328p6Serial11getInstanceEv
 .text._ZNK6driver10atmega328p5Timer13isInitializedEv
                0x00000c14       0x12 driver/atmega328p/source/timer.o
                0x00000c14                _ZNK6driver10atmega328p5Timer13isInitializedEv
 .text._ZNK6driver10atmega328p5Timer9isEnabledEv
                0x00000c26        0x6 driver/atmega328p/source/timer.o
                0x00000c26                _ZNK6driver10atmega328p5Timer9isEnabledEv
 .text._ZN6driver10atmega328p5Timer11hasTimedOutEv
                0x00000c2c       0x50 driver/atmega328p/source/timer.o
                0x00000c2c                _ZN6driver10atmega328p5Timer11hasTimedOutEv
 .text._ZNK6driver10atmega328p5Timer10timeout_msEv
                0x00000c7c       0x2c driver/atmega328p/source/timer.o
                0x00000c7c                _ZNK6driver10atmega328p5Timer10timeout_msEv
 .text._ZN6driver10atmega328p5Timer4stopEv
                0x00000ca8       0x18 driver/atmega328p/source/timer.o
                0x00000ca8                _ZN6driver10atmega328p5Timer4stopEv
 .text._ZN6driver10atmega328p5Timer13setTimeout_msEm
                0x00000cc0       0x6a driver/atmega328p/source/timer.o
                0x00000cc0                _ZN6driver10atmega328p5Timer13setTimeout_msEm
 .text._ZN6driver10atmega328p5Timer5startEv
                0x00000d2a       0x50 driver/atmega328p/source/timer.o
                0x00000d2a                _ZN6driver10atmega328p5Timer5startEv
 .text._ZN6driver10atmega328p5Timer6toggleEv
                0x00000d7a       0x14 driver/atmega328p/source/timer.o
                0x00000d7a                _ZN6driver10atmega328p5Timer6toggleEv
 .text._ZN6driver10atmega328p5Timer7restartEv
                0x00000d8e       0x18 driver/atmega328p/source/timer.o
                0x00000d8e                _ZN6driver10atmega328p5Timer7restartEv
 .text._ZN6driver10atmega328p5Timer9incrementEv
                0x00000da6       0x28 driver/atmega328p/source/timer.o
                0x00000da6                _ZN6driver10atmega328p5Timer9incrementEv
 .text._ZN6driver10atmega328p5Timer8Hardware7releaseEPS2_
                0x00000dce       0x3c driver/atmega328p/source/timer.o
                0x00000dce                _ZN6driver10atmega328p5Timer8Hardware7releaseEPS2_
 .text._ZN6driver10atmega328p5Timer8Hardware4initEh
                0x00000e0a       0x7e driver/atmega328p/source/timer.o
                0x00000e0a                _ZN6driver10atmega328p5Timer8Hardware4initEh
 .text._ZN6driver10atmega328p5Timer8Hardware7reserveEv
                0x00000e88       0x2a driver/atmega328p/source/timer.o
                0x00000e88                _ZN6driver10atmega328p5Timer8Hardware7reserveEv
 .text._ZNK6driver10atmega328p5Timer11addCallbackEPFvvE
                0x00000eb2       0x18 driver/atmega328p/source/timer.o
                0x00000eb2                _ZNK6driver10atmega328p5Timer11addCallbackEPFvvE
 .text._ZN6driver10atmega328p5TimerC2EmPFvvEb
                0x00000eca       0xb4 driver/atmega328p/source/timer.o
                0x00000eca                _ZN6driver10atmega328p5TimerC2EmPFvvEb
                0x00000eca                _ZN6driver10atmega328p5TimerC1EmPFvvEb
 .text._ZN9container13CallbackArrayILj3EE6removeEj
                0x00000f7e       0x2a driver/atmega328p/source/timer.o
                0x00000f7e                _ZN9container13CallbackArrayILj3EE6removeEj
 .text._ZNK6driver10atmega328p5Timer14removeCallbackEv
                0x00000fa8       0x18 driver/atmega328p/source/timer.o
                0x00000fa8                _ZNK6driver10atmega328p5Timer14removeCallbackEv
 .text._ZN6driver10atmega328p5TimerD2Ev
                0x00000fc0       0x3e driver/atmega328p/source/timer.o
                0x00000fc0                _ZN6driver10atmega328p5TimerD1Ev
                0x00000fc0                _ZN6driver10atmega328p5TimerD2Ev
 .text._ZN6driver10atmega328p5TimerD0Ev
                0x00000ffe       0x1a driver/atmega328p/source/timer.o
                0x00000ffe                _ZN6driver10atmega328p5TimerD0Ev
 .text._ZN6driver10atmega328p12_GLOBAL__N_114invokeCallbackEh
                0x00001018       0x46 driver/atmega328p/source/timer.o
 .text.__vector_16
                0x0000105e       0x4a driver/atmega328p/source/timer.o
                0x0000105e                __vector_16
 .text.__vector_11
                0x000010a8       0x4a driver/atmega328p/source/timer.o
                0x000010a8                __vector_11
 .text.__vector_9
                0x000010f2       0x4a driver/atmega328p/source/timer.o
                0x000010f2                __vector_9
 .text._Z41__static_initialization_and_destruction_0ii
                0x0000113c       0x14 driver/atmega328p/source/timer.o
 .text._GLOBAL__sub_I__ZN6driver10atmega328p5TimerC2EmPFvvEb
                0x00001150        0xe driver/atmega328p/source/timer.o
 .text._GLOBAL__sub_D__ZN6driver10atmega328p5TimerC2EmPFvvEb
                0x0000115e        0xe driver/atmega328p/source/timer.o
 .text._ZN6driver10atmega328p12_GLOBAL__N_112timeoutValueENS0_8Watchdog7TimeoutE
                0x0000116c       0x7c driver/atmega328p/source/watchdog.o
 .text.__tcf_0  0x000011e8        0xe driver/atmega328p/source/watchdog.o
 .text._ZNK6driver10atmega328p8Watchdog13isInitializedEv
                0x000011f6        0x4 driver/atmega328p/source/watchdog.o
                0x000011f6                _ZNK6driver10atmega328p8Watchdog13isInitializedEv
 .text._ZNK6driver10atmega328p8Watchdog9isEnabledEv
                0x000011fa        0x6 driver/atmega328p/source/watchdog.o
                0x000011fa                _ZNK6driver10atmega328p8Watchdog9isEnabledEv
 .text._ZNK6driver10atmega328p8Watchdog9timeoutMsEv
                0x00001200        0x8 driver/atmega328p/source/watchdog.o
                0x00001200                _ZNK6driver10atmega328p8Watchdog9timeoutMsEv
 .text._ZN6driver10atmega328p8WatchdogD2Ev
                0x00001208        0xc driver/atmega328p/source/watchdog.o
                0x00001208                _ZN6driver10atmega328p8WatchdogD1Ev
                0x00001208                _ZN6driver10atmega328p8WatchdogD2Ev
 .text._ZN6driver10atmega328p8WatchdogD0Ev
                0x00001214       0x14 driver/atmega328p/source/watchdog.o
                0x00001214                _ZN6driver10atmega328p8WatchdogD0Ev
 .text._ZN6driver10atmega328p8Watchdog5resetEv
                0x00001228       0x12 driver/atmega328p/source/watchdog.o
                0x00001228                _ZN6driver10atmega328p8Watchdog5resetEv
 .text._ZN6driver10atmega328p8Watchdog10setEnabledEb
                0x0000123a       0x3a driver/atmega328p/source/watchdog.o
                0x0000123a                _ZN6driver10atmega328p8Watchdog10setEnabledEb
 .text._ZN6driver10atmega328p8Watchdog10setTimeoutENS1_7TimeoutE
                0x00001274       0x4e driver/atmega328p/source/watchdog.o
                0x00001274                _ZN6driver10atmega328p8Watchdog10setTimeoutENS1_7TimeoutE
 .text._ZN6driver10atmega328p8WatchdogC2Ev
                0x000012c2       0x1a driver/atmega328p/source/watchdog.o
                0x000012c2                _ZN6driver10atmega328p8WatchdogC1Ev
                0x000012c2                _ZN6driver10atmega328p8WatchdogC2Ev
 .text._ZN6driver10atmega328p8Watchdog11getInstanceEv
                0x000012dc       0x32 driver/atmega328p/source/watchdog.o
                0x000012dc                _ZN6driver10atmega328p8Watchdog11getInstanceEv
 .text._ZN12_GLOBAL__N_119toggleTimerCallbackEv
                0x0000130e        0xe main.o
 .text._ZN12_GLOBAL__N_121debounceTimerCallbackEv
                0x0000131c        0xe main.o
 .text._ZN12_GLOBAL__N_114buttonCallbackEv
                0x0000132a        0xe main.o
 .text._ZNK6driver15SerialInterface6printfIJEEEbPKcDpRKT_
                0x00001338       0x1c main.o
                0x00001338                _ZNK6driver15SerialInterface6printfIJEEEbPKcDpRKT_
                0x00001338                _ZNK6driver15SerialInterface6printfIIEEEbPKcDpRKT_
 .text._ZNK6driver15SerialInterface6printfIJiiEEEbPKcDpRKT_
                0x00001354       0xaa main.o
                0x00001354                _ZNK6driver15SerialInterface6printfIIiiEEEbPKcDpRKT_
                0x00001354                _ZNK6driver15SerialInterface6printfIJiiEEEbPKcDpRKT_
 .text.main     0x000013fe      0x150 main.o
                0x000013fe                main
 .text._ZN6target6SystemD2Ev
                0x0000154e       0x6c target/source/system.o
                0x0000154e                _ZN6target6SystemD2Ev
                0x0000154e                _ZN6target6SystemD1Ev
 .text._ZN6target6System28handleDebounceTimerInterruptEv
                0x000015ba       0x32 target/source/system.o
                0x000015ba                _ZN6target6System28handleDebounceTimerInterruptEv
 .text._ZN6target6System26handleToggleTimerInterruptEv
                0x000015ec       0x2a target/source/system.o
                0x000015ec                _ZN6target6System26handleToggleTimerInterruptEv
 .text._ZN6target6System3runEv
                0x00001616       0x22 target/source/system.o
                0x00001616                _ZN6target6System3runEv
 .text._ZNK6driver15EepromInterface5writeIbEEbjRKT_
                0x00001638       0x98 target/source/system.o
                0x00001638                _ZNK6driver15EepromInterface5writeIbEEbjRKT_
 .text._ZN6target6System21writeLedStateToEepromEv
                0x000016d0       0x4a target/source/system.o
                0x000016d0                _ZN6target6System21writeLedStateToEepromEv
 .text._ZN6target6System19handleButtonPressedEv
                0x0000171a       0x74 target/source/system.o
                0x0000171a                _ZN6target6System19handleButtonPressedEv
 .text._ZN6target6System21handleButtonInterruptEv
                0x0000178e       0x4e target/source/system.o
                0x0000178e                _ZN6target6System21handleButtonInterruptEv
 .text._ZNK6driver15EepromInterface4readIhEEbjRT_
                0x000017dc       0xa8 target/source/system.o
                0x000017dc                _ZNK6driver15EepromInterface4readIhEEbjRT_
 .text._ZNK6target6System22readLedStateFromEepromEv
                0x00001884       0x36 target/source/system.o
                0x00001884                _ZNK6target6System22readLedStateFromEepromEv
 .text._ZN6target6System21checkLedStateInEepromEv
                0x000018ba       0x32 target/source/system.o
                0x000018ba                _ZN6target6System21checkLedStateInEepromEv
 .text._ZN6target6SystemC2ERN6driver13GpioInterfaceES3_RNS1_14TimerInterfaceES5_RNS1_15SerialInterfaceERNS1_17WatchdogInterfaceERNS1_15EepromInterfaceERNS1_12AdcInterfaceE
                0x000018ec       0xda target/source/system.o
                0x000018ec                _ZN6target6SystemC2ERN6driver13GpioInterfaceES3_RNS1_14TimerInterfaceES5_RNS1_15SerialInterfaceERNS1_17WatchdogInterfaceERNS1_15EepromInterfaceERNS1_12AdcInterfaceE
                0x000018ec                _ZN6target6SystemC1ERN6driver13GpioInterfaceES3_RNS1_14TimerInterfaceES5_RNS1_15SerialInterfaceERNS1_17WatchdogInterfaceERNS1_15EepromInterfaceERNS1_12AdcInterfaceE
 .text._ZN5utils21globalInterruptEnableEv
                0x000019c6        0x4 utils/source/utils.o
                0x000019c6                _ZN5utils21globalInterruptEnableEv
 .text._ZN5utils22globalInterruptDisableEv
                0x000019ca        0x4 utils/source/utils.o
                0x000019ca                _ZN5utils22globalInterruptDisableEv
 .text._ZdlPvj  0x000019ce        0x2 utils/source/utils.o
                0x000019ce                _ZdlPvj
 .text.__cxa_pure_virtual
                0x000019d0        0x2 utils/source/utils.o
                0x000019d0                __cxa_pure_virtual
 .text.__cxa_guard_acquire
                0x000019d2       0x12 utils/source/utils.o
                0x000019d2                __cxa_guard_acquire
 .text.__cxa_guard_release
                0x000019e4        0x8 utils/source/utils.o
                0x000019e4                __cxa_guard_release
 .text.avr-libc.fplib
                0x000019ec        0xe c:/program files (x86)/atmel/studio/7.0/toolchain/avr8/avr8-gnu-toolchain/bin/../lib/gcc/avr/5.4.0/../../../../avr/lib/avr5\libm.a(addsf3.o)
                0x000019ec                __subsf3
                0x000019ee                __addsf3
 .text.avr-libc.fplib
                0x000019fa       0xcc c:/program files (x86)/atmel/studio/7.0/toolchain/avr8/avr8-gnu-toolchain/bin/../lib/gcc/avr/5.4.0/../../../../avr/lib/avr5\libm.a(addsf3x.o)
                0x00001a1c                __addsf3x
 .text.avr-libc.fplib
                0x00001ac6        0x8 c:/program files (x86)/atmel/studio/7.0/toolchain/avr8/avr8-gnu-toolchain/bin/../lib/gcc/avr/5.4.0/../../../../avr/lib/avr5\libm.a(divsf3.o)
                0x00001ac6                __divsf3
 .text.avr-libc.fplib
                0x00001ace       0xdc c:/program files (x86)/atmel/studio/7.0/toolchain/avr8/avr8-gnu-toolchain/bin/../lib/gcc/avr/5.4.0/../../../../avr/lib/avr5\libm.a(divsf3x.o)
                0x00001aee                __divsf3x
                0x00001af4                __divsf3_pse
 .text.avr-libc.fplib
                0x00001baa       0x5e c:/program files (x86)/atmel/studio/7.0/toolchain/avr8/avr8-gnu-toolchain/bin/../lib/gcc/avr/5.4.0/../../../../avr/lib/avr5\libm.a(fixunssfsi.o)
                0x00001baa                __fixunssfsi
 .text.avr-libc.fplib
                0x00001c08       0x7a c:/program files (x86)/atmel/studio/7.0/toolchain/avr8/avr8-gnu-toolchain/bin/../lib/gcc/avr/5.4.0/../../../../avr/lib/avr5\libm.a(floatsisf.o)
                0x00001c08                __floatunsisf
                0x00001c0c                __floatsisf
 .text.avr-libc.fplib
                0x00001c82        0xc c:/program files (x86)/atmel/studio/7.0/toolchain/avr8/avr8-gnu-toolchain/bin/../lib/gcc/avr/5.4.0/../../../../avr/lib/avr5\libm.a(fp_inf.o)
                0x00001c82                __fp_inf
 .text.avr-libc.fplib
                0x00001c8e        0x6 c:/program files (x86)/atmel/studio/7.0/toolchain/avr8/avr8-gnu-toolchain/bin/../lib/gcc/avr/5.4.0/../../../../avr/lib/avr5\libm.a(fp_nan.o)
                0x00001c8e                __fp_nan
 .text.avr-libc.fplib
                0x00001c94        0xe c:/program files (x86)/atmel/studio/7.0/toolchain/avr8/avr8-gnu-toolchain/bin/../lib/gcc/avr/5.4.0/../../../../avr/lib/avr5\libm.a(fp_pscA.o)
                0x00001c94                __fp_pscA
 .text.avr-libc.fplib
                0x00001ca2        0xe c:/program files (x86)/atmel/studio/7.0/toolchain/avr8/avr8-gnu-toolchain/bin/../lib/gcc/avr/5.4.0/../../../../avr/lib/avr5\libm.a(fp_pscB.o)
                0x00001ca2                __fp_pscB
 .text.avr-libc.fplib
                0x00001cb0       0x22 c:/program files (x86)/atmel/studio/7.0/toolchain/avr8/avr8-gnu-toolchain/bin/../lib/gcc/avr/5.4.0/../../../../avr/lib/avr5\libm.a(fp_round.o)
                0x00001cb0                __fp_round
 .text.avr-libc.fplib
                0x00001cd2       0x44 c:/program files (x86)/atmel/studio/7.0/toolchain/avr8/avr8-gnu-toolchain/bin/../lib/gcc/avr/5.4.0/../../../../avr/lib/avr5\libm.a(fp_split3.o)
                0x00001cd2                __fp_split3
                0x00001ce2                __fp_splitA
 .text.avr-libc.fplib
                0x00001d16        0xe c:/program files (x86)/atmel/studio/7.0/toolchain/avr8/avr8-gnu-toolchain/bin/../lib/gcc/avr/5.4.0/../../../../avr/lib/avr5\libm.a(fp_zero.o)
                0x00001d16                __fp_zero
                0x00001d18                __fp_szero
 .text.avr-libc.fplib
                0x00001d24        0x8 c:/program files (x86)/atmel/studio/7.0/toolchain/avr8/avr8-gnu-toolchain/bin/../lib/gcc/avr/5.4.0/../../../../avr/lib/avr5\libm.a(mulsf3.o)
                0x00001d24                __mulsf3
 .text.avr-libc.fplib
                0x00001d2c       0xd2 c:/program files (x86)/atmel/studio/7.0/toolchain/avr8/avr8-gnu-toolchain/bin/../lib/gcc/avr/5.4.0/../../../../avr/lib/avr5\libm.a(mulsf3x.o)
                0x00001d4a                __mulsf3x
                0x00001d50                __mulsf3_pse
 .text.libgcc.builtins
                0x00001dfe       0x32 c:/program files (x86)/atmel/studio/7.0/toolchain/avr8/avr8-gnu-toolchain/bin/../lib/gcc/avr/5.4.0/avr5\libgcc.a(_ashldi3.o)
                0x00001dfe                __ashldi3
 .text.libgcc.builtins
                0x00001e30       0x3c c:/program files (x86)/atmel/studio/7.0/toolchain/avr8/avr8-gnu-toolchain/bin/../lib/gcc/avr/5.4.0/avr5\libgcc.a(_ashrdi3.o)
                0x00001e30                __ashrdi3
                0x00001e34                __lshrdi3
 .text.libgcc   0x00001e6c       0x18 c:/program files (x86)/atmel/studio/7.0/toolchain/avr8/avr8-gnu-toolchain/bin/../lib/gcc/avr/5.4.0/avr5\libgcc.a(_cmpdi2_s8.o)
                0x00001e6c                __cmpdi2_s8
 .text.libgcc   0x00001e84        0xc c:/program files (x86)/atmel/studio/7.0/toolchain/avr8/avr8-gnu-toolchain/bin/../lib/gcc/avr/5.4.0/avr5\libgcc.a(_tablejump2.o)
                0x00001e84                __tablejump2__
 .text.avr-libc
                0x00001e90      0x242 c:/program files (x86)/atmel/studio/7.0/toolchain/avr8/avr8-gnu-toolchain/bin/../lib/gcc/avr/5.4.0/../../../../avr/lib/avr5\libc.a(malloc.o)
                0x00001e90                malloc
                0x00001fc0                free
 .text.avr-libc
                0x000020d2       0x60 c:/program files (x86)/atmel/studio/7.0/toolchain/avr8/avr8-gnu-toolchain/bin/../lib/gcc/avr/5.4.0/../../../../avr/lib/avr5\libc.a(snprintf.o)
                0x000020d2                snprintf
 .text.avr-libc
                0x00002132      0x3c2 c:/program files (x86)/atmel/studio/7.0/toolchain/avr8/avr8-gnu-toolchain/bin/../lib/gcc/avr/5.4.0/../../../../avr/lib/avr5\libc.a(vfprintf_std.o)
                0x00002132                vfprintf
 .text.avr-libc
                0x000024f4       0x16 c:/program files (x86)/atmel/studio/7.0/toolchain/avr8/avr8-gnu-toolchain/bin/../lib/gcc/avr/5.4.0/../../../../avr/lib/avr5\libc.a(strnlen_P.o)
                0x000024f4                strnlen_P
 .text.avr-libc
                0x0000250a       0x16 c:/program files (x86)/atmel/studio/7.0/toolchain/avr8/avr8-gnu-toolchain/bin/../lib/gcc/avr/5.4.0/../../../../avr/lib/avr5\libc.a(strnlen.o)
                0x0000250a                strnlen
 .text.avr-libc
                0x00002520       0x78 c:/program files (x86)/atmel/studio/7.0/toolchain/avr8/avr8-gnu-toolchain/bin/../lib/gcc/avr/5.4.0/../../../../avr/lib/avr5\libc.a(fputc.o)
                0x00002520                fputc
 .text.avr-libc
                0x00002598       0xbc c:/program files (x86)/atmel/studio/7.0/toolchain/avr8/avr8-gnu-toolchain/bin/../lib/gcc/avr/5.4.0/../../../../avr/lib/avr5\libc.a(ultoa_invert.o)
                0x00002598                __ultoa_invert
 .text.libgcc.prologue
                0x00002654       0x38 c:/program files (x86)/atmel/studio/7.0/toolchain/avr8/avr8-gnu-toolchain/bin/../lib/gcc/avr/5.4.0/avr5\libgcc.a(_prologue.o)
                0x00002654                __prologue_saves__
 .text.libgcc.prologue
                0x0000268c       0x36 c:/program files (x86)/atmel/studio/7.0/toolchain/avr8/avr8-gnu-toolchain/bin/../lib/gcc/avr/5.4.0/avr5\libgcc.a(_epilogue.o)
                0x0000268c                __epilogue_restores__
                0x000026c2                . = ALIGN (0x2)
 *(.fini9)
 .fini9         0x000026c2        0x0 c:/program files (x86)/atmel/studio/7.0/toolchain/avr8/avr8-gnu-toolchain/bin/../lib/gcc/avr/5.4.0/avr5\libgcc.a(_exit.o)
                0x000026c2                _exit
                0x000026c2                exit
 *(.fini9)
 *(.fini8)
 .fini8         0x000026c2        0x4 c:/program files (x86)/atmel/studio/7.0/toolchain/avr8/avr8-gnu-toolchain/bin/../lib/gcc/avr/5.4.0/../../../../avr/lib/avr5\libc.a(atexit.o)
 *(.fini8)
 *(.fini7)
 *(.fini7)
 *(.fini6)
 .fini6         0x000026c6       0x16 c:/program files (x86)/atmel/studio/7.0/toolchain/avr8/avr8-gnu-toolchain/bin/../lib/gcc/avr/5.4.0/avr5\libgcc.a(_dtors.o)
                0x000026c6                __do_global_dtors
 *(.fini6)
 *(.fini5)
 *(.fini5)
 *(.fini4)
 *(.fini4)
 *(.fini3)
 *(.fini3)
 *(.fini2)
 *(.fini2)
 *(.fini1)
 *(.fini1)
 *(.fini0)
 .fini0         0x000026dc        0x4 c:/program files (x86)/atmel/studio/7.0/toolchain/avr8/avr8-gnu-toolchain/bin/../lib/gcc/avr/5.4.0/avr5\libgcc.a(_exit.o)
 *(.fini0)
                0x000026e0                _etext = .

.data           0x00800100      0x1ae load address 0x000026e0
                0x00800100                PROVIDE (__data_start, .)
 *(.data)
 .data          0x00800100        0x6 c:/program files (x86)/atmel/studio/7.0/toolchain/avr8/avr8-gnu-toolchain/bin/../lib/gcc/avr/5.4.0/../../../../avr/lib/avr5\libc.a(malloc.o)
                0x00800100                __malloc_heap_end
                0x00800102                __malloc_heap_start
                0x00800104                __malloc_margin
 *(.data*)
 .data._ZN6driver10atmega328p4Gpio9myHwPortDE
                0x00800106        0xa driver/atmega328p/source/gpio.o
                0x00800106                _ZN6driver10atmega328p4Gpio9myHwPortDE
 .data._ZN6driver10atmega328p4Gpio9myHwPortCE
                0x00800110        0xa driver/atmega328p/source/gpio.o
                0x00800110                _ZN6driver10atmega328p4Gpio9myHwPortCE
 .data._ZN6driver10atmega328p4Gpio9myHwPortBE
                0x0080011a        0xa driver/atmega328p/source/gpio.o
                0x0080011a                _ZN6driver10atmega328p4Gpio9myHwPortBE
 *(.gnu.linkonce.d*)
 *(.rodata)
 *(.rodata*)
 .rodata._ZTVN6driver12AdcInterfaceE
                0x00800124       0x1a driver/atmega328p/source/adc.o
                0x00800124                _ZTVN6driver12AdcInterfaceE
 .rodata._ZTVN6driver10atmega328p3AdcE
                0x0080013e       0x1a driver/atmega328p/source/adc.o
                0x0080013e                _ZTVN6driver10atmega328p3AdcE
 .rodata._ZTVN6driver15EepromInterfaceE
                0x00800158       0x14 driver/atmega328p/source/eeprom.o
                0x00800158                _ZTVN6driver15EepromInterfaceE
 .rodata._ZTVN6driver10atmega328p6EepromE
                0x0080016c       0x14 driver/atmega328p/source/eeprom.o
                0x0080016c                _ZTVN6driver10atmega328p6EepromE
 .rodata._ZTVN6driver13GpioInterfaceE
                0x00800180       0x14 driver/atmega328p/source/gpio.o
                0x00800180                _ZTVN6driver13GpioInterfaceE
 .rodata._ZTVN6driver10atmega328p4GpioE
                0x00800194       0x14 driver/atmega328p/source/gpio.o
                0x00800194                _ZTVN6driver10atmega328p4GpioE
 .rodata._ZTVN6driver15SerialInterfaceE
                0x008001a8       0x12 driver/atmega328p/source/serial.o
                0x008001a8                _ZTVN6driver15SerialInterfaceE
 .rodata._ZTVN6driver10atmega328p6SerialE
                0x008001ba       0x12 driver/atmega328p/source/serial.o
                0x008001ba                _ZTVN6driver10atmega328p6SerialE
 .rodata._ZTVN6driver14TimerInterfaceE
                0x008001cc       0x1a driver/atmega328p/source/timer.o
                0x008001cc                _ZTVN6driver14TimerInterfaceE
 .rodata._ZTVN6driver10atmega328p5TimerE
                0x008001e6       0x1a driver/atmega328p/source/timer.o
                0x008001e6                _ZTVN6driver10atmega328p5TimerE
 .rodata._ZTVN6driver17WatchdogInterfaceE
                0x00800200       0x12 driver/atmega328p/source/watchdog.o
                0x00800200                _ZTVN6driver17WatchdogInterfaceE
 .rodata._ZTVN6driver10atmega328p8WatchdogE
                0x00800212       0x12 driver/atmega328p/source/watchdog.o
                0x00800212                _ZTVN6driver10atmega328p8WatchdogE
 .rodata.str1.1
                0x00800224       0x22 main.o
 .rodata.str1.1
                0x00800246       0x68 target/source/system.o
 *(.gnu.linkonce.r*)
                0x008002ae                . = ALIGN (0x2)
                0x008002ae                _edata = .
                0x008002ae                PROVIDE (__data_end, .)

.bss            0x008002ae       0x4c
                0x008002ae                PROVIDE (__bss_start, .)
 *(.bss)
 .bss           0x008002ae        0x2 c:/program files (x86)/atmel/studio/7.0/toolchain/avr8/avr8-gnu-toolchain/bin/../lib/gcc/avr/5.4.0/../../../../avr/lib/avr5\libc.a(atexit.o)
 *(.bss*)
 .bss._ZZN6driver10atmega328p3Adc11getInstanceEvE10myInstance
                0x008002b0        0x3 driver/atmega328p/source/adc.o
 .bss._ZGVZN6driver10atmega328p3Adc11getInstanceEvE10myInstance
                0x008002b3        0x8 driver/atmega328p/source/adc.o
 .bss._ZZN6driver10atmega328p6Eeprom11getInstanceEvE10myInstance
                0x008002bb        0x3 driver/atmega328p/source/eeprom.o
 .bss._ZGVZN6driver10atmega328p6Eeprom11getInstanceEvE10myInstance
                0x008002be        0x8 driver/atmega328p/source/eeprom.o
 .bss._ZN6driver10atmega328p12_GLOBAL__N_19GpioParam11pinRegistryE
                0x008002c6        0x4 driver/atmega328p/source/gpio.o
 .bss._ZN6driver10atmega328p12_GLOBAL__N_19GpioParam9callbacksE
                0x008002ca        0x6 driver/atmega328p/source/gpio.o
 .bss._ZZN6driver10atmega328p6Serial11getInstanceEvE10myInstance
                0x008002d0        0x3 driver/atmega328p/source/serial.o
 .bss._ZGVZN6driver10atmega328p6Serial11getInstanceEvE10myInstance
                0x008002d3        0x8 driver/atmega328p/source/serial.o
 .bss._ZN6driver10atmega328p12_GLOBAL__N_110TimerParam9callbacksE
                0x008002db        0x6 driver/atmega328p/source/timer.o
 .bss._ZN6driver10atmega328p12_GLOBAL__N_110TimerParam6timersE
                0x008002e1        0x6 driver/atmega328p/source/timer.o
 .bss._ZZN6driver10atmega328p8Watchdog11getInstanceEvE10myInstance
                0x008002e7        0x5 driver/atmega328p/source/watchdog.o
 .bss._ZGVZN6driver10atmega328p8Watchdog11getInstanceEvE10myInstance
                0x008002ec        0x8 driver/atmega328p/source/watchdog.o
 .bss._ZN12_GLOBAL__N_15mySysE
                0x008002f4        0x2 main.o
 *(COMMON)
 COMMON         0x008002f6        0x4 c:/program files (x86)/atmel/studio/7.0/toolchain/avr8/avr8-gnu-toolchain/bin/../lib/gcc/avr/5.4.0/../../../../avr/lib/avr5\libc.a(malloc.o)
                0x008002f6                __brkval
                0x008002f8                __flp
                0x008002fa                PROVIDE (__bss_end, .)
                0x000026e0                __data_load_start = LOADADDR (.data)
                0x0000288e                __data_load_end = (__data_load_start + SIZEOF (.data))

.noinit         0x008002fa        0x0
                [!provide]                PROVIDE (__noinit_start, .)
 *(.noinit*)
                [!provide]                PROVIDE (__noinit_end, .)
                0x008002fa                _end = .
                0x008002fa                PROVIDE (__heap_start, .)

.eeprom         0x00810000        0x0
 *(.eeprom*)
                0x00810000                __eeprom_end = .

.fuse
 *(.fuse)
 *(.lfuse)
 *(.hfuse)
 *(.efuse)

.lock
 *(.lock*)

.signature
 *(.signature*)

.user_signatures
 *(.user_signatures*)

.stab
 *(.stab)

.stabstr
 *(.stabstr)

.stab.excl
 *(.stab.excl)

.stab.exclstr
 *(.stab.exclstr)

.stab.index
 *(.stab.index)

.stab.indexstr
 *(.stab.indexstr)

.comment        0x00000000       0x5c
 *(.comment)
 .comment       0x00000000       0x30 driver/atmega328p/source/adc.o
                                 0x31 (size before relaxing)
 .comment       0x00000030       0x31 driver/atmega328p/source/eeprom.o
 .comment       0x00000030       0x31 driver/atmega328p/source/gpio.o
 .comment       0x00000030       0x31 driver/atmega328p/source/serial.o
 .comment       0x00000030       0x31 driver/atmega328p/source/timer.o
 .comment       0x00000030       0x31 driver/atmega328p/source/watchdog.o
 .comment       0x00000030       0x31 main.o
 .comment       0x00000030       0x31 target/source/system.o
 .comment       0x00000030       0x31 utils/source/utils.o
 .comment       0x00000030       0x31 c:/program files (x86)/atmel/studio/7.0/toolchain/avr8/avr8-gnu-toolchain/bin/../lib/gcc/avr/5.4.0/../../../../avr/lib/avr5\libc.a(atexit.o)
 .comment       0x00000030       0x31 c:/program files (x86)/atmel/studio/7.0/toolchain/avr8/avr8-gnu-toolchain/bin/../lib/gcc/avr/5.4.0/../../../../avr/lib/avr5\libc.a(malloc.o)
 .comment       0x00000030       0x31 c:/program files (x86)/atmel/studio/7.0/toolchain/avr8/avr8-gnu-toolchain/bin/../lib/gcc/avr/5.4.0/../../../../avr/lib/avr5\libc.a(snprintf.o)
 .comment       0x00000030       0x2c c:/program files (x86)/atmel/studio/7.0/toolchain/avr8/avr8-gnu-toolchain/bin/../lib/gcc/avr/5.4.0/../../../../avr/lib/avr5\libc.a(vfprintf_std.o)
                                 0x2d (size before relaxing)
 .comment       0x0000005c       0x31 c:/program files (x86)/atmel/studio/7.0/toolchain/avr8/avr8-gnu-toolchain/bin/../lib/gcc/avr/5.4.0/../../../../avr/lib/avr5\libc.a(fputc.o)

.note.gnu.avr.deviceinfo
                0x00000000       0x40
 .note.gnu.avr.deviceinfo
                0x00000000       0x40 C:/Program Files (x86)/Atmel/Studio/7.0/Packs/atmel/ATmega_DFP/1.7.374/gcc/dev/atmega328p/avr5/crtatmega328p.o

.note.gnu.build-id
 *(.note.gnu.build-id)

.debug
 *(.debug)

.line
 *(.line)

.debug_srcinfo
 *(.debug_srcinfo)

.debug_sfnames
 *(.debug_sfnames)

.debug_aranges  0x00000000      0x540
 *(.debug_aranges)
 .debug_aranges
                0x00000000       0x88 driver/atmega328p/source/adc.o
 .debug_aranges
                0x00000088       0x70 driver/atmega328p/source/eeprom.o
 .debug_aranges
                0x000000f8      0x108 driver/atmega328p/source/gpio.o
 .debug_aranges
                0x00000200       0x70 driver/atmega328p/source/serial.o
 .debug_aranges
                0x00000270      0x120 driver/atmega328p/source/timer.o
 .debug_aranges
                0x00000390       0x78 driver/atmega328p/source/watchdog.o
 .debug_aranges
                0x00000408       0x48 main.o
 .debug_aranges
                0x00000450       0x88 target/source/system.o
 .debug_aranges
                0x000004d8       0x68 utils/source/utils.o

.debug_pubnames
 *(.debug_pubnames)

.debug_info     0x00000000     0x89c7
 *(.debug_info .gnu.linkonce.wi.*)
 .debug_info    0x00000000      0x5f4 C:/Program Files (x86)/Atmel/Studio/7.0/Packs/atmel/ATmega_DFP/1.7.374/gcc/dev/atmega328p/avr5/crtatmega328p.o
 .debug_info    0x000005f4     0x1161 driver/atmega328p/source/adc.o
 .debug_info    0x00001755      0xa59 driver/atmega328p/source/eeprom.o
 .debug_info    0x000021ae     0x1e91 driver/atmega328p/source/gpio.o
 .debug_info    0x0000403f      0xac6 driver/atmega328p/source/serial.o
 .debug_info    0x00004b05     0x18fd driver/atmega328p/source/timer.o
 .debug_info    0x00006402      0xc28 driver/atmega328p/source/watchdog.o
 .debug_info    0x0000702a      0xa08 main.o
 .debug_info    0x00007a32      0xb9a target/source/system.o
 .debug_info    0x000085cc      0x3fb utils/source/utils.o

.debug_abbrev   0x00000000     0x2aec
 *(.debug_abbrev)
 .debug_abbrev  0x00000000      0x5a2 C:/Program Files (x86)/Atmel/Studio/7.0/Packs/atmel/ATmega_DFP/1.7.374/gcc/dev/atmega328p/avr5/crtatmega328p.o
 .debug_abbrev  0x000005a2      0x438 driver/atmega328p/source/adc.o
 .debug_abbrev  0x000009da      0x401 driver/atmega328p/source/eeprom.o
 .debug_abbrev  0x00000ddb      0x5d4 driver/atmega328p/source/gpio.o
 .debug_abbrev  0x000013af      0x44b driver/atmega328p/source/serial.o
 .debug_abbrev  0x000017fa      0x5fe driver/atmega328p/source/timer.o
 .debug_abbrev  0x00001df8      0x448 driver/atmega328p/source/watchdog.o
 .debug_abbrev  0x00002240      0x361 main.o
 .debug_abbrev  0x000025a1      0x33f target/source/system.o
 .debug_abbrev  0x000028e0      0x20c utils/source/utils.o

.debug_line     0x00000000     0x2868
 *(.debug_line .debug_line.* .debug_line_end)
 .debug_line    0x00000000      0x134 C:/Program Files (x86)/Atmel/Studio/7.0/Packs/atmel/ATmega_DFP/1.7.374/gcc/dev/atmega328p/avr5/crtatmega328p.o
 .debug_line    0x00000134      0x354 driver/atmega328p/source/adc.o
 .debug_line    0x00000488      0x2ee driver/atmega328p/source/eeprom.o
 .debug_line    0x00000776      0x850 driver/atmega328p/source/gpio.o
 .debug_line    0x00000fc6      0x2ea driver/atmega328p/source/serial.o
 .debug_line    0x000012b0      0x847 driver/atmega328p/source/timer.o
 .debug_line    0x00001af7      0x38a driver/atmega328p/source/watchdog.o
 .debug_line    0x00001e81      0x338 main.o
 .debug_line    0x000021b9      0x453 target/source/system.o
 .debug_line    0x0000260c      0x25c utils/source/utils.o

.debug_frame    0x00000000      0xf4c
 *(.debug_frame)
 .debug_frame   0x00000000       0xfc driver/atmega328p/source/adc.o
 .debug_frame   0x000000fc       0xdc driver/atmega328p/source/eeprom.o
 .debug_frame   0x000001d8      0x408 driver/atmega328p/source/gpio.o
 .debug_frame   0x000005e0       0xd8 driver/atmega328p/source/serial.o
 .debug_frame   0x000006b8      0x3f0 driver/atmega328p/source/timer.o
 .debug_frame   0x00000aa8       0xf8 driver/atmega328p/source/watchdog.o
 .debug_frame   0x00000ba0       0xf0 main.o
 .debug_frame   0x00000c90      0x208 target/source/system.o
 .debug_frame   0x00000e98       0xb4 utils/source/utils.o

.debug_str      0x00000000     0x3a11
 *(.debug_str)
 .debug_str     0x00000000      0x208 C:/Program Files (x86)/Atmel/Studio/7.0/Packs/atmel/ATmega_DFP/1.7.374/gcc/dev/atmega328p/avr5/crtatmega328p.o
 .debug_str     0x00000208      0x9cf driver/atmega328p/source/adc.o
                                0xa21 (size before relaxing)
 .debug_str     0x00000bd7      0x509 driver/atmega328p/source/eeprom.o
                                0x7eb (size before relaxing)
 .debug_str     0x000010e0      0xfae driver/atmega328p/source/gpio.o
                               0x1321 (size before relaxing)
 .debug_str     0x0000208e      0x43f driver/atmega328p/source/serial.o
                                0x7dd (size before relaxing)
 .debug_str     0x000024cd      0x8b8 driver/atmega328p/source/timer.o
                               0x129a (size before relaxing)
 .debug_str     0x00002d85      0x547 driver/atmega328p/source/watchdog.o
                                0x95d (size before relaxing)
 .debug_str     0x000032cc      0x50f main.o
                                0x7ff (size before relaxing)
 .debug_str     0x000037db      0x152 target/source/system.o
                                0x805 (size before relaxing)
 .debug_str     0x0000392d       0xe4 utils/source/utils.o
                                0x366 (size before relaxing)

.debug_loc      0x00000000     0x3f99
 *(.debug_loc)
 .debug_loc     0x00000000      0x4df driver/atmega328p/source/adc.o
 .debug_loc     0x000004df      0x2f1 driver/atmega328p/source/eeprom.o
 .debug_loc     0x000007d0     0x13ca driver/atmega328p/source/gpio.o
 .debug_loc     0x00001b9a      0x27a driver/atmega328p/source/serial.o
 .debug_loc     0x00001e14      0xe11 driver/atmega328p/source/timer.o
 .debug_loc     0x00002c25      0x4c9 driver/atmega328p/source/watchdog.o
 .debug_loc     0x000030ee      0x39d main.o
 .debug_loc     0x0000348b      0x930 target/source/system.o
 .debug_loc     0x00003dbb      0x1de utils/source/utils.o

.debug_macinfo
 *(.debug_macinfo)

.debug_weaknames
 *(.debug_weaknames)

.debug_funcnames
 *(.debug_funcnames)

.debug_typenames
 *(.debug_typenames)

.debug_varnames
 *(.debug_varnames)

.debug_pubtypes
 *(.debug_pubtypes)

.debug_ranges   0x00000000      0x4b0
 *(.debug_ranges)
 .debug_ranges  0x00000000       0x78 driver/atmega328p/source/adc.o
 .debug_ranges  0x00000078       0x60 driver/atmega328p/source/eeprom.o
 .debug_ranges  0x000000d8       0xf8 driver/atmega328p/source/gpio.o
 .debug_ranges  0x000001d0       0x60 driver/atmega328p/source/serial.o
 .debug_ranges  0x00000230      0x110 driver/atmega328p/source/timer.o
 .debug_ranges  0x00000340       0x68 driver/atmega328p/source/watchdog.o
 .debug_ranges  0x000003a8       0x38 main.o
 .debug_ranges  0x000003e0       0x78 target/source/system.o
 .debug_ranges  0x00000458       0x58 utils/source/utils.o

.debug_macro
 *(.debug_macro)
OUTPUT(ATmega328P_factory.elf elf32-avr)
LOAD linker stubs
