Archive member included to satisfy reference by file (symbol)

c:/program files (x86)/atmel/studio/7.0/toolchain/avr8/avr8-gnu-toolchain/bin/../lib/gcc/avr/5.4.0/../../../../avr/lib/avr5\libm.a(addsf3.o)
                              ml/source/ml/lin_reg/lin_reg.o (__subsf3)
c:/program files (x86)/atmel/studio/7.0/toolchain/avr8/avr8-gnu-toolchain/bin/../lib/gcc/avr/5.4.0/../../../../avr/lib/avr5\libm.a(addsf3x.o)
                              c:/program files (x86)/atmel/studio/7.0/toolchain/avr8/avr8-gnu-toolchain/bin/../lib/gcc/avr/5.4.0/../../../../avr/lib/avr5\libm.a(addsf3.o) (__addsf3x)
c:/program files (x86)/atmel/studio/7.0/toolchain/avr8/avr8-gnu-toolchain/bin/../lib/gcc/avr/5.4.0/../../../../avr/lib/avr5\libm.a(cmpsf2.o)
                              ml/source/ml/lin_reg/lin_reg.o (__eqsf2)
c:/program files (x86)/atmel/studio/7.0/toolchain/avr8/avr8-gnu-toolchain/bin/../lib/gcc/avr/5.4.0/../../../../avr/lib/avr5\libm.a(divsf3.o)
                              driver/atmega328p/source/adc.o (__divsf3)
c:/program files (x86)/atmel/studio/7.0/toolchain/avr8/avr8-gnu-toolchain/bin/../lib/gcc/avr/5.4.0/../../../../avr/lib/avr5\libm.a(divsf3x.o)
                              c:/program files (x86)/atmel/studio/7.0/toolchain/avr8/avr8-gnu-toolchain/bin/../lib/gcc/avr/5.4.0/../../../../avr/lib/avr5\libm.a(divsf3.o) (__divsf3x)
c:/program files (x86)/atmel/studio/7.0/toolchain/avr8/avr8-gnu-toolchain/bin/../lib/gcc/avr/5.4.0/../../../../avr/lib/avr5\libm.a(fixunssfsi.o)
                              driver/atmega328p/source/timer.o (__fixunssfsi)
c:/program files (x86)/atmel/studio/7.0/toolchain/avr8/avr8-gnu-toolchain/bin/../lib/gcc/avr/5.4.0/../../../../avr/lib/avr5\libm.a(floatsisf.o)
                              driver/atmega328p/source/adc.o (__floatunsisf)
c:/program files (x86)/atmel/studio/7.0/toolchain/avr8/avr8-gnu-toolchain/bin/../lib/gcc/avr/5.4.0/../../../../avr/lib/avr5\libm.a(fp_cmp.o)
                              c:/program files (x86)/atmel/studio/7.0/toolchain/avr8/avr8-gnu-toolchain/bin/../lib/gcc/avr/5.4.0/../../../../avr/lib/avr5\libm.a(cmpsf2.o) (__fp_cmp)
c:/program files (x86)/atmel/studio/7.0/toolchain/avr8/avr8-gnu-toolchain/bin/../lib/gcc/avr/5.4.0/../../../../avr/lib/avr5\libm.a(fp_inf.o)
                              c:/program files (x86)/atmel/studio/7.0/toolchain/avr8/avr8-gnu-toolchain/bin/../lib/gcc/avr/5.4.0/../../../../avr/lib/avr5\libm.a(addsf3x.o) (__fp_inf)
c:/program files (x86)/atmel/studio/7.0/toolchain/avr8/avr8-gnu-toolchain/bin/../lib/gcc/avr/5.4.0/../../../../avr/lib/avr5\libm.a(fp_nan.o)
                              c:/program files (x86)/atmel/studio/7.0/toolchain/avr8/avr8-gnu-toolchain/bin/../lib/gcc/avr/5.4.0/../../../../avr/lib/avr5\libm.a(addsf3x.o) (__fp_nan)
c:/program files (x86)/atmel/studio/7.0/toolchain/avr8/avr8-gnu-toolchain/bin/../lib/gcc/avr/5.4.0/../../../../avr/lib/avr5\libm.a(fp_pscA.o)
                              c:/program files (x86)/atmel/studio/7.0/toolchain/avr8/avr8-gnu-toolchain/bin/../lib/gcc/avr/5.4.0/../../../../avr/lib/avr5\libm.a(addsf3x.o) (__fp_pscA)
c:/program files (x86)/atmel/studio/7.0/toolchain/avr8/avr8-gnu-toolchain/bin/../lib/gcc/avr/5.4.0/../../../../avr/lib/avr5\libm.a(fp_pscB.o)
                              c:/program files (x86)/atmel/studio/7.0/toolchain/avr8/avr8-gnu-toolchain/bin/../lib/gcc/avr/5.4.0/../../../../avr/lib/avr5\libm.a(addsf3x.o) (__fp_pscB)
c:/program files (x86)/atmel/studio/7.0/toolchain/avr8/avr8-gnu-toolchain/bin/../lib/gcc/avr/5.4.0/../../../../avr/lib/avr5\libm.a(fp_round.o)
                              c:/program files (x86)/atmel/studio/7.0/toolchain/avr8/avr8-gnu-toolchain/bin/../lib/gcc/avr/5.4.0/../../../../avr/lib/avr5\libm.a(addsf3.o) (__fp_round)
c:/program files (x86)/atmel/studio/7.0/toolchain/avr8/avr8-gnu-toolchain/bin/../lib/gcc/avr/5.4.0/../../../../avr/lib/avr5\libm.a(fp_split3.o)
                              c:/program files (x86)/atmel/studio/7.0/toolchain/avr8/avr8-gnu-toolchain/bin/../lib/gcc/avr/5.4.0/../../../../avr/lib/avr5\libm.a(addsf3x.o) (__fp_split3)
c:/program files (x86)/atmel/studio/7.0/toolchain/avr8/avr8-gnu-toolchain/bin/../lib/gcc/avr/5.4.0/../../../../avr/lib/avr5\libm.a(fp_zero.o)
                              c:/program files (x86)/atmel/studio/7.0/toolchain/avr8/avr8-gnu-toolchain/bin/../lib/gcc/avr/5.4.0/../../../../avr/lib/avr5\libm.a(addsf3x.o) (__fp_zero)
c:/program files (x86)/atmel/studio/7.0/toolchain/avr8/avr8-gnu-toolchain/bin/../lib/gcc/avr/5.4.0/../../../../avr/lib/avr5\libm.a(gesf2.o)
                              ml/source/ml/lin_reg/lin_reg.o (__gesf2)
c:/program files (x86)/atmel/studio/7.0/toolchain/avr8/avr8-gnu-toolchain/bin/../lib/gcc/avr/5.4.0/../../../../avr/lib/avr5\libm.a(mulsf3.o)
                              driver/atmega328p/source/adc.o (__mulsf3)
c:/program files (x86)/atmel/studio/7.0/toolchain/avr8/avr8-gnu-toolchain/bin/../lib/gcc/avr/5.4.0/../../../../avr/lib/avr5\libm.a(mulsf3x.o)
[...]
Memory Configuration

Name             Origin             Length             Attributes
text             0x00000000         0x00008000         xr
data             0x00800100         0x00000800         rw !x
eeprom           0x00810000         0x00000400         rw !x
fuse             0x00820000         0x00000003         rw !x
lock             0x00830000         0x00000400         rw !x
signature        0x00840000         0x00000400         rw !x
user_signatures  0x00850000         0x00000400         rw !x
*default*        0x00000000         0xffffffff

Linker script and memory map

Address of section .data set to 0x800100
LOAD C:/Program Files (x86)/Atmel/Studio/7.0/Packs/atmel/ATmega_DFP/1.7.374/gcc/dev/atmega328p/avr5/crtatmega328p.o
LOAD driver/atmega328p/source/adc.o
LOAD driver/atmega328p/source/eeprom.o
LOAD driver/atmega328p/source/gpio.o
LOAD driver/atmega328p/source/serial.o
LOAD driver/atmega328p/source/timer.o
LOAD driver/atmega328p/source/watchdog.o
LOAD main.o
LOAD ml/source/ml/lin_reg/lin_reg.o
LOAD target/source/system.o
LOAD utils/source/utils.o
START GROUP
LOAD c:/program files (x86)/atmel/studio/7.0/toolchain/avr8/avr8-gnu-toolchain/bin/../lib/gcc/avr/5.4.0/../../../../avr/lib/avr5\libm.a
END GROUP
LOAD c:/program files (x86)/atmel/studio/7.0/toolchain/avr8/avr8-gnu-toolchain/bin/../lib/gcc/avr/5.4.0/avr5\libgcc.a
LOAD c:/program files (x86)/atmel/studio/7.0/toolchain/avr8/avr8-gnu-toolchain/bin/../lib/gcc/avr/5.4.0/../../../../avr/lib/avr5\libm.a
START GROUP
LOAD c:/program files (x86)/atmel/studio/7.0/toolchain/avr8/avr8-gnu-toolchain/bin/../lib/gcc/avr/5.4.0/avr5\libgcc.a
LOAD c:/program files (x86)/atmel/studio/7.0/toolchain/avr8/avr8-gnu-toolchain/bin/../lib/gcc/avr/5.4.0/../../../../avr/lib/avr5\libm.a
LOAD c:/program files (x86)/atmel/studio/7.0/toolchain/avr8/avr8-gnu-toolchain/bin/../lib/gcc/avr/5.4.0/../../../../avr/lib/avr5\libc.a
LOAD C:/Program Files (x86)/Atmel/Studio/7.0/Packs/atmel/ATmega_DFP/1.7.374/gcc/dev/atmega328p/avr5\libatmega328p.a
END GROUP
                0x00000000                __TEXT_REGION_ORIGIN__ = DEFINED (__TEXT_REGION_ORIGIN__)?__TEXT_REGION_ORIGIN__:0x0
                [0x00800100]                __DATA_REGION_ORIGIN__ = DEFINED (__DATA_REGION_ORIGIN__)?__DATA_REGION_ORIGIN__:0x800060
                [0x00008000]                __TEXT_REGION_LENGTH__ = DEFINED (__TEXT_REGION_LENGTH__)?__TEXT_REGION_LENGTH__:0x20000
                [0x00000800]                __DATA_REGION_LENGTH__ = DEFINED (__DATA_REGION_LENGTH__)?__DATA_REGION_LENGTH__:0xffa0
                [0x00000400]                __EEPROM_REGION_LENGTH__ = DEFINED (__EEPROM_REGION_LENGTH__)?__EEPROM_REGION_LENGTH__:0x10000
                [0x00000003]                __FUSE_REGION_LENGTH__ = DEFINED (__FUSE_REGION_LENGTH__)?__FUSE_REGION_LENGTH__:0x400
                0x00000400                __LOCK_REGION_LENGTH__ = DEFINED (__LOCK_REGION_LENGTH__)?__LOCK_REGION_LENGTH__:0x400
                0x00000400                __SIGNATURE_REGION_LENGTH__ = DEFINED (__SIGNATURE_REGION_LENGTH__)?__SIGNATURE_REGION_LENGTH__:0x400
                0x00000400                __USER_SIGNATURE_REGION_LENGTH__ = DEFINED (__USER_SIGNATURE_REGION_LENGTH__)?__USER_SIGNATURE_REGION_LENGTH__:0x400

.hash
 *(.hash)

.dynsym
 *(.dynsym)

.dynstr
 *(.dynstr)

.gnu.version
 *(.gnu.version)

.gnu.version_d
 *(.gnu.version_d)

.gnu.version_r
 *(.gnu.version_r)

.rel.init
 *(.rel.init)

.rela.init
 *(.rela.init)

.rel.text
 *(.rel.text)
 *(.rel.text.*)
 *(.rel.gnu.linkonce.t*)

.rela.text
 *(.rela.text)
 *(.rela.text.*)
 *(.rela.gnu.linkonce.t*)

.rel.fini
 *(.rel.fini)

.rela.fini
 *(.rela.fini)

.rel.rodata
 *(.rel.rodata)
 *(.rel.rodata.*)
 *(.rel.gnu.linkonce.r*)

.rela.rodata
 *(.rela.rodata)
 *(.rela.rodata.*)
 *(.rela.gnu.linkonce.r*)

.rel.data
 *(.rel.data)
 *(.rel.data.*)
 *(.rel.gnu.linkonce.d*)

.rela.data
 *(.rela.data)
 *(.rela.data.*)
 *(.rela.gnu.linkonce.d*)

.rel.ctors
 *(.rel.ctors)

.rela.ctors
 *(.rela.ctors)

.rel.dtors
 *(.rel.dtors)

.rela.dtors
 *(.rela.dtors)

.rel.got
 *(.rel.got)

.rela.got
 *(.rela.got)

.rel.bss
 *(.rel.bss)

.rela.bss
 *(.rela.bss)

.rel.plt
 *(.rel.plt)

.rela.plt
 *(.rela.plt)

.text           0x00000000     0x2708
 *(.vectors)
 .vectors       0x00000000       0x68 C:/Program Files (x86)/Atmel/Studio/7.0/Packs/atmel/ATmega_DFP/1.7.374/gcc/dev/atmega328p/avr5/crtatmega328p.o
                0x00000000                __vector_default
                0x00000000                __vectors
 *(.vectors)
 *(.progmem.gcc*)
                0x00000068                . = ALIGN (0x2)
                0x00000068                __trampolines_start = .
 *(.trampolines)
 .trampolines   0x00000068        0x0 linker stubs
 *(.trampolines*)
                0x00000068                __trampolines_end = .
 *libprintf_flt.a:*(.progmem.data)
 *libc.a:*(.progmem.data)
 *(.progmem*)
                0x00000068                . = ALIGN (0x2)
 *(.jumptables)
 *(.jumptables*)
 *(.lowtext)
 *(.lowtext*)
                0x00000068                __ctors_start = .
 *(.ctors)
 .ctors         0x00000068        0x2 driver/atmega328p/source/gpio.o
 .ctors         0x0000006a        0x2 driver/atmega328p/source/timer.o
 .ctors         0x0000006c        0x2 ml/source/ml/lin_reg/lin_reg.o
                0x0000006e                __ctors_end = .
                0x0000006e                __dtors_start = .
 *(.dtors)
 .dtors         0x0000006e        0x2 driver/atmega328p/source/gpio.o
 .dtors         0x00000070        0x2 driver/atmega328p/source/timer.o
                0x00000072                __dtors_end = .
 SORT(*)(.ctors)
 SORT(*)(.dtors)
 *(.init0)
 .init0         0x00000072        0x0 C:/Program Files (x86)/Atmel/Studio/7.0/Packs/atmel/ATmega_DFP/1.7.374/gcc/dev/atmega328p/avr5/crtatmega328p.o
                0x00000072                __init
 *(.init0)
 *(.init1)
 *(.init1)
 *(.init2)
 .init2         0x00000072        0xc C:/Program Files (x86)/Atmel/Studio/7.0/Packs/atmel/ATmega_DFP/1.7.374/gcc/dev/atmega328p/avr5/crtatmega328p.o
 *(.init2)
 *(.init3)
 *(.init3)
 *(.init4)
 .init4         0x0000007e       0x16 c:/program files (x86)/atmel/studio/7.0/toolchain/avr8/avr8-gnu-toolchain/bin/../lib/gcc/avr/5.4.0/avr5\libgcc.a(_copy_data.o)
                0x0000007e                __do_copy_data
 .init4         0x00000094       0x10 c:/program files (x86)/atmel/studio/7.0/toolchain/avr8/avr8-gnu-toolchain/bin/../lib/gcc/avr/5.4.0/avr5\libgcc.a(_clear_bss.o)
                0x00000094                __do_clear_bss
 *(.init4)
 *(.init5)
 *(.init5)
 *(.init6)
 .init6         0x000000a4       0x16 c:/program files (x86)/atmel/studio/7.0/toolchain/avr8/avr8-gnu-toolchain/bin/../lib/gcc/avr/5.4.0/avr5\libgcc.a(_ctors.o)
                0x000000a4                __do_global_ctors
 *(.init6)
 *(.init7)
 *(.init7)
 *(.init8)
 *(.init8)
 *(.init9)
 .init9         0x000000ba        0x8 C:/Program Files (x86)/Atmel/Studio/7.0/Packs/atmel/ATmega_DFP/1.7.374/gcc/dev/atmega328p/avr5/crtatmega328p.o
 *(.init9)
 *(.text)
 .text          0x000000c2        0x4 C:/Program Files (x86)/Atmel/Studio/7.0/Packs/atmel/ATmega_DFP/1.7.374/gcc/dev/atmega328p/avr5/crtatmega328p.o
                0x000000c2                __vector_22
                0x000000c2                __vector_1
                0x000000c2                __vector_24
                0x000000c2                __vector_12
                0x000000c2                __bad_interrupt
                0x000000c2                __vector_6
                0x000000c2                __vector_23
                0x000000c2                __vector_25
                0x000000c2                __vector_13
                0x000000c2                __vector_17
                0x000000c2                __vector_19
                0x000000c2                __vector_7
                0x000000c2                __vector_2
                0x000000c2                __vector_21
                0x000000c2                __vector_15
                0x000000c2                __vector_8
                0x000000c2                __vector_14
                0x000000c2                __vector_10
                0x000000c2                __vector_18
                0x000000c2                __vector_20
 .text          0x000000c6       0x64 c:/program files (x86)/atmel/studio/7.0/toolchain/avr8/avr8-gnu-toolchain/bin/../lib/gcc/avr/5.4.0/../../../../avr/lib/avr5\libc.a(atexit.o)
                0x000000ee                atexit
                0x0000012a                . = ALIGN (0x2)
 *(.text.*)
 .text.__tcf_0  0x0000012a        0xe driver/atmega328p/source/adc.o
 .text._ZNK6driver10atmega328p3Adc10resolutionEv
                0x00000138        0x4 driver/atmega328p/source/adc.o
                0x00000138                _ZNK6driver10atmega328p3Adc10resolutionEv
 .text._ZNK6driver10atmega328p3Adc8maxValueEv
                0x0000013c        0x6 driver/atmega328p/source/adc.o
                0x0000013c                _ZNK6driver10atmega328p3Adc8maxValueEv
 .text._ZNK6driver10atmega328p3Adc13supplyVoltageEv
                0x00000142        0xa driver/atmega328p/source/adc.o
                0x00000142                _ZNK6driver10atmega328p3Adc13supplyVoltageEv
 .text._ZNK6driver10atmega328p3Adc4readEh
                0x0000014c       0xa8 driver/atmega328p/source/adc.o
                0x0000014c                _ZNK6driver10atmega328p3Adc4readEh
 .text._ZNK6driver10atmega328p3Adc9dutyCycleEh
                0x000001f4       0x1c driver/atmega328p/source/adc.o
                0x000001f4                _ZNK6driver10atmega328p3Adc9dutyCycleEh
 .text._ZNK6driver10atmega328p3Adc12inputVoltageEh
                0x00000210       0x12 driver/atmega328p/source/adc.o
                0x00000210                _ZNK6driver10atmega328p3Adc12inputVoltageEh
 .text._ZNK6driver10atmega328p3Adc13isInitializedEv
                0x00000222        0x4 driver/atmega328p/source/adc.o
                0x00000222                _ZNK6driver10atmega328p3Adc13isInitializedEv
 .text._ZNK6driver10atmega328p3Adc9isEnabledEv
                0x00000226        0x6 driver/atmega328p/source/adc.o
                0x00000226                _ZNK6driver10atmega328p3Adc9isEnabledEv
 .text._ZN6driver10atmega328p3Adc10setEnabledEb
                0x0000022c        0x6 driver/atmega328p/source/adc.o
                0x0000022c                _ZN6driver10atmega328p3Adc10setEnabledEb
 .text._ZN6driver10atmega328p3AdcD2Ev
                0x00000232        0xc driver/atmega328p/source/adc.o
                0x00000232                _ZN6driver10atmega328p3AdcD2Ev
                0x00000232                _ZN6driver10atmega328p3AdcD1Ev
 .text._ZN6driver10atmega328p3AdcD0Ev
                0x0000023e       0x14 driver/atmega328p/source/adc.o
                0x0000023e                _ZN6driver10atmega328p3AdcD0Ev
 .text._ZN6driver10atmega328p3AdcC2Ev
                0x00000252       0x14 driver/atmega328p/source/adc.o
                0x00000252                _ZN6driver10atmega328p3AdcC1Ev
                0x00000252                _ZN6driver10atmega328p3AdcC2Ev
 .text._ZN6driver10atmega328p3Adc11getInstanceEv
                0x00000266       0x32 driver/atmega328p/source/adc.o
                0x00000266                _ZN6driver10atmega328p3Adc11getInstanceEv
 .text.__tcf_0  0x00000298        0xe driver/atmega328p/source/eeprom.o
 .text._ZNK6driver10atmega328p6Eeprom13isInitializedEv
                0x000002a6        0x4 driver/atmega328p/source/eeprom.o
                0x000002a6                _ZNK6driver10atmega328p6Eeprom13isInitializedEv
 .text._ZNK6driver10atmega328p6Eeprom9isEnabledEv
                0x000002aa        0x6 driver/atmega328p/source/eeprom.o
                0x000002aa                _ZNK6driver10atmega328p6Eeprom9isEnabledEv
 .text._ZN6driver10atmega328p6Eeprom10setEnabledEb
                0x000002b0        0x6 driver/atmega328p/source/eeprom.o
                0x000002b0                _ZN6driver10atmega328p6Eeprom10setEnabledEb
 .text._ZNK6driver10atmega328p6Eeprom14isAddressValidEjh
                0x000002b6       0x10 driver/atmega328p/source/eeprom.o
                0x000002b6                _ZNK6driver10atmega328p6Eeprom14isAddressValidEjh
 .text._ZNK6driver10atmega328p6Eeprom8readByteEj
                0x000002c6       0x42 driver/atmega328p/source/eeprom.o
                0x000002c6                _ZNK6driver10atmega328p6Eeprom8readByteEj
 .text._ZN6driver10atmega328p6EepromD2Ev
                0x00000308        0xc driver/atmega328p/source/eeprom.o
                0x00000308                _ZN6driver10atmega328p6EepromD2Ev
                0x00000308                _ZN6driver10atmega328p6EepromD1Ev
 .text._ZN6driver10atmega328p6EepromD0Ev
                0x00000314       0x14 driver/atmega328p/source/eeprom.o
                0x00000314                _ZN6driver10atmega328p6EepromD0Ev
 .text._ZNK6driver10atmega328p6Eeprom9writeByteEjh
                0x00000328       0x5a driver/atmega328p/source/eeprom.o
                0x00000328                _ZNK6driver10atmega328p6Eeprom9writeByteEjh
 .text._ZN6driver10atmega328p6EepromC2Ev
                0x00000382        0xe driver/atmega328p/source/eeprom.o
                0x00000382                _ZN6driver10atmega328p6EepromC2Ev
                0x00000382                _ZN6driver10atmega328p6EepromC1Ev
 .text._ZN6driver10atmega328p6Eeprom11getInstanceEv
                0x00000390       0x32 driver/atmega328p/source/eeprom.o
                0x00000390                _ZN6driver10atmega328p6Eeprom11getInstanceEv
 .text._ZNK6driver10atmega328p4Gpio13isInitializedEv
                0x000003c2       0x12 driver/atmega328p/source/gpio.o
                0x000003c2                _ZNK6driver10atmega328p4Gpio13isInitializedEv
 .text._ZNK6driver10atmega328p4Gpio4readEv
                0x000003d4       0x34 driver/atmega328p/source/gpio.o
                0x000003d4                _ZNK6driver10atmega328p4Gpio4readEv
 .text._ZN6driver10atmega328p4Gpio5writeEb
                0x00000408       0x66 driver/atmega328p/source/gpio.o
                0x00000408                _ZN6driver10atmega328p4Gpio5writeEb
 .text._ZN6driver10atmega328p4Gpio6toggleEv
                0x0000046e       0x36 driver/atmega328p/source/gpio.o
                0x0000046e                _ZN6driver10atmega328p4Gpio6toggleEv
 .text._ZN6driver10atmega328p4Gpio21enableInterruptOnPortEb
                0x000004a4       0x62 driver/atmega328p/source/gpio.o
                0x000004a4                _ZN6driver10atmega328p4Gpio21enableInterruptOnPortEb
 .text._ZN6driver10atmega328p4Gpio15enableInterruptEb
                0x00000506       0x94 driver/atmega328p/source/gpio.o
                0x00000506                _ZN6driver10atmega328p4Gpio15enableInterruptEb
 .text._ZN6driver10atmega328p4GpioD2Ev
                0x0000059a       0xea driver/atmega328p/source/gpio.o
                0x0000059a                _ZN6driver10atmega328p4GpioD1Ev
                0x0000059a                _ZN6driver10atmega328p4GpioD2Ev
 .text._ZN6driver10atmega328p4GpioD0Ev
                0x00000684       0x1a driver/atmega328p/source/gpio.o
                0x00000684                _ZN6driver10atmega328p4GpioD0Ev
 .text._ZN6driver10atmega328p4Gpio12initHardwareEh
                0x0000069e       0x46 driver/atmega328p/source/gpio.o
                0x0000069e                _ZN6driver10atmega328p4Gpio12initHardwareEh
 .text._ZN6driver10atmega328p4Gpio7reserveEhNS1_9DirectionE
                0x000006e4       0xd4 driver/atmega328p/source/gpio.o
                0x000006e4                _ZN6driver10atmega328p4Gpio7reserveEhNS1_9DirectionE
 .text._ZN6driver10atmega328p4Gpio12setDirectionENS1_9DirectionE
                0x000007b8       0x6a driver/atmega328p/source/gpio.o
                0x000007b8                _ZN6driver10atmega328p4Gpio12setDirectionENS1_9DirectionE
 .text._ZN9container5ArrayIPFvvELj3EEC2Ev
                0x00000822        0xc driver/atmega328p/source/gpio.o
                0x00000822                _ZN9container5ArrayIPFvvELj3EEC2Ev
                0x00000822                _ZN9container5ArrayIPFvvELj3EEC1Ev
 .text._ZN9container13CallbackArrayILj3EEC2Ev
                0x0000082e        0x6 driver/atmega328p/source/gpio.o
                0x0000082e                _ZN9container13CallbackArrayILj3EEC2Ev
                0x0000082e                _ZN9container13CallbackArrayILj3EEC1Ev
 .text._ZNK9container13CallbackArrayILj3EE12isIndexValidEj
                0x00000834        0xc driver/atmega328p/source/gpio.o
                0x00000834                _ZNK9container13CallbackArrayILj3EE12isIndexValidEj
 .text._ZN9container13CallbackArrayILj3EE3addEPFvvEj
                0x00000840       0x4e driver/atmega328p/source/gpio.o
                0x00000840                _ZN9container13CallbackArrayILj3EE3addEPFvvEj
 .text._ZNK6driver10atmega328p4Gpio11setCallbackEPFvvE
                0x0000088e       0x52 driver/atmega328p/source/gpio.o
                0x0000088e                _ZNK6driver10atmega328p4Gpio11setCallbackEPFvvE
 .text._ZN6driver10atmega328p4GpioC2EhNS1_9DirectionEPFvvE
                0x000008e0       0x92 driver/atmega328p/source/gpio.o
                0x000008e0                _ZN6driver10atmega328p4GpioC2EhNS1_9DirectionEPFvvE
                0x000008e0                _ZN6driver10atmega328p4GpioC1EhNS1_9DirectionEPFvvE
 .text._ZNK9container13CallbackArrayILj3EE17isCallbackDefinedEj
                0x00000972       0x18 driver/atmega328p/source/gpio.o
                0x00000972                _ZNK9container13CallbackArrayILj3EE17isCallbackDefinedEj
 .text._ZN9container13CallbackArrayILj3EE6invokeEj
                0x0000098a       0x4e driver/atmega328p/source/gpio.o
                0x0000098a                _ZN9container13CallbackArrayILj3EE6invokeEj
 .text.__vector_3
                0x000009d8       0x50 driver/atmega328p/source/gpio.o
                0x000009d8                __vector_3
 .text.__vector_4
                0x00000a28       0x50 driver/atmega328p/source/gpio.o
                0x00000a28                __vector_4
 .text.__vector_5
                0x00000a78       0x50 driver/atmega328p/source/gpio.o
                0x00000a78                __vector_5
 .text._Z41__static_initialization_and_destruction_0ii
                0x00000ac8       0x14 driver/atmega328p/source/gpio.o
 .text._GLOBAL__sub_I__ZN6driver10atmega328p4Gpio9myHwPortBE
                0x00000adc        0xe driver/atmega328p/source/gpio.o
 .text._GLOBAL__sub_D__ZN6driver10atmega328p4Gpio9myHwPortBE
                0x00000aea        0xe driver/atmega328p/source/gpio.o
 .text._ZN6driver10atmega328p12_GLOBAL__N_112transmitCharEc
                0x00000af8       0x3c driver/atmega328p/source/serial.o
 .text.__tcf_0  0x00000b34        0xe driver/atmega328p/source/serial.o
 .text._ZNK6driver10atmega328p6Serial12baudRate_bpsEv
                0x00000b42        0xa driver/atmega328p/source/serial.o
                0x00000b42                _ZNK6driver10atmega328p6Serial12baudRate_bpsEv
 .text._ZNK6driver10atmega328p6Serial13isInitializedEv
                0x00000b4c        0x4 driver/atmega328p/source/serial.o
                0x00000b4c                _ZNK6driver10atmega328p6Serial13isInitializedEv
 .text._ZNK6driver10atmega328p6Serial9isEnabledEv
                0x00000b50        0x6 driver/atmega328p/source/serial.o
                0x00000b50                _ZNK6driver10atmega328p6Serial9isEnabledEv
 .text._ZN6driver10atmega328p6Serial10setEnabledEb
                0x00000b56        0x6 driver/atmega328p/source/serial.o
                0x00000b56                _ZN6driver10atmega328p6Serial10setEnabledEb
 .text._ZNK6driver10atmega328p6Serial5printEPKc
                0x00000b5c       0x2e driver/atmega328p/source/serial.o
                0x00000b5c                _ZNK6driver10atmega328p6Serial5printEPKc
 .text._ZN6driver10atmega328p6SerialD2Ev
                0x00000b8a        0xc driver/atmega328p/source/serial.o
                0x00000b8a                _ZN6driver10atmega328p6SerialD2Ev
                0x00000b8a                _ZN6driver10atmega328p6SerialD1Ev
 .text._ZN6driver10atmega328p6SerialD0Ev
                0x00000b96       0x14 driver/atmega328p/source/serial.o
                0x00000b96                _ZN6driver10atmega328p6SerialD0Ev
 .text._ZN6driver10atmega328p6SerialC2Ev
                0x00000baa       0x3a driver/atmega328p/source/serial.o
                0x00000baa                _ZN6driver10atmega328p6SerialC1Ev
                0x00000baa                _ZN6driver10atmega328p6SerialC2Ev
 .text._ZN6driver10atmega328p6Serial11getInstanceEv
                0x00000be4       0x32 driver/atmega328p/source/serial.o
                0x00000be4                _ZN6driver10atmega328p6Serial11getInstanceEv
 .text._ZNK6driver10atmega328p5Timer13isInitializedEv
                0x00000c16       0x12 driver/atmega328p/source/timer.o
                0x00000c16                _ZNK6driver10atmega328p5Timer13isInitializedEv
 .text._ZNK6driver10atmega328p5Timer9isEnabledEv
                0x00000c28        0x6 driver/atmega328p/source/timer.o
                0x00000c28                _ZNK6driver10atmega328p5Timer9isEnabledEv
 .text._ZN6driver10atmega328p5Timer11hasTimedOutEv
                0x00000c2e       0x50 driver/atmega328p/source/timer.o
                0x00000c2e                _ZN6driver10atmega328p5Timer11hasTimedOutEv
 .text._ZNK6driver10atmega328p5Timer10timeout_msEv
                0x00000c7e       0x2c driver/atmega328p/source/timer.o
                0x00000c7e                _ZNK6driver10atmega328p5Timer10timeout_msEv
 .text._ZN6driver10atmega328p5Timer4stopEv
                0x00000caa       0x18 driver/atmega328p/source/timer.o
                0x00000caa                _ZN6driver10atmega328p5Timer4stopEv
 .text._ZN6driver10atmega328p5Timer13setTimeout_msEm
                0x00000cc2       0x6a driver/atmega328p/source/timer.o
                0x00000cc2                _ZN6driver10atmega328p5Timer13setTimeout_msEm
 .text._ZN6driver10atmega328p5Timer5startEv
                0x00000d2c       0x50 driver/atmega328p/source/timer.o
                0x00000d2c                _ZN6driver10atmega328p5Timer5startEv
 .text._ZN6driver10atmega328p5Timer6toggleEv
                0x00000d7c       0x14 driver/atmega328p/source/timer.o
                0x00000d7c                _ZN6driver10atmega328p5Timer6toggleEv
 .text._ZN6driver10atmega328p5Timer7restartEv
                0x00000d90       0x18 driver/atmega328p/source/timer.o
                0x00000d90                _ZN6driver10atmega328p5Timer7restartEv
 .text._ZN6driver10atmega328p5Timer9incrementEv
                0x00000da8       0x28 driver/atmega328p/source/timer.o
                0x00000da8                _ZN6driver10atmega328p5Timer9incrementEv
 .text._ZN6driver10atmega328p5Timer8Hardware7releaseEPS2_
                0x00000dd0       0x3c driver/atmega328p/source/timer.o
                0x00000dd0                _ZN6driver10atmega328p5Timer8Hardware7releaseEPS2_
 .text._ZN6driver10atmega328p5Timer8Hardware4initEh
                0x00000e0c       0x7e driver/atmega328p/source/timer.o
                0x00000e0c                _ZN6driver10atmega328p5Timer8Hardware4initEh
 .text._ZN6driver10atmega328p5Timer8Hardware7reserveEv
                0x00000e8a       0x2a driver/atmega328p/source/timer.o
                0x00000e8a                _ZN6driver10atmega328p5Timer8Hardware7reserveEv
 .text._ZNK6driver10atmega328p5Timer11addCallbackEPFvvE
                0x00000eb4       0x18 driver/atmega328p/source/timer.o
                0x00000eb4                _ZNK6driver10atmega328p5Timer11addCallbackEPFvvE
 .text._ZN6driver10atmega328p5TimerC2EmPFvvEb
                0x00000ecc       0xb4 driver/atmega328p/source/timer.o
                0x00000ecc                _ZN6driver10atmega328p5TimerC2EmPFvvEb
                0x00000ecc                _ZN6driver10atmega328p5TimerC1EmPFvvEb
 .text._ZN9container13CallbackArrayILj3EE6removeEj
                0x00000f80       0x2a driver/atmega328p/source/timer.o
                0x00000f80                _ZN9container13CallbackArrayILj3EE6removeEj
 .text._ZNK6driver10atmega328p5Timer14removeCallbackEv
                0x00000faa       0x18 driver/atmega328p/source/timer.o
                0x00000faa                _ZNK6driver10atmega328p5Timer14removeCallbackEv
 .text._ZN6driver10atmega328p5TimerD2Ev
                0x00000fc2       0x3e driver/atmega328p/source/timer.o
                0x00000fc2                _ZN6driver10atmega328p5TimerD1Ev
                0x00000fc2                _ZN6driver10atmega328p5TimerD2Ev
 .text._ZN6driver10atmega328p5TimerD0Ev
                0x00001000       0x1a driver/atmega328p/source/timer.o
                0x00001000                _ZN6driver10atmega328p5TimerD0Ev
 .text._ZN6driver10atmega328p12_GLOBAL__N_114invokeCallbackEh
                0x0000101a       0x46 driver/atmega328p/source/timer.o
 .text.__vector_16
                0x00001060       0x4a driver/atmega328p/source/timer.o
                0x00001060                __vector_16
 .text.__vector_11
                0x000010aa       0x4a driver/atmega328p/source/timer.o
                0x000010aa                __vector_11
 .text.__vector_9
                0x000010f4       0x4a driver/atmega328p/source/timer.o
                0x000010f4                __vector_9
 .text._Z41__static_initialization_and_destruction_0ii
                0x0000113e       0x14 driver/atmega328p/source/timer.o
 .text._GLOBAL__sub_I__ZN6driver10atmega328p5TimerC2EmPFvvEb
                0x00001152        0xe driver/atmega328p/source/timer.o
 .text._GLOBAL__sub_D__ZN6driver10atmega328p5TimerC2EmPFvvEb
                0x00001160        0xe driver/atmega328p/source/timer.o
 .text._ZN6driver10atmega328p12_GLOBAL__N_112timeoutValueENS0_8Watchdog7TimeoutE
                0x0000116e       0x7c driver/atmega328p/source/watchdog.o
 .text.__tcf_0  0x000011ea        0xe driver/atmega328p/source/watchdog.o
 .text._ZNK6driver10atmega328p8Watchdog13isInitializedEv
                0x000011f8        0x4 driver/atmega328p/source/watchdog.o
                0x000011f8                _ZNK6driver10atmega328p8Watchdog13isInitializedEv
 .text._ZNK6driver10atmega328p8Watchdog9isEnabledEv
                0x000011fc        0x6 driver/atmega328p/source/watchdog.o
                0x000011fc                _ZNK6driver10atmega328p8Watchdog9isEnabledEv
 .text._ZNK6driver10atmega328p8Watchdog9timeoutMsEv
                0x00001202        0x8 driver/atmega328p/source/watchdog.o
                0x00001202                _ZNK6driver10atmega328p8Watchdog9timeoutMsEv
 .text._ZN6driver10atmega328p8WatchdogD2Ev
                0x0000120a        0xc driver/atmega328p/source/watchdog.o
                0x0000120a                _ZN6driver10atmega328p8WatchdogD1Ev
                0x0000120a                _ZN6driver10atmega328p8WatchdogD2Ev
 .text._ZN6driver10atmega328p8WatchdogD0Ev
                0x00001216       0x14 driver/atmega328p/source/watchdog.o
                0x00001216                _ZN6driver10atmega328p8WatchdogD0Ev
 .text._ZN6driver10atmega328p8Watchdog5resetEv
                0x0000122a       0x12 driver/atmega328p/source/watchdog.o
                0x0000122a                _ZN6driver10atmega328p8Watchdog5resetEv
 .text._ZN6driver10atmega328p8Watchdog10setEnabledEb
                0x0000123c       0x3a driver/atmega328p/source/watchdog.o
                0x0000123c                _ZN6driver10atmega328p8Watchdog10setEnabledEb
 .text._ZN6driver10atmega328p8Watchdog10setTimeoutENS1_7TimeoutE
                0x00001276       0x4e driver/atmega328p/source/watchdog.o
                0x00001276                _ZN6driver10atmega328p8Watchdog10setTimeoutENS1_7TimeoutE
 .text._ZN6driver10atmega328p8WatchdogC2Ev
                0x000012c4       0x1a driver/atmega328p/source/watchdog.o
                0x000012c4                _ZN6driver10atmega328p8WatchdogC1Ev
                0x000012c4                _ZN6driver10atmega328p8WatchdogC2Ev
 .text._ZN6driver10atmega328p8Watchdog11getInstanceEv
                0x000012de       0x32 driver/atmega328p/source/watchdog.o
                0x000012de                _ZN6driver10atmega328p8Watchdog11getInstanceEv
 .text._ZN12_GLOBAL__N_119toggleTimerCallbackEv
                0x00001310        0xe main.o
 .text._ZN12_GLOBAL__N_121debounceTimerCallbackEv
                0x0000131e        0xe main.o
 .text._ZN12_GLOBAL__N_114buttonCallbackEv
                0x0000132c        0xe main.o
 .text._ZNK6driver15SerialInterface6printfIJEEEbPKcDpRKT_
                0x0000133a       0x1c main.o
                0x0000133a                _ZNK6driver15SerialInterface6printfIJEEEbPKcDpRKT_
                0x0000133a                _ZNK6driver15SerialInterface6printfIIEEEbPKcDpRKT_
 .text._ZNK6driver15SerialInterface6printfIJiiEEEbPKcDpRKT_
                0x00001356       0xaa main.o
                0x00001356                _ZNK6driver15SerialInterface6printfIIiiEEEbPKcDpRKT_
                0x00001356                _ZNK6driver15SerialInterface6printfIJiiEEEbPKcDpRKT_
 .text.main     0x00001400      0x150 main.o
                0x00001400                main
 .text._Z41__static_initialization_and_destruction_0ii
                0x00001550       0x18 ml/source/ml/lin_reg/lin_reg.o
 .text._GLOBAL__sub_I__ZN2ml7lin_reg6LinRegC2ERKN9container6VectorIdEES6_
                0x00001568        0xe ml/source/ml/lin_reg/lin_reg.o
 .text._ZN6target6SystemD2Ev
                0x00001576       0x6c target/source/system.o
                0x00001576                _ZN6target6SystemD2Ev
                0x00001576                _ZN6target6SystemD1Ev
 .text._ZN6target6System28handleDebounceTimerInterruptEv
                0x000015e2       0x32 target/source/system.o
                0x000015e2                _ZN6target6System28handleDebounceTimerInterruptEv
 .text._ZN6target6System26handleToggleTimerInterruptEv
                0x00001614       0x2a target/source/system.o
                0x00001614                _ZN6target6System26handleToggleTimerInterruptEv
 .text._ZN6target6System3runEv
                0x0000163e       0x22 target/source/system.o
                0x0000163e                _ZN6target6System3runEv
 .text._ZNK6driver15EepromInterface5writeIbEEbjRKT_
                0x00001660       0x98 target/source/system.o
                0x00001660                _ZNK6driver15EepromInterface5writeIbEEbjRKT_
 .text._ZN6target6System21writeLedStateToEepromEv
                0x000016f8       0x4a target/source/system.o
                0x000016f8                _ZN6target6System21writeLedStateToEepromEv
 .text._ZN6target6System19handleButtonPressedEv
                0x00001742       0x74 target/source/system.o
                0x00001742                _ZN6target6System19handleButtonPressedEv
 .text._ZN6target6System21handleButtonInterruptEv
                0x000017b6       0x4e target/source/system.o
                0x000017b6                _ZN6target6System21handleButtonInterruptEv
 .text._ZNK6driver15EepromInterface4readIhEEbjRT_
                0x00001804       0xa8 target/source/system.o
                0x00001804                _ZNK6driver15EepromInterface4readIhEEbjRT_
 .text._ZNK6target6System22readLedStateFromEepromEv
                0x000018ac       0x36 target/source/system.o
                0x000018ac                _ZNK6target6System22readLedStateFromEepromEv
 .text._ZN6target6System21checkLedStateInEepromEv
                0x000018e2       0x32 target/source/system.o
                0x000018e2                _ZN6target6System21checkLedStateInEepromEv
 .text._ZN6target6SystemC2ERN6driver13GpioInterfaceES3_RNS1_14TimerInterfaceES5_RNS1_15SerialInterfaceERNS1_17WatchdogInterfaceERNS1_15EepromInterfaceERNS1_12AdcInterfaceE
                0x00001914       0xda target/source/system.o
                0x00001914                _ZN6target6SystemC2ERN6driver13GpioInterfaceES3_RNS1_14TimerInterfaceES5_RNS1_15SerialInterfaceERNS1_17WatchdogInterfaceERNS1_15EepromInterfaceERNS1_12AdcInterfaceE
                0x00001914                _ZN6target6SystemC1ERN6driver13GpioInterfaceES3_RNS1_14TimerInterfaceES5_RNS1_15SerialInterfaceERNS1_17WatchdogInterfaceERNS1_15EepromInterfaceERNS1_12AdcInterfaceE
 .text._ZN5utils21globalInterruptEnableEv
                0x000019ee        0x4 utils/source/utils.o
                0x000019ee                _ZN5utils21globalInterruptEnableEv
 .text._ZN5utils22globalInterruptDisableEv
                0x000019f2        0x4 utils/source/utils.o
                0x000019f2                _ZN5utils22globalInterruptDisableEv
 .text._ZdlPvj  0x000019f6        0x2 utils/source/utils.o
                0x000019f6                _ZdlPvj
 .text.__cxa_pure_virtual
                0x000019f8        0x2 utils/source/utils.o
                0x000019f8                __cxa_pure_virtual
 .text.__cxa_guard_acquire
                0x000019fa       0x12 utils/source/utils.o
                0x000019fa                __cxa_guard_acquire
 .text.__cxa_guard_release
                0x00001a0c        0x8 utils/source/utils.o
                0x00001a0c                __cxa_guard_release
 .text.avr-libc.fplib
                0x00001a14        0xe c:/program files (x86)/atmel/studio/7.0/toolchain/avr8/avr8-gnu-toolchain/bin/../lib/gcc/avr/5.4.0/../../../../avr/lib/avr5\libm.a(addsf3.o)
                0x00001a14                __subsf3
                0x00001a16                __addsf3
 .text.avr-libc.fplib
                0x00001a22       0xcc c:/program files (x86)/atmel/studio/7.0/toolchain/avr8/avr8-gnu-toolchain/bin/../lib/gcc/avr/5.4.0/../../../../avr/lib/avr5\libm.a(addsf3x.o)
                0x00001a44                __addsf3x
 .text.avr-libc.fplib
                0x00001aee        0x8 c:/program files (x86)/atmel/studio/7.0/toolchain/avr8/avr8-gnu-toolchain/bin/../lib/gcc/avr/5.4.0/../../../../avr/lib/avr5\libm.a(divsf3.o)
                0x00001aee                __divsf3
 .text.avr-libc.fplib
                0x00001af6       0xdc c:/program files (x86)/atmel/studio/7.0/toolchain/avr8/avr8-gnu-toolchain/bin/../lib/gcc/avr/5.4.0/../../../../avr/lib/avr5\libm.a(divsf3x.o)
                0x00001b16                __divsf3x
                0x00001b1c                __divsf3_pse
 .text.avr-libc.fplib
                0x00001bd2       0x5e c:/program files (x86)/atmel/studio/7.0/toolchain/avr8/avr8-gnu-toolchain/bin/../lib/gcc/avr/5.4.0/../../../../avr/lib/avr5\libm.a(fixunssfsi.o)
                0x00001bd2                __fixunssfsi
 .text.avr-libc.fplib
                0x00001c30       0x7a c:/program files (x86)/atmel/studio/7.0/toolchain/avr8/avr8-gnu-toolchain/bin/../lib/gcc/avr/5.4.0/../../../../avr/lib/avr5\libm.a(floatsisf.o)
                0x00001c30                __floatunsisf
                0x00001c34                __floatsisf
 .text.avr-libc.fplib
                0x00001caa        0xc c:/program files (x86)/atmel/studio/7.0/toolchain/avr8/avr8-gnu-toolchain/bin/../lib/gcc/avr/5.4.0/../../../../avr/lib/avr5\libm.a(fp_inf.o)
                0x00001caa                __fp_inf
 .text.avr-libc.fplib
                0x00001cb6        0x6 c:/program files (x86)/atmel/studio/7.0/toolchain/avr8/avr8-gnu-toolchain/bin/../lib/gcc/avr/5.4.0/../../../../avr/lib/avr5\libm.a(fp_nan.o)
                0x00001cb6                __fp_nan
 .text.avr-libc.fplib
                0x00001cbc        0xe c:/program files (x86)/atmel/studio/7.0/toolchain/avr8/avr8-gnu-toolchain/bin/../lib/gcc/avr/5.4.0/../../../../avr/lib/avr5\libm.a(fp_pscA.o)
                0x00001cbc                __fp_pscA
 .text.avr-libc.fplib
                0x00001cca        0xe c:/program files (x86)/atmel/studio/7.0/toolchain/avr8/avr8-gnu-toolchain/bin/../lib/gcc/avr/5.4.0/../../../../avr/lib/avr5\libm.a(fp_pscB.o)
                0x00001cca                __fp_pscB
 .text.avr-libc.fplib
                0x00001cd8       0x22 c:/program files (x86)/atmel/studio/7.0/toolchain/avr8/avr8-gnu-toolchain/bin/../lib/gcc/avr/5.4.0/../../../../avr/lib/avr5\libm.a(fp_round.o)
                0x00001cd8                __fp_round
 .text.avr-libc.fplib
                0x00001cfa       0x44 c:/program files (x86)/atmel/studio/7.0/toolchain/avr8/avr8-gnu-toolchain/bin/../lib/gcc/avr/5.4.0/../../../../avr/lib/avr5\libm.a(fp_split3.o)
                0x00001cfa                __fp_split3
                0x00001d0a                __fp_splitA
 .text.avr-libc.fplib
                0x00001d3e        0xe c:/program files (x86)/atmel/studio/7.0/toolchain/avr8/avr8-gnu-toolchain/bin/../lib/gcc/avr/5.4.0/../../../../avr/lib/avr5\libm.a(fp_zero.o)
                0x00001d3e                __fp_zero
                0x00001d40                __fp_szero
 .text.avr-libc.fplib
                0x00001d4c        0x8 c:/program files (x86)/atmel/studio/7.0/toolchain/avr8/avr8-gnu-toolchain/bin/../lib/gcc/avr/5.4.0/../../../../avr/lib/avr5\libm.a(mulsf3.o)
                0x00001d4c                __mulsf3
 .text.avr-libc.fplib
                0x00001d54       0xd2 c:/program files (x86)/atmel/studio/7.0/toolchain/avr8/avr8-gnu-toolchain/bin/../lib/gcc/avr/5.4.0/../../../../avr/lib/avr5\libm.a(mulsf3x.o)
                0x00001d72                __mulsf3x
                0x00001d78                __mulsf3_pse
 .text.libgcc.builtins
                0x00001e26       0x32 c:/program files (x86)/atmel/studio/7.0/toolchain/avr8/avr8-gnu-toolchain/bin/../lib/gcc/avr/5.4.0/avr5\libgcc.a(_ashldi3.o)
                0x00001e26                __ashldi3
 .text.libgcc.builtins
                0x00001e58       0x3c c:/program files (x86)/atmel/studio/7.0/toolchain/avr8/avr8-gnu-toolchain/bin/../lib/gcc/avr/5.4.0/avr5\libgcc.a(_ashrdi3.o)
                0x00001e58                __ashrdi3
                0x00001e5c                __lshrdi3
 .text.libgcc   0x00001e94       0x18 c:/program files (x86)/atmel/studio/7.0/toolchain/avr8/avr8-gnu-toolchain/bin/../lib/gcc/avr/5.4.0/avr5\libgcc.a(_cmpdi2_s8.o)
                0x00001e94                __cmpdi2_s8
 .text.libgcc   0x00001eac        0xc c:/program files (x86)/atmel/studio/7.0/toolchain/avr8/avr8-gnu-toolchain/bin/../lib/gcc/avr/5.4.0/avr5\libgcc.a(_tablejump2.o)
                0x00001eac                __tablejump2__
 .text.avr-libc
                0x00001eb8      0x242 c:/program files (x86)/atmel/studio/7.0/toolchain/avr8/avr8-gnu-toolchain/bin/../lib/gcc/avr/5.4.0/../../../../avr/lib/avr5\libc.a(malloc.o)
                0x00001eb8                malloc
                0x00001fe8                free
 .text.avr-libc
                0x000020fa       0x60 c:/program files (x86)/atmel/studio/7.0/toolchain/avr8/avr8-gnu-toolchain/bin/../lib/gcc/avr/5.4.0/../../../../avr/lib/avr5\libc.a(snprintf.o)
                0x000020fa                snprintf
 .text.avr-libc
                0x0000215a      0x3c2 c:/program files (x86)/atmel/studio/7.0/toolchain/avr8/avr8-gnu-toolchain/bin/../lib/gcc/avr/5.4.0/../../../../avr/lib/avr5\libc.a(vfprintf_std.o)
                0x0000215a                vfprintf
 .text.avr-libc
                0x0000251c       0x16 c:/program files (x86)/atmel/studio/7.0/toolchain/avr8/avr8-gnu-toolchain/bin/../lib/gcc/avr/5.4.0/../../../../avr/lib/avr5\libc.a(strnlen_P.o)
                0x0000251c                strnlen_P
 .text.avr-libc
                0x00002532       0x16 c:/program files (x86)/atmel/studio/7.0/toolchain/avr8/avr8-gnu-toolchain/bin/../lib/gcc/avr/5.4.0/../../../../avr/lib/avr5\libc.a(strnlen.o)
                0x00002532                strnlen
 .text.avr-libc
                0x00002548       0x78 c:/program files (x86)/atmel/studio/7.0/toolchain/avr8/avr8-gnu-toolchain/bin/../lib/gcc/avr/5.4.0/../../../../avr/lib/avr5\libc.a(fputc.o)
                0x00002548                fputc
 .text.avr-libc
                0x000025c0       0xbc c:/program files (x86)/atmel/studio/7.0/toolchain/avr8/avr8-gnu-toolchain/bin/../lib/gcc/avr/5.4.0/../../../../avr/lib/avr5\libc.a(ultoa_invert.o)
                0x000025c0                __ultoa_invert
 .text.libgcc.prologue
                0x0000267c       0x38 c:/program files (x86)/atmel/studio/7.0/toolchain/avr8/avr8-gnu-toolchain/bin/../lib/gcc/avr/5.4.0/avr5\libgcc.a(_prologue.o)
                0x0000267c                __prologue_saves__
 .text.libgcc.prologue
                0x000026b4       0x36 c:/program files (x86)/atmel/studio/7.0/toolchain/avr8/avr8-gnu-toolchain/bin/../lib/gcc/avr/5.4.0/avr5\libgcc.a(_epilogue.o)
                0x000026b4                __epilogue_restores__
                0x000026ea                . = ALIGN (0x2)
 *(.fini9)
 .fini9         0x000026ea        0x0 c:/program files (x86)/atmel/studio/7.0/toolchain/avr8/avr8-gnu-toolchain/bin/../lib/gcc/avr/5.4.0/avr5\libgcc.a(_exit.o)
                0x000026ea                _exit
                0x000026ea                exit
 *(.fini9)
 *(.fini8)
 .fini8         0x000026ea        0x4 c:/program files (x86)/atmel/studio/7.0/toolchain/avr8/avr8-gnu-toolchain/bin/../lib/gcc/avr/5.4.0/../../../../avr/lib/avr5\libc.a(atexit.o)
 *(.fini8)
 *(.fini7)
 *(.fini7)
 *(.fini6)
 .fini6         0x000026ee       0x16 c:/program files (x86)/atmel/studio/7.0/toolchain/avr8/avr8-gnu-toolchain/bin/../lib/gcc/avr/5.4.0/avr5\libgcc.a(_dtors.o)
                0x000026ee                __do_global_dtors
 *(.fini6)
 *(.fini5)
 *(.fini5)
 *(.fini4)
 *(.fini4)
 *(.fini3)
 *(.fini3)
 *(.fini2)
 *(.fini2)
 *(.fini1)
 *(.fini1)
 *(.fini0)
 .fini0         0x00002704        0x4 c:/program files (x86)/atmel/studio/7.0/toolchain/avr8/avr8-gnu-toolchain/bin/../lib/gcc/avr/5.4.0/avr5\libgcc.a(_exit.o)
 *(.fini0)
                0x00002708                _etext = .

.data           0x00800100      0x1ae load address 0x00002708
                0x00800100                PROVIDE (__data_start, .)
 *(.data)
 .data          0x00800100        0x6 c:/program files (x86)/atmel/studio/7.0/toolchain/avr8/avr8-gnu-toolchain/bin/../lib/gcc/avr/5.4.0/../../../../avr/lib/avr5\libc.a(malloc.o)
                0x00800100                __malloc_heap_end
                0x00800102                __malloc_heap_start
                0x00800104                __malloc_margin
 *(.data*)
 .data._ZN6driver10atmega328p4Gpio9myHwPortDE
                0x00800106        0xa driver/atmega328p/source/gpio.o
                0x00800106                _ZN6driver10atmega328p4Gpio9myHwPortDE
 .data._ZN6driver10atmega328p4Gpio9myHwPortCE
                0x00800110        0xa driver/atmega328p/source/gpio.o
                0x00800110                _ZN6driver10atmega328p4Gpio9myHwPortCE
 .data._ZN6driver10atmega328p4Gpio9myHwPortBE
                0x0080011a        0xa driver/atmega328p/source/gpio.o
                0x0080011a                _ZN6driver10atmega328p4Gpio9myHwPortBE
 *(.gnu.linkonce.d*)
 *(.rodata)
 *(.rodata*)
 .rodata._ZTVN6driver12AdcInterfaceE
                0x00800124       0x1a driver/atmega328p/source/adc.o
                0x00800124                _ZTVN6driver12AdcInterfaceE
 .rodata._ZTVN6driver10atmega328p3AdcE
                0x0080013e       0x1a driver/atmega328p/source/adc.o
                0x0080013e                _ZTVN6driver10atmega328p3AdcE
 .rodata._ZTVN6driver15EepromInterfaceE
                0x00800158       0x14 driver/atmega328p/source/eeprom.o
                0x00800158                _ZTVN6driver15EepromInterfaceE
 .rodata._ZTVN6driver10atmega328p6EepromE
                0x0080016c       0x14 driver/atmega328p/source/eeprom.o
                0x0080016c                _ZTVN6driver10atmega328p6EepromE
 .rodata._ZTVN6driver13GpioInterfaceE
                0x00800180       0x14 driver/atmega328p/source/gpio.o
                0x00800180                _ZTVN6driver13GpioInterfaceE
 .rodata._ZTVN6driver10atmega328p4GpioE
                0x00800194       0x14 driver/atmega328p/source/gpio.o
                0x00800194                _ZTVN6driver10atmega328p4GpioE
 .rodata._ZTVN6driver15SerialInterfaceE
                0x008001a8       0x12 driver/atmega328p/source/serial.o
                0x008001a8                _ZTVN6driver15SerialInterfaceE
 .rodata._ZTVN6driver10atmega328p6SerialE
                0x008001ba       0x12 driver/atmega328p/source/serial.o
                0x008001ba                _ZTVN6driver10atmega328p6SerialE
 .rodata._ZTVN6driver14TimerInterfaceE
                0x008001cc       0x1a driver/atmega328p/source/timer.o
                0x008001cc                _ZTVN6driver14TimerInterfaceE
 .rodata._ZTVN6driver10atmega328p5TimerE
                0x008001e6       0x1a driver/atmega328p/source/timer.o
                0x008001e6                _ZTVN6driver10atmega328p5TimerE
 .rodata._ZTVN6driver17WatchdogInterfaceE
                0x00800200       0x12 driver/atmega328p/source/watchdog.o
                0x00800200                _ZTVN6driver17WatchdogInterfaceE
 .rodata._ZTVN6driver10atmega328p8WatchdogE
                0x00800212       0x12 driver/atmega328p/source/watchdog.o
                0x00800212                _ZTVN6driver10atmega328p8WatchdogE
 .rodata.str1.1
                0x00800224       0x22 main.o
 .rodata.str1.1
                0x00800246       0x68 target/source/system.o
 *(.gnu.linkonce.r*)
                0x008002ae                . = ALIGN (0x2)
                0x008002ae                _edata = .
                0x008002ae                PROVIDE (__data_end, .)

.bss            0x008002ae       0x4e
                0x008002ae                PROVIDE (__bss_start, .)
 *(.bss)
 .bss           0x008002ae        0x2 c:/program files (x86)/atmel/studio/7.0/toolchain/avr8/avr8-gnu-toolchain/bin/../lib/gcc/avr/5.4.0/../../../../avr/lib/avr5\libc.a(atexit.o)
 *(.bss*)
 .bss._ZZN6driver10atmega328p3Adc11getInstanceEvE10myInstance
                0x008002b0        0x3 driver/atmega328p/source/adc.o
 .bss._ZGVZN6driver10atmega328p3Adc11getInstanceEvE10myInstance
                0x008002b3        0x8 driver/atmega328p/source/adc.o
 .bss._ZZN6driver10atmega328p6Eeprom11getInstanceEvE10myInstance
                0x008002bb        0x3 driver/atmega328p/source/eeprom.o
 .bss._ZGVZN6driver10atmega328p6Eeprom11getInstanceEvE10myInstance
                0x008002be        0x8 driver/atmega328p/source/eeprom.o
 .bss._ZN6driver10atmega328p12_GLOBAL__N_19GpioParam11pinRegistryE
                0x008002c6        0x4 driver/atmega328p/source/gpio.o
 .bss._ZN6driver10atmega328p12_GLOBAL__N_19GpioParam9callbacksE
                0x008002ca        0x6 driver/atmega328p/source/gpio.o
 .bss._ZZN6driver10atmega328p6Serial11getInstanceEvE10myInstance
                0x008002d0        0x3 driver/atmega328p/source/serial.o
 .bss._ZGVZN6driver10atmega328p6Serial11getInstanceEvE10myInstance
                0x008002d3        0x8 driver/atmega328p/source/serial.o
 .bss._ZN6driver10atmega328p12_GLOBAL__N_110TimerParam9callbacksE
                0x008002db        0x6 driver/atmega328p/source/timer.o
 .bss._ZN6driver10atmega328p12_GLOBAL__N_110TimerParam6timersE
                0x008002e1        0x6 driver/atmega328p/source/timer.o
 .bss._ZZN6driver10atmega328p8Watchdog11getInstanceEvE10myInstance
                0x008002e7        0x5 driver/atmega328p/source/watchdog.o
 .bss._ZGVZN6driver10atmega328p8Watchdog11getInstanceEvE10myInstance
                0x008002ec        0x8 driver/atmega328p/source/watchdog.o
 .bss._ZN12_GLOBAL__N_15mySysE
                0x008002f4        0x2 main.o
 .bss._ZN2ml7lin_reg12_GLOBAL__N_16serialE
                0x008002f6        0x2 ml/source/ml/lin_reg/lin_reg.o
 *(COMMON)
 COMMON         0x008002f8        0x4 c:/program files (x86)/atmel/studio/7.0/toolchain/avr8/avr8-gnu-toolchain/bin/../lib/gcc/avr/5.4.0/../../../../avr/lib/avr5\libc.a(malloc.o)
                0x008002f8                __brkval
                0x008002fa                __flp
                0x008002fc                PROVIDE (__bss_end, .)
                0x00002708                __data_load_start = LOADADDR (.data)
                0x000028b6                __data_load_end = (__data_load_start + SIZEOF (.data))

.noinit         0x008002fc        0x0
                [!provide]                PROVIDE (__noinit_start, .)
 *(.noinit*)
                [!provide]                PROVIDE (__noinit_end, .)
                0x008002fc                _end = .
                0x008002fc                PROVIDE (__heap_start, .)

.eeprom         0x00810000        0x0
 *(.eeprom*)
                0x00810000                __eeprom_end = .

.fuse
 *(.fuse)
 *(.lfuse)
 *(.hfuse)
 *(.efuse)

.lock
 *(.lock*)

.signature
 *(.signature*)

.user_signatures
 *(.user_signatures*)

.stab
 *(.stab)

.stabstr
 *(.stabstr)

.stab.excl
 *(.stab.excl)

.stab.exclstr
 *(.stab.exclstr)

.stab.index
 *(.stab.index)

.stab.indexstr
 *(.stab.indexstr)

.comment        0x00000000       0x5c
 *(.comment)
 .comment       0x00000000       0x30 driver/atmega328p/source/adc.o
                                 0x31 (size before relaxing)
 .comment       0x00000030       0x31 driver/atmega328p/source/eeprom.o
 .comment       0x00000030       0x31 driver/atmega328p/source/gpio.o
 .comment       0x00000030       0x31 driver/atmega328p/source/serial.o
 .comment       0x00000030       0x31 driver/atmega328p/source/timer.o
 .comment       0x00000030       0x31 driver/atmega328p/source/watchdog.o
 .comment       0x00000030       0x31 main.o
 .comment       0x00000030       0x31 ml/source/ml/lin_reg/lin_reg.o
 .comment       0x00000030       0x31 target/source/system.o
 .comment       0x00000030       0x31 utils/source/utils.o
 .comment       0x00000030       0x31 c:/program files (x86)/atmel/studio/7.0/toolchain/avr8/avr8-gnu-toolchain/bin/../lib/gcc/avr/5.4.0/../../../../avr/lib/avr5\libc.a(atexit.o)
 .comment       0x00000030       0x31 c:/program files (x86)/atmel/studio/7.0/toolchain/avr8/avr8-gnu-toolchain/bin/../lib/gcc/avr/5.4.0/../../../../avr/lib/avr5\libc.a(malloc.o)
 .comment       0x00000030       0x31 c:/program files (x86)/atmel/studio/7.0/toolchain/avr8/avr8-gnu-toolchain/bin/../lib/gcc/avr/5.4.0/../../../../avr/lib/avr5\libc.a(snprintf.o)
 .comment       0x00000030       0x2c c:/program files (x86)/atmel/studio/7.0/toolchain/avr8/avr8-gnu-toolchain/bin/../lib/gcc/avr/5.4.0/../../../../avr/lib/avr5\libc.a(vfprintf_std.o)
                                 0x2d (size before relaxing)
 .comment       0x0000005c       0x31 c:/program files (x86)/atmel/studio/7.0/toolchain/avr8/avr8-gnu-toolchain/bin/../lib/gcc/avr/5.4.0/../../../../avr/lib/avr5\libc.a(fputc.o)

.note.gnu.avr.deviceinfo
                0x00000000       0x40
 .note.gnu.avr.deviceinfo
                0x00000000       0x40 C:/Program Files (x86)/Atmel/Studio/7.0/Packs/atmel/ATmega_DFP/1.7.374/gcc/dev/atmega328p/avr5/crtatmega328p.o

.note.gnu.build-id
 *(.note.gnu.build-id)

.debug
 *(.debug)

.line
 *(.line)

.debug_srcinfo
 *(.debug_srcinfo)

.debug_sfnames
 *(.debug_sfnames)

.debug_aranges  0x00000000      0x600
 *(.debug_aranges)
 .debug_aranges
                0x00000000       0x88 driver/atmega328p/source/adc.o
 .debug_aranges
                0x00000088       0x70 driver/atmega328p/source/eeprom.o
 .debug_aranges
                0x000000f8      0x108 driver/atmega328p/source/gpio.o
 .debug_aranges
                0x00000200       0x70 driver/atmega328p/source/serial.o
 .debug_aranges
                0x00000270      0x120 driver/atmega328p/source/timer.o
 .debug_aranges
                0x00000390       0x78 driver/atmega328p/source/watchdog.o
 .debug_aranges
                0x00000408       0x48 main.o
 .debug_aranges
                0x00000450       0xc0 ml/source/ml/lin_reg/lin_reg.o
 .debug_aranges
                0x00000510       0x88 target/source/system.o
 .debug_aranges
                0x00000598       0x68 utils/source/utils.o

.debug_pubnames
 *(.debug_pubnames)

.debug_info     0x00000000     0xa6e2
 *(.debug_info .gnu.linkonce.wi.*)
 .debug_info    0x00000000      0x5f4 C:/Program Files (x86)/Atmel/Studio/7.0/Packs/atmel/ATmega_DFP/1.7.374/gcc/dev/atmega328p/avr5/crtatmega328p.o
 .debug_info    0x000005f4     0x1161 driver/atmega328p/source/adc.o
 .debug_info    0x00001755      0xa59 driver/atmega328p/source/eeprom.o
 .debug_info    0x000021ae     0x1e91 driver/atmega328p/source/gpio.o
 .debug_info    0x0000403f      0xac6 driver/atmega328p/source/serial.o
 .debug_info    0x00004b05     0x18fd driver/atmega328p/source/timer.o
 .debug_info    0x00006402      0xc28 driver/atmega328p/source/watchdog.o
 .debug_info    0x0000702a      0xa08 main.o
 .debug_info    0x00007a32     0x1d1b ml/source/ml/lin_reg/lin_reg.o
 .debug_info    0x0000974d      0xb9a target/source/system.o
 .debug_info    0x0000a2e7      0x3fb utils/source/utils.o

.debug_abbrev   0x00000000     0x308c
 *(.debug_abbrev)
 .debug_abbrev  0x00000000      0x5a2 C:/Program Files (x86)/Atmel/Studio/7.0/Packs/atmel/ATmega_DFP/1.7.374/gcc/dev/atmega328p/avr5/crtatmega328p.o
 .debug_abbrev  0x000005a2      0x438 driver/atmega328p/source/adc.o
 .debug_abbrev  0x000009da      0x401 driver/atmega328p/source/eeprom.o
 .debug_abbrev  0x00000ddb      0x5d4 driver/atmega328p/source/gpio.o
 .debug_abbrev  0x000013af      0x44b driver/atmega328p/source/serial.o
 .debug_abbrev  0x000017fa      0x5fe driver/atmega328p/source/timer.o
 .debug_abbrev  0x00001df8      0x448 driver/atmega328p/source/watchdog.o
 .debug_abbrev  0x00002240      0x361 main.o
 .debug_abbrev  0x000025a1      0x5a0 ml/source/ml/lin_reg/lin_reg.o
 .debug_abbrev  0x00002b41      0x33f target/source/system.o
 .debug_abbrev  0x00002e80      0x20c utils/source/utils.o

.debug_line     0x00000000     0x2ef8
 *(.debug_line .debug_line.* .debug_line_end)
 .debug_line    0x00000000      0x134 C:/Program Files (x86)/Atmel/Studio/7.0/Packs/atmel/ATmega_DFP/1.7.374/gcc/dev/atmega328p/avr5/crtatmega328p.o
 .debug_line    0x00000134      0x354 driver/atmega328p/source/adc.o
 .debug_line    0x00000488      0x2ee driver/atmega328p/source/eeprom.o
 .debug_line    0x00000776      0x850 driver/atmega328p/source/gpio.o
 .debug_line    0x00000fc6      0x2ea driver/atmega328p/source/serial.o
 .debug_line    0x000012b0      0x847 driver/atmega328p/source/timer.o
 .debug_line    0x00001af7      0x38a driver/atmega328p/source/watchdog.o
 .debug_line    0x00001e81      0x338 main.o
 .debug_line    0x000021b9      0x690 ml/source/ml/lin_reg/lin_reg.o
 .debug_line    0x00002849      0x453 target/source/system.o
 .debug_line    0x00002c9c      0x25c utils/source/utils.o

.debug_frame    0x00000000     0x11c8
 *(.debug_frame)
 .debug_frame   0x00000000       0xfc driver/atmega328p/source/adc.o
 .debug_frame   0x000000fc       0xdc driver/atmega328p/source/eeprom.o
 .debug_frame   0x000001d8      0x408 driver/atmega328p/source/gpio.o
 .debug_frame   0x000005e0       0xd8 driver/atmega328p/source/serial.o
 .debug_frame   0x000006b8      0x3f0 driver/atmega328p/source/timer.o
 .debug_frame   0x00000aa8       0xf8 driver/atmega328p/source/watchdog.o
 .debug_frame   0x00000ba0       0xf0 main.o
 .debug_frame   0x00000c90      0x27c ml/source/ml/lin_reg/lin_reg.o
 .debug_frame   0x00000f0c      0x208 target/source/system.o
 .debug_frame   0x00001114       0xb4 utils/source/utils.o

.debug_str      0x00000000     0x4a97
 *(.debug_str)
 .debug_str     0x00000000      0x208 C:/Program Files (x86)/Atmel/Studio/7.0/Packs/atmel/ATmega_DFP/1.7.374/gcc/dev/atmega328p/avr5/crtatmega328p.o
 .debug_str     0x00000208      0x9d3 driver/atmega328p/source/adc.o
                                0xa25 (size before relaxing)
 .debug_str     0x00000bdb      0x509 driver/atmega328p/source/eeprom.o
                                0x7ef (size before relaxing)
 .debug_str     0x000010e4      0xf9c driver/atmega328p/source/gpio.o
                               0x1325 (size before relaxing)
 .debug_str     0x00002080      0x43f driver/atmega328p/source/serial.o
                                0x7e1 (size before relaxing)
 .debug_str     0x000024bf      0x8b8 driver/atmega328p/source/timer.o
                               0x129e (size before relaxing)
 .debug_str     0x00002d77      0x547 driver/atmega328p/source/watchdog.o
                                0x961 (size before relaxing)
 .debug_str     0x000032be      0x50f main.o
                                0x803 (size before relaxing)
 .debug_str     0x000037cd     0x1094 ml/source/ml/lin_reg/lin_reg.o
                               0x13de (size before relaxing)
 .debug_str     0x00004861      0x152 target/source/system.o
                                0x809 (size before relaxing)
 .debug_str     0x000049b3       0xe4 utils/source/utils.o
                                0x36a (size before relaxing)

.debug_loc      0x00000000     0x4bfe
 *(.debug_loc)
 .debug_loc     0x00000000      0x4df driver/atmega328p/source/adc.o
 .debug_loc     0x000004df      0x2f1 driver/atmega328p/source/eeprom.o
 .debug_loc     0x000007d0     0x13ca driver/atmega328p/source/gpio.o
 .debug_loc     0x00001b9a      0x27a driver/atmega328p/source/serial.o
 .debug_loc     0x00001e14      0xe11 driver/atmega328p/source/timer.o
 .debug_loc     0x00002c25      0x4c9 driver/atmega328p/source/watchdog.o
 .debug_loc     0x000030ee      0x39d main.o
 .debug_loc     0x0000348b      0xc65 ml/source/ml/lin_reg/lin_reg.o
 .debug_loc     0x000040f0      0x930 target/source/system.o
 .debug_loc     0x00004a20      0x1de utils/source/utils.o

.debug_macinfo
 *(.debug_macinfo)

.debug_weaknames
 *(.debug_weaknames)

.debug_funcnames
 *(.debug_funcnames)

.debug_typenames
 *(.debug_typenames)

.debug_varnames
 *(.debug_varnames)

.debug_pubtypes
 *(.debug_pubtypes)

.debug_ranges   0x00000000      0x578
 *(.debug_ranges)
 .debug_ranges  0x00000000       0x78 driver/atmega328p/source/adc.o
 .debug_ranges  0x00000078       0x60 driver/atmega328p/source/eeprom.o
 .debug_ranges  0x000000d8       0xf8 driver/atmega328p/source/gpio.o
 .debug_ranges  0x000001d0       0x60 driver/atmega328p/source/serial.o
 .debug_ranges  0x00000230      0x110 driver/atmega328p/source/timer.o
 .debug_ranges  0x00000340       0x68 driver/atmega328p/source/watchdog.o
 .debug_ranges  0x000003a8       0x38 main.o
 .debug_ranges  0x000003e0       0xc8 ml/source/ml/lin_reg/lin_reg.o
 .debug_ranges  0x000004a8       0x78 target/source/system.o
 .debug_ranges  0x00000520       0x58 utils/source/utils.o

.debug_macro
 *(.debug_macro)
OUTPUT(ATmega328P_factory.elf elf32-avr)
LOAD linker stubs
