Archive member included to satisfy reference by file (symbol)

c:/program files (x86)/atmel/studio/7.0/toolchain/avr8/avr8-gnu-toolchain/bin/../lib/gcc/avr/5.4.0/../../../../avr/lib/avr5\libm.a(addsf3.o)
                              main.o (__subsf3)
c:/program files (x86)/atmel/studio/7.0/toolchain/avr8/avr8-gnu-toolchain/bin/../lib/gcc/avr/5.4.0/../../../../avr/lib/avr5\libm.a(addsf3x.o)
                              c:/program files (x86)/atmel/studio/7.0/toolchain/avr8/avr8-gnu-toolchain/bin/../lib/gcc/avr/5.4.0/../../../../avr/lib/avr5\libm.a(addsf3.o) (__addsf3x)
c:/program files (x86)/atmel/studio/7.0/toolchain/avr8/avr8-gnu-toolchain/bin/../lib/gcc/avr/5.4.0/../../../../avr/lib/avr5\libm.a(cmpsf2.o)
                              ml/source/ml/lin_reg/lin_reg.o (__eqsf2)
c:/program files (x86)/atmel/studio/7.0/toolchain/avr8/avr8-gnu-toolchain/bin/../lib/gcc/avr/5.4.0/../../../../avr/lib/avr5\libm.a(divsf3.o)
                              driver/atmega328p/source/adc.o (__divsf3)
c:/program files (x86)/atmel/studio/7.0/toolchain/avr8/avr8-gnu-toolchain/bin/../lib/gcc/avr/5.4.0/../../../../avr/lib/avr5\libm.a(divsf3x.o)
                              c:/program files (x86)/atmel/studio/7.0/toolchain/avr8/avr8-gnu-toolchain/bin/../lib/gcc/avr/5.4.0/../../../../avr/lib/avr5\libm.a(divsf3.o) (__divsf3x)
c:/program files (x86)/atmel/studio/7.0/toolchain/avr8/avr8-gnu-toolchain/bin/../lib/gcc/avr/5.4.0/../../../../avr/lib/avr5\libm.a(fixsfsi.o)
                              main.o (__fixsfsi)
c:/program files (x86)/atmel/studio/7.0/toolchain/avr8/avr8-gnu-toolchain/bin/../lib/gcc/avr/5.4.0/../../../../avr/lib/avr5\libm.a(fixunssfsi.o)
                              driver/atmega328p/source/timer.o (__fixunssfsi)
c:/program files (x86)/atmel/studio/7.0/toolchain/avr8/avr8-gnu-toolchain/bin/../lib/gcc/avr/5.4.0/../../../../avr/lib/avr5\libm.a(floatsisf.o)
                              driver/atmega328p/source/adc.o (__floatunsisf)
c:/program files (x86)/atmel/studio/7.0/toolchain/avr8/avr8-gnu-toolchain/bin/../lib/gcc/avr/5.4.0/../../../../avr/lib/avr5\libm.a(fp_cmp.o)
                              c:/program files (x86)/atmel/studio/7.0/toolchain/avr8/avr8-gnu-toolchain/bin/../lib/gcc/avr/5.4.0/../../../../avr/lib/avr5\libm.a(cmpsf2.o) (__fp_cmp)
c:/program files (x86)/atmel/studio/7.0/toolchain/avr8/avr8-gnu-toolchain/bin/../lib/gcc/avr/5.4.0/../../../../avr/lib/avr5\libm.a(fp_inf.o)
                              c:/program files (x86)/atmel/studio/7.0/toolchain/avr8/avr8-gnu-toolchain/bin/../lib/gcc/avr/5.4.0/../../../../avr/lib/avr5\libm.a(addsf3x.o) (__fp_inf)
c:/program files (x86)/atmel/studio/7.0/toolchain/avr8/avr8-gnu-toolchain/bin/../lib/gcc/avr/5.4.0/../../../../avr/lib/avr5\libm.a(fp_nan.o)
                              c:/program files (x86)/atmel/studio/7.0/toolchain/avr8/avr8-gnu-toolchain/bin/../lib/gcc/avr/5.4.0/../../../../avr/lib/avr5\libm.a(addsf3x.o) (__fp_nan)
c:/program files (x86)/atmel/studio/7.0/toolchain/avr8/avr8-gnu-toolchain/bin/../lib/gcc/avr/5.4.0/../../../../avr/lib/avr5\libm.a(fp_pscA.o)
                              c:/program files (x86)/atmel/studio/7.0/toolchain/avr8/avr8-gnu-toolchain/bin/../lib/gcc/avr/5.4.0/../../../../avr/lib/avr5\libm.a(addsf3x.o) (__fp_pscA)
c:/program files (x86)/atmel/studio/7.0/toolchain/avr8/avr8-gnu-toolchain/bin/../lib/gcc/avr/5.4.0/../../../../avr/lib/avr5\libm.a(fp_pscB.o)
                              c:/program files (x86)/atmel/studio/7.0/toolchain/avr8/avr8-gnu-toolchain/bin/../lib/gcc/avr/5.4.0/../../../../avr/lib/avr5\libm.a(addsf3x.o) (__fp_pscB)
c:/program files (x86)/atmel/studio/7.0/toolchain/avr8/avr8-gnu-toolchain/bin/../lib/gcc/avr/5.4.0/../../../../avr/lib/avr5\libm.a(fp_round.o)
                              c:/program files (x86)/atmel/studio/7.0/toolchain/avr8/avr8-gnu-toolchain/bin/../lib/gcc/avr/5.4.0/../../../../avr/lib/avr5\libm.a(addsf3.o) (__fp_round)
c:/program files (x86)/atmel/studio/7.0/toolchain/avr8/avr8-gnu-toolchain/bin/../lib/gcc/avr/5.4.0/../../../../avr/lib/avr5\libm.a(fp_split3.o)
                              c:/program files (x86)/atmel/studio/7.0/toolchain/avr8/avr8-gnu-toolchain/bin/../lib/gcc/avr/5.4.0/../../../../avr/lib/avr5\libm.a(addsf3x.o) (__fp_split3)
c:/program files (x86)/atmel/studio/7.0/toolchain/avr8/avr8-gnu-toolchain/bin/../lib/gcc/avr/5.4.0/../../../../avr/lib/avr5\libm.a(fp_zero.o)
                              c:/program files (x86)/atmel/studio/7.0/toolchain/avr8/avr8-gnu-toolchain/bin/../lib/gcc/avr/5.4.0/../../../../avr/lib/avr5\libm.a(addsf3x.o) (__fp_zero)
c:/program files (x86)/atmel/studio/7.0/toolchain/avr8/avr8-gnu-toolchain/bin/../lib/gcc/avr/5.4.0/../../../../avr/lib/avr5\libm.a(gesf2.o)
                              main.o (__gesf2)
c:/program files (x86)/atmel/studio/7.0/toolchain/avr8/avr8-gnu-toolchain/bin/../lib/gcc/avr/5.4.0/../../../../avr/lib/avr5\libm.a(mulsf3.o)
                              driver/atmega328p/source/adc.o (__mulsf3)
[...]
Memory Configuration

Name             Origin             Length             Attributes
text             0x00000000         0x00008000         xr
data             0x00800100         0x00000800         rw !x
eeprom           0x00810000         0x00000400         rw !x
fuse             0x00820000         0x00000003         rw !x
lock             0x00830000         0x00000400         rw !x
signature        0x00840000         0x00000400         rw !x
user_signatures  0x00850000         0x00000400         rw !x
*default*        0x00000000         0xffffffff

Linker script and memory map

Address of section .data set to 0x800100
LOAD C:/Program Files (x86)/Atmel/Studio/7.0/Packs/atmel/ATmega_DFP/1.7.374/gcc/dev/atmega328p/avr5/crtatmega328p.o
LOAD driver/atmega328p/source/adc.o
LOAD driver/atmega328p/source/eeprom.o
LOAD driver/atmega328p/source/gpio.o
LOAD driver/atmega328p/source/serial.o
LOAD driver/atmega328p/source/timer.o
LOAD driver/atmega328p/source/watchdog.o
LOAD main.o
LOAD ml/source/ml/lin_reg/lin_reg.o
LOAD target/source/system.o
LOAD utils/source/utils.o
START GROUP
LOAD c:/program files (x86)/atmel/studio/7.0/toolchain/avr8/avr8-gnu-toolchain/bin/../lib/gcc/avr/5.4.0/../../../../avr/lib/avr5\libm.a
END GROUP
LOAD c:/program files (x86)/atmel/studio/7.0/toolchain/avr8/avr8-gnu-toolchain/bin/../lib/gcc/avr/5.4.0/avr5\libgcc.a
LOAD c:/program files (x86)/atmel/studio/7.0/toolchain/avr8/avr8-gnu-toolchain/bin/../lib/gcc/avr/5.4.0/../../../../avr/lib/avr5\libm.a
START GROUP
LOAD c:/program files (x86)/atmel/studio/7.0/toolchain/avr8/avr8-gnu-toolchain/bin/../lib/gcc/avr/5.4.0/avr5\libgcc.a
LOAD c:/program files (x86)/atmel/studio/7.0/toolchain/avr8/avr8-gnu-toolchain/bin/../lib/gcc/avr/5.4.0/../../../../avr/lib/avr5\libm.a
LOAD c:/program files (x86)/atmel/studio/7.0/toolchain/avr8/avr8-gnu-toolchain/bin/../lib/gcc/avr/5.4.0/../../../../avr/lib/avr5\libc.a
LOAD C:/Program Files (x86)/Atmel/Studio/7.0/Packs/atmel/ATmega_DFP/1.7.374/gcc/dev/atmega328p/avr5\libatmega328p.a
END GROUP
                0x00000000                __TEXT_REGION_ORIGIN__ = DEFINED (__TEXT_REGION_ORIGIN__)?__TEXT_REGION_ORIGIN__:0x0
                [0x00800100]                __DATA_REGION_ORIGIN__ = DEFINED (__DATA_REGION_ORIGIN__)?__DATA_REGION_ORIGIN__:0x800060
                [0x00008000]                __TEXT_REGION_LENGTH__ = DEFINED (__TEXT_REGION_LENGTH__)?__TEXT_REGION_LENGTH__:0x20000
                [0x00000800]                __DATA_REGION_LENGTH__ = DEFINED (__DATA_REGION_LENGTH__)?__DATA_REGION_LENGTH__:0xffa0
                [0x00000400]                __EEPROM_REGION_LENGTH__ = DEFINED (__EEPROM_REGION_LENGTH__)?__EEPROM_REGION_LENGTH__:0x10000
                [0x00000003]                __FUSE_REGION_LENGTH__ = DEFINED (__FUSE_REGION_LENGTH__)?__FUSE_REGION_LENGTH__:0x400
                0x00000400                __LOCK_REGION_LENGTH__ = DEFINED (__LOCK_REGION_LENGTH__)?__LOCK_REGION_LENGTH__:0x400
                0x00000400                __SIGNATURE_REGION_LENGTH__ = DEFINED (__SIGNATURE_REGION_LENGTH__)?__SIGNATURE_REGION_LENGTH__:0x400
                0x00000400                __USER_SIGNATURE_REGION_LENGTH__ = DEFINED (__USER_SIGNATURE_REGION_LENGTH__)?__USER_SIGNATURE_REGION_LENGTH__:0x400

.hash
 *(.hash)

.dynsym
 *(.dynsym)

.dynstr
 *(.dynstr)

.gnu.version
 *(.gnu.version)

.gnu.version_d
 *(.gnu.version_d)

.gnu.version_r
 *(.gnu.version_r)

.rel.init
 *(.rel.init)

.rela.init
 *(.rela.init)

.rel.text
 *(.rel.text)
 *(.rel.text.*)
 *(.rel.gnu.linkonce.t*)

.rela.text
 *(.rela.text)
 *(.rela.text.*)
 *(.rela.gnu.linkonce.t*)

.rel.fini
 *(.rel.fini)

.rela.fini
 *(.rela.fini)

.rel.rodata
 *(.rel.rodata)
 *(.rel.rodata.*)
 *(.rel.gnu.linkonce.r*)

.rela.rodata
 *(.rela.rodata)
 *(.rela.rodata.*)
 *(.rela.gnu.linkonce.r*)

.rel.data
 *(.rel.data)
 *(.rel.data.*)
 *(.rel.gnu.linkonce.d*)

.rela.data
 *(.rela.data)
 *(.rela.data.*)
 *(.rela.gnu.linkonce.d*)

.rel.ctors
 *(.rel.ctors)

.rela.ctors
 *(.rela.ctors)

.rel.dtors
 *(.rel.dtors)

.rela.dtors
 *(.rela.dtors)

.rel.got
 *(.rel.got)

.rela.got
 *(.rela.got)

.rel.bss
 *(.rel.bss)

.rela.bss
 *(.rela.bss)

.rel.plt
 *(.rel.plt)

.rela.plt
 *(.rela.plt)

.text           0x00000000     0x3a88
 *(.vectors)
 .vectors       0x00000000       0x68 C:/Program Files (x86)/Atmel/Studio/7.0/Packs/atmel/ATmega_DFP/1.7.374/gcc/dev/atmega328p/avr5/crtatmega328p.o
                0x00000000                __vector_default
                0x00000000                __vectors
 *(.vectors)
 *(.progmem.gcc*)
                0x00000068                . = ALIGN (0x2)
                0x00000068                __trampolines_start = .
 *(.trampolines)
 .trampolines   0x00000068        0x0 linker stubs
 *(.trampolines*)
                0x00000068                __trampolines_end = .
 *libprintf_flt.a:*(.progmem.data)
 *libc.a:*(.progmem.data)
 *(.progmem*)
                0x00000068                . = ALIGN (0x2)
 *(.jumptables)
 *(.jumptables*)
 *(.lowtext)
 *(.lowtext*)
                0x00000068                __ctors_start = .
 *(.ctors)
 .ctors         0x00000068        0x2 driver/atmega328p/source/gpio.o
 .ctors         0x0000006a        0x2 driver/atmega328p/source/timer.o
 .ctors         0x0000006c        0x2 ml/source/ml/lin_reg/lin_reg.o
                0x0000006e                __ctors_end = .
                0x0000006e                __dtors_start = .
 *(.dtors)
 .dtors         0x0000006e        0x2 driver/atmega328p/source/gpio.o
 .dtors         0x00000070        0x2 driver/atmega328p/source/timer.o
                0x00000072                __dtors_end = .
 SORT(*)(.ctors)
 SORT(*)(.dtors)
 *(.init0)
 .init0         0x00000072        0x0 C:/Program Files (x86)/Atmel/Studio/7.0/Packs/atmel/ATmega_DFP/1.7.374/gcc/dev/atmega328p/avr5/crtatmega328p.o
                0x00000072                __init
 *(.init0)
 *(.init1)
 *(.init1)
 *(.init2)
 .init2         0x00000072        0xc C:/Program Files (x86)/Atmel/Studio/7.0/Packs/atmel/ATmega_DFP/1.7.374/gcc/dev/atmega328p/avr5/crtatmega328p.o
 *(.init2)
 *(.init3)
 *(.init3)
 *(.init4)
 .init4         0x0000007e       0x16 c:/program files (x86)/atmel/studio/7.0/toolchain/avr8/avr8-gnu-toolchain/bin/../lib/gcc/avr/5.4.0/avr5\libgcc.a(_copy_data.o)
                0x0000007e                __do_copy_data
 .init4         0x00000094       0x10 c:/program files (x86)/atmel/studio/7.0/toolchain/avr8/avr8-gnu-toolchain/bin/../lib/gcc/avr/5.4.0/avr5\libgcc.a(_clear_bss.o)
                0x00000094                __do_clear_bss
 *(.init4)
 *(.init5)
 *(.init5)
 *(.init6)
 .init6         0x000000a4       0x16 c:/program files (x86)/atmel/studio/7.0/toolchain/avr8/avr8-gnu-toolchain/bin/../lib/gcc/avr/5.4.0/avr5\libgcc.a(_ctors.o)
                0x000000a4                __do_global_ctors
 *(.init6)
 *(.init7)
 *(.init7)
 *(.init8)
 *(.init8)
 *(.init9)
 .init9         0x000000ba        0x8 C:/Program Files (x86)/Atmel/Studio/7.0/Packs/atmel/ATmega_DFP/1.7.374/gcc/dev/atmega328p/avr5/crtatmega328p.o
 *(.init9)
 *(.text)
 .text          0x000000c2        0x4 C:/Program Files (x86)/Atmel/Studio/7.0/Packs/atmel/ATmega_DFP/1.7.374/gcc/dev/atmega328p/avr5/crtatmega328p.o
                0x000000c2                __vector_22
                0x000000c2                __vector_1
                0x000000c2                __vector_24
                0x000000c2                __vector_12
                0x000000c2                __bad_interrupt
                0x000000c2                __vector_6
                0x000000c2                __vector_23
                0x000000c2                __vector_25
                0x000000c2                __vector_13
                0x000000c2                __vector_17
                0x000000c2                __vector_19
                0x000000c2                __vector_7
                0x000000c2                __vector_2
                0x000000c2                __vector_21
                0x000000c2                __vector_15
                0x000000c2                __vector_8
                0x000000c2                __vector_14
                0x000000c2                __vector_10
                0x000000c2                __vector_18
                0x000000c2                __vector_20
 .text          0x000000c6       0x64 c:/program files (x86)/atmel/studio/7.0/toolchain/avr8/avr8-gnu-toolchain/bin/../lib/gcc/avr/5.4.0/../../../../avr/lib/avr5\libc.a(atexit.o)
                0x000000ee                atexit
 .text          0x0000012a       0x26 c:/program files (x86)/atmel/studio/7.0/toolchain/avr8/avr8-gnu-toolchain/bin/../lib/gcc/avr/5.4.0/../../../../avr/lib/avr5\libc.a(time.o)
                0x0000012a                time
                0x00000150                . = ALIGN (0x2)
 *(.text.*)
 .text.__tcf_0  0x00000150        0xe driver/atmega328p/source/adc.o
 .text._ZNK6driver10atmega328p3Adc10resolutionEv
                0x0000015e        0x4 driver/atmega328p/source/adc.o
                0x0000015e                _ZNK6driver10atmega328p3Adc10resolutionEv
 .text._ZNK6driver10atmega328p3Adc8maxValueEv
                0x00000162        0x6 driver/atmega328p/source/adc.o
                0x00000162                _ZNK6driver10atmega328p3Adc8maxValueEv
 .text._ZNK6driver10atmega328p3Adc13supplyVoltageEv
                0x00000168        0xa driver/atmega328p/source/adc.o
                0x00000168                _ZNK6driver10atmega328p3Adc13supplyVoltageEv
 .text._ZNK6driver10atmega328p3Adc4readEh
                0x00000172       0xa8 driver/atmega328p/source/adc.o
                0x00000172                _ZNK6driver10atmega328p3Adc4readEh
 .text._ZNK6driver10atmega328p3Adc9dutyCycleEh
                0x0000021a       0x1c driver/atmega328p/source/adc.o
                0x0000021a                _ZNK6driver10atmega328p3Adc9dutyCycleEh
 .text._ZNK6driver10atmega328p3Adc12inputVoltageEh
                0x00000236       0x12 driver/atmega328p/source/adc.o
                0x00000236                _ZNK6driver10atmega328p3Adc12inputVoltageEh
 .text._ZNK6driver10atmega328p3Adc13isInitializedEv
                0x00000248        0x4 driver/atmega328p/source/adc.o
                0x00000248                _ZNK6driver10atmega328p3Adc13isInitializedEv
 .text._ZNK6driver10atmega328p3Adc9isEnabledEv
                0x0000024c        0x6 driver/atmega328p/source/adc.o
                0x0000024c                _ZNK6driver10atmega328p3Adc9isEnabledEv
 .text._ZN6driver10atmega328p3Adc10setEnabledEb
                0x00000252        0x6 driver/atmega328p/source/adc.o
                0x00000252                _ZN6driver10atmega328p3Adc10setEnabledEb
 .text._ZN6driver10atmega328p3AdcD2Ev
                0x00000258        0xc driver/atmega328p/source/adc.o
                0x00000258                _ZN6driver10atmega328p3AdcD2Ev
                0x00000258                _ZN6driver10atmega328p3AdcD1Ev
 .text._ZN6driver10atmega328p3AdcD0Ev
                0x00000264       0x14 driver/atmega328p/source/adc.o
                0x00000264                _ZN6driver10atmega328p3AdcD0Ev
 .text._ZN6driver10atmega328p3AdcC2Ev
                0x00000278       0x14 driver/atmega328p/source/adc.o
                0x00000278                _ZN6driver10atmega328p3AdcC1Ev
                0x00000278                _ZN6driver10atmega328p3AdcC2Ev
 .text._ZN6driver10atmega328p3Adc11getInstanceEv
                0x0000028c       0x32 driver/atmega328p/source/adc.o
                0x0000028c                _ZN6driver10atmega328p3Adc11getInstanceEv
 .text.__tcf_0  0x000002be        0xe driver/atmega328p/source/eeprom.o
 .text._ZNK6driver10atmega328p6Eeprom13isInitializedEv
                0x000002cc        0x4 driver/atmega328p/source/eeprom.o
                0x000002cc                _ZNK6driver10atmega328p6Eeprom13isInitializedEv
 .text._ZNK6driver10atmega328p6Eeprom9isEnabledEv
                0x000002d0        0x6 driver/atmega328p/source/eeprom.o
                0x000002d0                _ZNK6driver10atmega328p6Eeprom9isEnabledEv
 .text._ZN6driver10atmega328p6Eeprom10setEnabledEb
                0x000002d6        0x6 driver/atmega328p/source/eeprom.o
                0x000002d6                _ZN6driver10atmega328p6Eeprom10setEnabledEb
 .text._ZNK6driver10atmega328p6Eeprom14isAddressValidEjh
                0x000002dc       0x10 driver/atmega328p/source/eeprom.o
                0x000002dc                _ZNK6driver10atmega328p6Eeprom14isAddressValidEjh
 .text._ZNK6driver10atmega328p6Eeprom8readByteEj
                0x000002ec       0x42 driver/atmega328p/source/eeprom.o
                0x000002ec                _ZNK6driver10atmega328p6Eeprom8readByteEj
 .text._ZN6driver10atmega328p6EepromD2Ev
                0x0000032e        0xc driver/atmega328p/source/eeprom.o
                0x0000032e                _ZN6driver10atmega328p6EepromD2Ev
                0x0000032e                _ZN6driver10atmega328p6EepromD1Ev
 .text._ZN6driver10atmega328p6EepromD0Ev
                0x0000033a       0x14 driver/atmega328p/source/eeprom.o
                0x0000033a                _ZN6driver10atmega328p6EepromD0Ev
 .text._ZNK6driver10atmega328p6Eeprom9writeByteEjh
                0x0000034e       0x5a driver/atmega328p/source/eeprom.o
                0x0000034e                _ZNK6driver10atmega328p6Eeprom9writeByteEjh
 .text._ZN6driver10atmega328p6EepromC2Ev
                0x000003a8        0xe driver/atmega328p/source/eeprom.o
                0x000003a8                _ZN6driver10atmega328p6EepromC2Ev
                0x000003a8                _ZN6driver10atmega328p6EepromC1Ev
 .text._ZN6driver10atmega328p6Eeprom11getInstanceEv
                0x000003b6       0x32 driver/atmega328p/source/eeprom.o
                0x000003b6                _ZN6driver10atmega328p6Eeprom11getInstanceEv
 .text._ZNK6driver10atmega328p4Gpio13isInitializedEv
                0x000003e8       0x12 driver/atmega328p/source/gpio.o
                0x000003e8                _ZNK6driver10atmega328p4Gpio13isInitializedEv
 .text._ZNK6driver10atmega328p4Gpio4readEv
                0x000003fa       0x34 driver/atmega328p/source/gpio.o
                0x000003fa                _ZNK6driver10atmega328p4Gpio4readEv
 .text._ZN6driver10atmega328p4Gpio5writeEb
                0x0000042e       0x66 driver/atmega328p/source/gpio.o
                0x0000042e                _ZN6driver10atmega328p4Gpio5writeEb
 .text._ZN6driver10atmega328p4Gpio6toggleEv
                0x00000494       0x36 driver/atmega328p/source/gpio.o
                0x00000494                _ZN6driver10atmega328p4Gpio6toggleEv
 .text._ZN6driver10atmega328p4Gpio21enableInterruptOnPortEb
                0x000004ca       0x62 driver/atmega328p/source/gpio.o
                0x000004ca                _ZN6driver10atmega328p4Gpio21enableInterruptOnPortEb
 .text._ZN6driver10atmega328p4Gpio15enableInterruptEb
                0x0000052c       0x94 driver/atmega328p/source/gpio.o
                0x0000052c                _ZN6driver10atmega328p4Gpio15enableInterruptEb
 .text._ZN6driver10atmega328p4GpioD2Ev
                0x000005c0       0xea driver/atmega328p/source/gpio.o
                0x000005c0                _ZN6driver10atmega328p4GpioD1Ev
                0x000005c0                _ZN6driver10atmega328p4GpioD2Ev
 .text._ZN6driver10atmega328p4GpioD0Ev
                0x000006aa       0x1a driver/atmega328p/source/gpio.o
                0x000006aa                _ZN6driver10atmega328p4GpioD0Ev
 .text._ZN6driver10atmega328p4Gpio12initHardwareEh
                0x000006c4       0x46 driver/atmega328p/source/gpio.o
                0x000006c4                _ZN6driver10atmega328p4Gpio12initHardwareEh
 .text._ZN6driver10atmega328p4Gpio7reserveEhNS1_9DirectionE
                0x0000070a       0xd4 driver/atmega328p/source/gpio.o
                0x0000070a                _ZN6driver10atmega328p4Gpio7reserveEhNS1_9DirectionE
 .text._ZN6driver10atmega328p4Gpio12setDirectionENS1_9DirectionE
                0x000007de       0x6a driver/atmega328p/source/gpio.o
                0x000007de                _ZN6driver10atmega328p4Gpio12setDirectionENS1_9DirectionE
 .text._ZN9container5ArrayIPFvvELj3EEC2Ev
                0x00000848        0xc driver/atmega328p/source/gpio.o
                0x00000848                _ZN9container5ArrayIPFvvELj3EEC2Ev
                0x00000848                _ZN9container5ArrayIPFvvELj3EEC1Ev
 .text._ZN9container13CallbackArrayILj3EEC2Ev
                0x00000854        0x6 driver/atmega328p/source/gpio.o
                0x00000854                _ZN9container13CallbackArrayILj3EEC2Ev
                0x00000854                _ZN9container13CallbackArrayILj3EEC1Ev
 .text._ZNK9container13CallbackArrayILj3EE12isIndexValidEj
                0x0000085a        0xc driver/atmega328p/source/gpio.o
                0x0000085a                _ZNK9container13CallbackArrayILj3EE12isIndexValidEj
 .text._ZN9container13CallbackArrayILj3EE3addEPFvvEj
                0x00000866       0x4e driver/atmega328p/source/gpio.o
                0x00000866                _ZN9container13CallbackArrayILj3EE3addEPFvvEj
 .text._ZNK6driver10atmega328p4Gpio11setCallbackEPFvvE
                0x000008b4       0x52 driver/atmega328p/source/gpio.o
                0x000008b4                _ZNK6driver10atmega328p4Gpio11setCallbackEPFvvE
 .text._ZN6driver10atmega328p4GpioC2EhNS1_9DirectionEPFvvE
                0x00000906       0x92 driver/atmega328p/source/gpio.o
                0x00000906                _ZN6driver10atmega328p4GpioC2EhNS1_9DirectionEPFvvE
                0x00000906                _ZN6driver10atmega328p4GpioC1EhNS1_9DirectionEPFvvE
 .text._ZNK9container13CallbackArrayILj3EE17isCallbackDefinedEj
                0x00000998       0x18 driver/atmega328p/source/gpio.o
                0x00000998                _ZNK9container13CallbackArrayILj3EE17isCallbackDefinedEj
 .text._ZN9container13CallbackArrayILj3EE6invokeEj
                0x000009b0       0x4e driver/atmega328p/source/gpio.o
                0x000009b0                _ZN9container13CallbackArrayILj3EE6invokeEj
 .text.__vector_3
                0x000009fe       0x50 driver/atmega328p/source/gpio.o
                0x000009fe                __vector_3
 .text.__vector_4
                0x00000a4e       0x50 driver/atmega328p/source/gpio.o
                0x00000a4e                __vector_4
 .text.__vector_5
                0x00000a9e       0x50 driver/atmega328p/source/gpio.o
                0x00000a9e                __vector_5
 .text._Z41__static_initialization_and_destruction_0ii
                0x00000aee       0x14 driver/atmega328p/source/gpio.o
 .text._GLOBAL__sub_I__ZN6driver10atmega328p4Gpio9myHwPortBE
                0x00000b02        0xe driver/atmega328p/source/gpio.o
 .text._GLOBAL__sub_D__ZN6driver10atmega328p4Gpio9myHwPortBE
                0x00000b10        0xe driver/atmega328p/source/gpio.o
 .text._ZN6driver10atmega328p12_GLOBAL__N_112transmitCharEc
                0x00000b1e       0x3c driver/atmega328p/source/serial.o
 .text.__tcf_0  0x00000b5a        0xe driver/atmega328p/source/serial.o
 .text._ZNK6driver10atmega328p6Serial12baudRate_bpsEv
                0x00000b68        0xa driver/atmega328p/source/serial.o
                0x00000b68                _ZNK6driver10atmega328p6Serial12baudRate_bpsEv
 .text._ZNK6driver10atmega328p6Serial13isInitializedEv
                0x00000b72        0x4 driver/atmega328p/source/serial.o
                0x00000b72                _ZNK6driver10atmega328p6Serial13isInitializedEv
 .text._ZNK6driver10atmega328p6Serial9isEnabledEv
                0x00000b76        0x6 driver/atmega328p/source/serial.o
                0x00000b76                _ZNK6driver10atmega328p6Serial9isEnabledEv
 .text._ZN6driver10atmega328p6Serial10setEnabledEb
                0x00000b7c        0x6 driver/atmega328p/source/serial.o
                0x00000b7c                _ZN6driver10atmega328p6Serial10setEnabledEb
 .text._ZNK6driver10atmega328p6Serial5printEPKc
                0x00000b82       0x2e driver/atmega328p/source/serial.o
                0x00000b82                _ZNK6driver10atmega328p6Serial5printEPKc
 .text._ZN6driver10atmega328p6SerialD2Ev
                0x00000bb0        0xc driver/atmega328p/source/serial.o
                0x00000bb0                _ZN6driver10atmega328p6SerialD2Ev
                0x00000bb0                _ZN6driver10atmega328p6SerialD1Ev
 .text._ZN6driver10atmega328p6SerialD0Ev
                0x00000bbc       0x14 driver/atmega328p/source/serial.o
                0x00000bbc                _ZN6driver10atmega328p6SerialD0Ev
 .text._ZN6driver10atmega328p6SerialC2Ev
                0x00000bd0       0x3a driver/atmega328p/source/serial.o
                0x00000bd0                _ZN6driver10atmega328p6SerialC1Ev
                0x00000bd0                _ZN6driver10atmega328p6SerialC2Ev
 .text._ZN6driver10atmega328p6Serial11getInstanceEv
                0x00000c0a       0x32 driver/atmega328p/source/serial.o
                0x00000c0a                _ZN6driver10atmega328p6Serial11getInstanceEv
 .text._ZNK6driver10atmega328p5Timer13isInitializedEv
                0x00000c3c       0x12 driver/atmega328p/source/timer.o
                0x00000c3c                _ZNK6driver10atmega328p5Timer13isInitializedEv
 .text._ZNK6driver10atmega328p5Timer9isEnabledEv
                0x00000c4e        0x6 driver/atmega328p/source/timer.o
                0x00000c4e                _ZNK6driver10atmega328p5Timer9isEnabledEv
 .text._ZN6driver10atmega328p5Timer11hasTimedOutEv
                0x00000c54       0x50 driver/atmega328p/source/timer.o
                0x00000c54                _ZN6driver10atmega328p5Timer11hasTimedOutEv
 .text._ZNK6driver10atmega328p5Timer10timeout_msEv
                0x00000ca4       0x2c driver/atmega328p/source/timer.o
                0x00000ca4                _ZNK6driver10atmega328p5Timer10timeout_msEv
 .text._ZN6driver10atmega328p5Timer4stopEv
                0x00000cd0       0x18 driver/atmega328p/source/timer.o
                0x00000cd0                _ZN6driver10atmega328p5Timer4stopEv
 .text._ZN6driver10atmega328p5Timer13setTimeout_msEm
                0x00000ce8       0x6a driver/atmega328p/source/timer.o
                0x00000ce8                _ZN6driver10atmega328p5Timer13setTimeout_msEm
 .text._ZN6driver10atmega328p5Timer5startEv
                0x00000d52       0x50 driver/atmega328p/source/timer.o
                0x00000d52                _ZN6driver10atmega328p5Timer5startEv
 .text._ZN6driver10atmega328p5Timer6toggleEv
                0x00000da2       0x14 driver/atmega328p/source/timer.o
                0x00000da2                _ZN6driver10atmega328p5Timer6toggleEv
 .text._ZN6driver10atmega328p5Timer7restartEv
                0x00000db6       0x18 driver/atmega328p/source/timer.o
                0x00000db6                _ZN6driver10atmega328p5Timer7restartEv
 .text._ZN6driver10atmega328p5Timer9incrementEv
                0x00000dce       0x28 driver/atmega328p/source/timer.o
                0x00000dce                _ZN6driver10atmega328p5Timer9incrementEv
 .text._ZN6driver10atmega328p5Timer8Hardware7releaseEPS2_
                0x00000df6       0x3c driver/atmega328p/source/timer.o
                0x00000df6                _ZN6driver10atmega328p5Timer8Hardware7releaseEPS2_
 .text._ZN6driver10atmega328p5Timer8Hardware4initEh
                0x00000e32       0x7e driver/atmega328p/source/timer.o
                0x00000e32                _ZN6driver10atmega328p5Timer8Hardware4initEh
 .text._ZN6driver10atmega328p5Timer8Hardware7reserveEv
                0x00000eb0       0x2a driver/atmega328p/source/timer.o
                0x00000eb0                _ZN6driver10atmega328p5Timer8Hardware7reserveEv
 .text._ZNK6driver10atmega328p5Timer11addCallbackEPFvvE
                0x00000eda       0x18 driver/atmega328p/source/timer.o
                0x00000eda                _ZNK6driver10atmega328p5Timer11addCallbackEPFvvE
 .text._ZN6driver10atmega328p5TimerC2EmPFvvEb
                0x00000ef2       0xb4 driver/atmega328p/source/timer.o
                0x00000ef2                _ZN6driver10atmega328p5TimerC2EmPFvvEb
                0x00000ef2                _ZN6driver10atmega328p5TimerC1EmPFvvEb
 .text._ZN9container13CallbackArrayILj3EE6removeEj
                0x00000fa6       0x2a driver/atmega328p/source/timer.o
                0x00000fa6                _ZN9container13CallbackArrayILj3EE6removeEj
 .text._ZNK6driver10atmega328p5Timer14removeCallbackEv
                0x00000fd0       0x18 driver/atmega328p/source/timer.o
                0x00000fd0                _ZNK6driver10atmega328p5Timer14removeCallbackEv
 .text._ZN6driver10atmega328p5TimerD2Ev
                0x00000fe8       0x3e driver/atmega328p/source/timer.o
                0x00000fe8                _ZN6driver10atmega328p5TimerD1Ev
                0x00000fe8                _ZN6driver10atmega328p5TimerD2Ev
 .text._ZN6driver10atmega328p5TimerD0Ev
                0x00001026       0x1a driver/atmega328p/source/timer.o
                0x00001026                _ZN6driver10atmega328p5TimerD0Ev
 .text._ZN6driver10atmega328p12_GLOBAL__N_114invokeCallbackEh
                0x00001040       0x46 driver/atmega328p/source/timer.o
 .text.__vector_16
                0x00001086       0x4a driver/atmega328p/source/timer.o
                0x00001086                __vector_16
 .text.__vector_11
                0x000010d0       0x4a driver/atmega328p/source/timer.o
                0x000010d0                __vector_11
 .text.__vector_9
                0x0000111a       0x4a driver/atmega328p/source/timer.o
                0x0000111a                __vector_9
 .text._Z41__static_initialization_and_destruction_0ii
                0x00001164       0x14 driver/atmega328p/source/timer.o
 .text._GLOBAL__sub_I__ZN6driver10atmega328p5TimerC2EmPFvvEb
                0x00001178        0xe driver/atmega328p/source/timer.o
 .text._GLOBAL__sub_D__ZN6driver10atmega328p5TimerC2EmPFvvEb
                0x00001186        0xe driver/atmega328p/source/timer.o
 .text._ZN6driver10atmega328p12_GLOBAL__N_112timeoutValueENS0_8Watchdog7TimeoutE
                0x00001194       0x7c driver/atmega328p/source/watchdog.o
 .text.__tcf_0  0x00001210        0xe driver/atmega328p/source/watchdog.o
 .text._ZNK6driver10atmega328p8Watchdog13isInitializedEv
                0x0000121e        0x4 driver/atmega328p/source/watchdog.o
                0x0000121e                _ZNK6driver10atmega328p8Watchdog13isInitializedEv
 .text._ZNK6driver10atmega328p8Watchdog9isEnabledEv
                0x00001222        0x6 driver/atmega328p/source/watchdog.o
                0x00001222                _ZNK6driver10atmega328p8Watchdog9isEnabledEv
 .text._ZNK6driver10atmega328p8Watchdog9timeoutMsEv
                0x00001228        0x8 driver/atmega328p/source/watchdog.o
                0x00001228                _ZNK6driver10atmega328p8Watchdog9timeoutMsEv
 .text._ZN6driver10atmega328p8WatchdogD2Ev
                0x00001230        0xc driver/atmega328p/source/watchdog.o
                0x00001230                _ZN6driver10atmega328p8WatchdogD1Ev
                0x00001230                _ZN6driver10atmega328p8WatchdogD2Ev
 .text._ZN6driver10atmega328p8WatchdogD0Ev
                0x0000123c       0x14 driver/atmega328p/source/watchdog.o
                0x0000123c                _ZN6driver10atmega328p8WatchdogD0Ev
 .text._ZN6driver10atmega328p8Watchdog5resetEv
                0x00001250       0x12 driver/atmega328p/source/watchdog.o
                0x00001250                _ZN6driver10atmega328p8Watchdog5resetEv
 .text._ZN6driver10atmega328p8Watchdog10setEnabledEb
                0x00001262       0x3a driver/atmega328p/source/watchdog.o
                0x00001262                _ZN6driver10atmega328p8Watchdog10setEnabledEb
 .text._ZN6driver10atmega328p8Watchdog10setTimeoutENS1_7TimeoutE
                0x0000129c       0x4e driver/atmega328p/source/watchdog.o
                0x0000129c                _ZN6driver10atmega328p8Watchdog10setTimeoutENS1_7TimeoutE
 .text._ZN6driver10atmega328p8WatchdogC2Ev
                0x000012ea       0x1a driver/atmega328p/source/watchdog.o
                0x000012ea                _ZN6driver10atmega328p8WatchdogC1Ev
                0x000012ea                _ZN6driver10atmega328p8WatchdogC2Ev
 .text._ZN6driver10atmega328p8Watchdog11getInstanceEv
                0x00001304       0x32 driver/atmega328p/source/watchdog.o
                0x00001304                _ZN6driver10atmega328p8Watchdog11getInstanceEv
 .text._ZN12_GLOBAL__N_120predictTimerCallbackEv
                0x00001336        0xe main.o
 .text._ZN12_GLOBAL__N_121debounceTimerCallbackEv
                0x00001344        0xe main.o
 .text._ZN12_GLOBAL__N_114buttonCallbackEv
                0x00001352        0xe main.o
 .text._ZNK9container6VectorIdE5beginEv
                0x00001360        0xe main.o
                0x00001360                _ZNK9container6VectorIdE5beginEv
 .text._ZNK9container6VectorIdE3endEv
                0x0000136e       0x1e main.o
                0x0000136e                _ZNK9container6VectorIdE3endEv
 .text._ZNK6driver15SerialInterface6printfIJiiEEEbPKcDpRKT_
                0x0000138c       0xaa main.o
                0x0000138c                _ZNK6driver15SerialInterface6printfIIiiEEEbPKcDpRKT_
                0x0000138c                _ZNK6driver15SerialInterface6printfIJiiEEEbPKcDpRKT_
 .text._ZNK6driver15SerialInterface6printfIJEEEbPKcDpRKT_
                0x00001436       0x1c main.o
                0x00001436                _ZNK6driver15SerialInterface6printfIJEEEbPKcDpRKT_
                0x00001436                _ZNK6driver15SerialInterface6printfIIEEEbPKcDpRKT_
 .text._ZN9container6VectorIdEC2Ev
                0x00001452        0xc main.o
                0x00001452                _ZN9container6VectorIdEC2Ev
                0x00001452                _ZN9container6VectorIdEC1Ev
 .text._ZN9container6VectorIdE5clearEv
                0x0000145e       0x1c main.o
                0x0000145e                _ZN9container6VectorIdE5clearEv
 .text._ZN9container6VectorIdED2Ev
                0x0000147a        0x6 main.o
                0x0000147a                _ZN9container6VectorIdED2Ev
                0x0000147a                _ZN9container6VectorIdED1Ev
 .text._ZN9container6VectorIdE6resizeEj
                0x00001480       0x38 main.o
                0x00001480                _ZN9container6VectorIdE6resizeEj
 .text._ZN9container6VectorIdE6assignILj14EEEvRAT__Kdj
                0x000014b8       0x60 main.o
                0x000014b8                _ZN9container6VectorIdE6assignILj14EEEvRAT__Kdj
 .text._ZN9container6VectorIdE9addValuesILj14EEEbRAT__Kd
                0x00001518       0x42 main.o
                0x00001518                _ZN9container6VectorIdE9addValuesILj14EEEbRAT__Kd
 .text._ZN9container6VectorIdEC2IJddddddddddddddEEEDpOKT_
                0x0000155a      0x1a2 main.o
                0x0000155a                _ZN9container6VectorIdEC1IJddddddddddddddEEEDpOKT_
                0x0000155a                _ZN9container6VectorIdEC2IIddddddddddddddEEEDpOKT_
                0x0000155a                _ZN9container6VectorIdEC2IJddddddddddddddEEEDpOKT_
                0x0000155a                _ZN9container6VectorIdEC1IIddddddddddddddEEEDpOKT_
 .text._ZN9container6VectorIdE6assignILj13EEEvRAT__Kdj
                0x000016fc       0x60 main.o
                0x000016fc                _ZN9container6VectorIdE6assignILj13EEEvRAT__Kdj
 .text._ZN9container6VectorIdE9addValuesILj13EEEbRAT__Kd
                0x0000175c       0x42 main.o
                0x0000175c                _ZN9container6VectorIdE9addValuesILj13EEEbRAT__Kd
 .text._ZN9container6VectorIdEC2IJdddddddddddddEEEDpOKT_
                0x0000179e      0x18a main.o
                0x0000179e                _ZN9container6VectorIdEC2IIdddddddddddddEEEDpOKT_
                0x0000179e                _ZN9container6VectorIdEC2IJdddddddddddddEEEDpOKT_
                0x0000179e                _ZN9container6VectorIdEC1IJdddddddddddddEEEDpOKT_
                0x0000179e                _ZN9container6VectorIdEC1IIdddddddddddddEEEDpOKT_
 .text.main     0x00001928      0x592 main.o
                0x00001928                main
 .text._ZNK2ml7lin_reg6LinReg7predictEd
                0x00001eba       0x28 ml/source/ml/lin_reg/lin_reg.o
                0x00001eba                _ZNK2ml7lin_reg6LinReg7predictEd
 .text._ZN2ml7lin_reg6LinRegD2Ev
                0x00001ee2        0xc ml/source/ml/lin_reg/lin_reg.o
                0x00001ee2                _ZN2ml7lin_reg6LinRegD1Ev
                0x00001ee2                _ZN2ml7lin_reg6LinRegD2Ev
 .text._ZN2ml7lin_reg12_GLOBAL__N_110initRandomEv
                0x00001eee       0x1e ml/source/ml/lin_reg/lin_reg.o
 .text._ZN2ml7lin_reg12_GLOBAL__N_114randomStartValEv
                0x00001f0c       0x22 ml/source/ml/lin_reg/lin_reg.o
 .text._ZN2ml7lin_reg6LinRegD0Ev
                0x00001f2e       0x14 ml/source/ml/lin_reg/lin_reg.o
                0x00001f2e                _ZN2ml7lin_reg6LinRegD0Ev
 .text._Z41__static_initialization_and_destruction_0ii
                0x00001f42       0x18 ml/source/ml/lin_reg/lin_reg.o
 .text._ZNK9container6VectorIdE4sizeEv
                0x00001f5a        0x8 ml/source/ml/lin_reg/lin_reg.o
                0x00001f5a                _ZNK9container6VectorIdE4sizeEv
 .text._ZN2ml7lin_reg12_GLOBAL__N_116getTrainSetCountERKN9container6VectorIdEES6_
                0x00001f62       0x28 ml/source/ml/lin_reg/lin_reg.o
 .text._ZN2ml7lin_reg6LinRegC2ERKN9container6VectorIdEES6_
                0x00001f8a       0x40 ml/source/ml/lin_reg/lin_reg.o
                0x00001f8a                _ZN2ml7lin_reg6LinRegC1ERKN9container6VectorIdEES6_
                0x00001f8a                _ZN2ml7lin_reg6LinRegC2ERKN9container6VectorIdEES6_
 .text._ZNK9container6VectorIjE4sizeEv
                0x00001fca        0x8 ml/source/ml/lin_reg/lin_reg.o
                0x00001fca                _ZNK9container6VectorIjE4sizeEv
 .text._ZN9container6VectorIjEixEj
                0x00001fd2       0x10 ml/source/ml/lin_reg/lin_reg.o
                0x00001fd2                _ZN9container6VectorIjEixEj
 .text._ZN2ml7lin_reg12_GLOBAL__N_17shuffleERN9container6VectorIjEE
                0x00001fe2       0x8a ml/source/ml/lin_reg/lin_reg.o
 .text._ZN9container6VectorIjE5beginEv
                0x0000206c        0xe ml/source/ml/lin_reg/lin_reg.o
                0x0000206c                _ZN9container6VectorIjE5beginEv
 .text._ZN9container6VectorIjE3endEv
                0x0000207a       0x1a ml/source/ml/lin_reg/lin_reg.o
                0x0000207a                _ZN9container6VectorIjE3endEv
 .text._ZNK9container6VectorIdEixEj
                0x00002094       0x14 ml/source/ml/lin_reg/lin_reg.o
                0x00002094                _ZNK9container6VectorIdEixEj
 .text._ZNK6driver15SerialInterface6printfIJjEEEbPKcDpRKT_
                0x000020a8       0x92 ml/source/ml/lin_reg/lin_reg.o
                0x000020a8                _ZNK6driver15SerialInterface6printfIIjEEEbPKcDpRKT_
                0x000020a8                _ZNK6driver15SerialInterface6printfIJjEEEbPKcDpRKT_
 .text._ZN9container6VectorIjEC2Ev
                0x0000213a        0xc ml/source/ml/lin_reg/lin_reg.o
                0x0000213a                _ZN9container6VectorIjEC2Ev
                0x0000213a                _ZN9container6VectorIjEC1Ev
 .text._ZN9container6VectorIjE6resizeEj
                0x00002146       0x34 ml/source/ml/lin_reg/lin_reg.o
                0x00002146                _ZN9container6VectorIjE6resizeEj
 .text._ZN9container6VectorIjEC2Ej
                0x0000217a       0x22 ml/source/ml/lin_reg/lin_reg.o
                0x0000217a                _ZN9container6VectorIjEC2Ej
                0x0000217a                _ZN9container6VectorIjEC1Ej
 .text._ZN9container6VectorIjE5clearEv
                0x0000219c       0x1c ml/source/ml/lin_reg/lin_reg.o
                0x0000219c                _ZN9container6VectorIjE5clearEv
 .text._ZN9container6VectorIjED2Ev
                0x000021b8        0x6 ml/source/ml/lin_reg/lin_reg.o
                0x000021b8                _ZN9container6VectorIjED1Ev
                0x000021b8                _ZN9container6VectorIjED2Ev
 .text._ZN2ml7lin_reg6LinReg5trainEjd
                0x000021be      0x282 ml/source/ml/lin_reg/lin_reg.o
                0x000021be                _ZN2ml7lin_reg6LinReg5trainEjd
 .text._GLOBAL__sub_I__ZN2ml7lin_reg6LinRegC2ERKN9container6VectorIdEES6_
                0x00002440        0xe ml/source/ml/lin_reg/lin_reg.o
 .text._ZN6target6SystemD2Ev
                0x0000244e       0x6c target/source/system.o
                0x0000244e                _ZN6target6SystemD2Ev
                0x0000244e                _ZN6target6SystemD1Ev
 .text._ZN6target6System28handleDebounceTimerInterruptEv
                0x000024ba       0x32 target/source/system.o
                0x000024ba                _ZN6target6System28handleDebounceTimerInterruptEv
 .text._ZN6target6System27handlepredictTimerInterruptEv
                0x000024ec      0x124 target/source/system.o
                0x000024ec                _ZN6target6System27handlepredictTimerInterruptEv
 .text._ZN6target6System3runEv
                0x00002610       0x22 target/source/system.o
                0x00002610                _ZN6target6System3runEv
 .text._ZN6target6System19handleButtonPressedEv
                0x00002632      0x14a target/source/system.o
                0x00002632                _ZN6target6System19handleButtonPressedEv
 .text._ZN6target6System21handleButtonInterruptEv
                0x0000277c       0x4e target/source/system.o
                0x0000277c                _ZN6target6System21handleButtonInterruptEv
 .text._ZNK6driver15EepromInterface4readIhEEbjRT_
                0x000027ca       0xa8 target/source/system.o
                0x000027ca                _ZNK6driver15EepromInterface4readIhEEbjRT_
 .text._ZNK6target6System22readLedStateFromEepromEv
                0x00002872       0x36 target/source/system.o
                0x00002872                _ZNK6target6System22readLedStateFromEepromEv
 .text._ZN6target6System21checkLedStateInEepromEv
                0x000028a8       0x32 target/source/system.o
                0x000028a8                _ZN6target6System21checkLedStateInEepromEv
 .text._ZN6target6SystemC2ERN6driver13GpioInterfaceES3_RNS1_14TimerInterfaceES5_RNS1_15SerialInterfaceERNS1_17WatchdogInterfaceERNS1_15EepromInterfaceERNS1_12AdcInterfaceERN2ml7lin_reg9InterfaceE
                0x000028da       0xe6 target/source/system.o
                0x000028da                _ZN6target6SystemC2ERN6driver13GpioInterfaceES3_RNS1_14TimerInterfaceES5_RNS1_15SerialInterfaceERNS1_17WatchdogInterfaceERNS1_15EepromInterfaceERNS1_12AdcInterfaceERN2ml7lin_reg9InterfaceE
                0x000028da                _ZN6target6SystemC1ERN6driver13GpioInterfaceES3_RNS1_14TimerInterfaceES5_RNS1_15SerialInterfaceERNS1_17WatchdogInterfaceERNS1_15EepromInterfaceERNS1_12AdcInterfaceERN2ml7lin_reg9InterfaceE
 .text._ZN5utils21globalInterruptEnableEv
                0x000029c0        0x4 utils/source/utils.o
                0x000029c0                _ZN5utils21globalInterruptEnableEv
 .text._ZN5utils22globalInterruptDisableEv
                0x000029c4        0x4 utils/source/utils.o
                0x000029c4                _ZN5utils22globalInterruptDisableEv
 .text._ZdlPvj  0x000029c8        0x2 utils/source/utils.o
                0x000029c8                _ZdlPvj
 .text.__cxa_pure_virtual
                0x000029ca        0x2 utils/source/utils.o
                0x000029ca                __cxa_pure_virtual
 .text.__cxa_guard_acquire
                0x000029cc       0x12 utils/source/utils.o
                0x000029cc                __cxa_guard_acquire
 .text.__cxa_guard_release
                0x000029de        0x8 utils/source/utils.o
                0x000029de                __cxa_guard_release
 .text.avr-libc.fplib
                0x000029e6        0xe c:/program files (x86)/atmel/studio/7.0/toolchain/avr8/avr8-gnu-toolchain/bin/../lib/gcc/avr/5.4.0/../../../../avr/lib/avr5\libm.a(addsf3.o)
                0x000029e6                __subsf3
                0x000029e8                __addsf3
 .text.avr-libc.fplib
                0x000029f4       0xcc c:/program files (x86)/atmel/studio/7.0/toolchain/avr8/avr8-gnu-toolchain/bin/../lib/gcc/avr/5.4.0/../../../../avr/lib/avr5\libm.a(addsf3x.o)
                0x00002a16                __addsf3x
 .text.avr-libc.fplib
                0x00002ac0        0xa c:/program files (x86)/atmel/studio/7.0/toolchain/avr8/avr8-gnu-toolchain/bin/../lib/gcc/avr/5.4.0/../../../../avr/lib/avr5\libm.a(cmpsf2.o)
                0x00002ac0                __nesf2
                0x00002ac0                __eqsf2
                0x00002ac0                __cmpsf2
                0x00002ac0                __ltsf2
                0x00002ac0                __lesf2
 .text.avr-libc.fplib
                0x00002aca        0x8 c:/program files (x86)/atmel/studio/7.0/toolchain/avr8/avr8-gnu-toolchain/bin/../lib/gcc/avr/5.4.0/../../../../avr/lib/avr5\libm.a(divsf3.o)
                0x00002aca                __divsf3
 .text.avr-libc.fplib
                0x00002ad2       0xdc c:/program files (x86)/atmel/studio/7.0/toolchain/avr8/avr8-gnu-toolchain/bin/../lib/gcc/avr/5.4.0/../../../../avr/lib/avr5\libm.a(divsf3x.o)
                0x00002af2                __divsf3x
                0x00002af8                __divsf3_pse
 .text.avr-libc.fplib
                0x00002bae        0xe c:/program files (x86)/atmel/studio/7.0/toolchain/avr8/avr8-gnu-toolchain/bin/../lib/gcc/avr/5.4.0/../../../../avr/lib/avr5\libm.a(fixsfsi.o)
                0x00002bae                __fixsfsi
 .text.avr-libc.fplib
                0x00002bbc       0x5e c:/program files (x86)/atmel/studio/7.0/toolchain/avr8/avr8-gnu-toolchain/bin/../lib/gcc/avr/5.4.0/../../../../avr/lib/avr5\libm.a(fixunssfsi.o)
                0x00002bbc                __fixunssfsi
 .text.avr-libc.fplib
                0x00002c1a       0x7a c:/program files (x86)/atmel/studio/7.0/toolchain/avr8/avr8-gnu-toolchain/bin/../lib/gcc/avr/5.4.0/../../../../avr/lib/avr5\libm.a(floatsisf.o)
                0x00002c1a                __floatunsisf
                0x00002c1e                __floatsisf
 .text.avr-libc.fplib
                0x00002c94       0x48 c:/program files (x86)/atmel/studio/7.0/toolchain/avr8/avr8-gnu-toolchain/bin/../lib/gcc/avr/5.4.0/../../../../avr/lib/avr5\libm.a(fp_cmp.o)
                0x00002c94                __fp_cmp
 .text.avr-libc.fplib
                0x00002cdc        0xc c:/program files (x86)/atmel/studio/7.0/toolchain/avr8/avr8-gnu-toolchain/bin/../lib/gcc/avr/5.4.0/../../../../avr/lib/avr5\libm.a(fp_inf.o)
                0x00002cdc                __fp_inf
 .text.avr-libc.fplib
                0x00002ce8        0x6 c:/program files (x86)/atmel/studio/7.0/toolchain/avr8/avr8-gnu-toolchain/bin/../lib/gcc/avr/5.4.0/../../../../avr/lib/avr5\libm.a(fp_nan.o)
                0x00002ce8                __fp_nan
 .text.avr-libc.fplib
                0x00002cee        0xe c:/program files (x86)/atmel/studio/7.0/toolchain/avr8/avr8-gnu-toolchain/bin/../lib/gcc/avr/5.4.0/../../../../avr/lib/avr5\libm.a(fp_pscA.o)
                0x00002cee                __fp_pscA
 .text.avr-libc.fplib
                0x00002cfc        0xe c:/program files (x86)/atmel/studio/7.0/toolchain/avr8/avr8-gnu-toolchain/bin/../lib/gcc/avr/5.4.0/../../../../avr/lib/avr5\libm.a(fp_pscB.o)
                0x00002cfc                __fp_pscB
 .text.avr-libc.fplib
                0x00002d0a       0x22 c:/program files (x86)/atmel/studio/7.0/toolchain/avr8/avr8-gnu-toolchain/bin/../lib/gcc/avr/5.4.0/../../../../avr/lib/avr5\libm.a(fp_round.o)
                0x00002d0a                __fp_round
 .text.avr-libc.fplib
                0x00002d2c       0x44 c:/program files (x86)/atmel/studio/7.0/toolchain/avr8/avr8-gnu-toolchain/bin/../lib/gcc/avr/5.4.0/../../../../avr/lib/avr5\libm.a(fp_split3.o)
                0x00002d2c                __fp_split3
                0x00002d3c                __fp_splitA
 .text.avr-libc.fplib
                0x00002d70        0xe c:/program files (x86)/atmel/studio/7.0/toolchain/avr8/avr8-gnu-toolchain/bin/../lib/gcc/avr/5.4.0/../../../../avr/lib/avr5\libm.a(fp_zero.o)
                0x00002d70                __fp_zero
                0x00002d72                __fp_szero
 .text.avr-libc.fplib
                0x00002d7e        0xa c:/program files (x86)/atmel/studio/7.0/toolchain/avr8/avr8-gnu-toolchain/bin/../lib/gcc/avr/5.4.0/../../../../avr/lib/avr5\libm.a(gesf2.o)
                0x00002d7e                __gesf2
                0x00002d7e                __gtsf2
 .text.avr-libc.fplib
                0x00002d88        0x8 c:/program files (x86)/atmel/studio/7.0/toolchain/avr8/avr8-gnu-toolchain/bin/../lib/gcc/avr/5.4.0/../../../../avr/lib/avr5\libm.a(mulsf3.o)
                0x00002d88                __mulsf3
 .text.avr-libc.fplib
                0x00002d90       0xd2 c:/program files (x86)/atmel/studio/7.0/toolchain/avr8/avr8-gnu-toolchain/bin/../lib/gcc/avr/5.4.0/../../../../avr/lib/avr5\libm.a(mulsf3x.o)
                0x00002dae                __mulsf3x
                0x00002db4                __mulsf3_pse
 .text.libgcc.div
                0x00002e62       0x28 c:/program files (x86)/atmel/studio/7.0/toolchain/avr8/avr8-gnu-toolchain/bin/../lib/gcc/avr/5.4.0/avr5\libgcc.a(_udivmodhi4.o)
                0x00002e62                __udivmodhi4
 .text.libgcc.builtins
                0x00002e8a       0x32 c:/program files (x86)/atmel/studio/7.0/toolchain/avr8/avr8-gnu-toolchain/bin/../lib/gcc/avr/5.4.0/avr5\libgcc.a(_ashldi3.o)
                0x00002e8a                __ashldi3
 .text.libgcc.builtins
                0x00002ebc       0x3c c:/program files (x86)/atmel/studio/7.0/toolchain/avr8/avr8-gnu-toolchain/bin/../lib/gcc/avr/5.4.0/avr5\libgcc.a(_ashrdi3.o)
                0x00002ebc                __ashrdi3
                0x00002ec0                __lshrdi3
 .text.libgcc   0x00002ef8       0x18 c:/program files (x86)/atmel/studio/7.0/toolchain/avr8/avr8-gnu-toolchain/bin/../lib/gcc/avr/5.4.0/avr5\libgcc.a(_cmpdi2_s8.o)
                0x00002ef8                __cmpdi2_s8
 .text.libgcc   0x00002f10        0xc c:/program files (x86)/atmel/studio/7.0/toolchain/avr8/avr8-gnu-toolchain/bin/../lib/gcc/avr/5.4.0/avr5\libgcc.a(_tablejump2.o)
                0x00002f10                __tablejump2__
 .text.avr-libc
                0x00002f1c      0x242 c:/program files (x86)/atmel/studio/7.0/toolchain/avr8/avr8-gnu-toolchain/bin/../lib/gcc/avr/5.4.0/../../../../avr/lib/avr5\libc.a(malloc.o)
                0x00002f1c                malloc
                0x0000304c                free
 .text.avr-libc
                0x0000315e       0xb8 c:/program files (x86)/atmel/studio/7.0/toolchain/avr8/avr8-gnu-toolchain/bin/../lib/gcc/avr/5.4.0/../../../../avr/lib/avr5\libc.a(rand.o)
                0x000031f0                rand_r
                0x000031f6                rand
                0x00003200                srand
 .text.avr-libc
                0x00003216      0x18c c:/program files (x86)/atmel/studio/7.0/toolchain/avr8/avr8-gnu-toolchain/bin/../lib/gcc/avr/5.4.0/../../../../avr/lib/avr5\libc.a(realloc.o)
                0x00003216                realloc
 .text.avr-libc
                0x000033a2       0x12 c:/program files (x86)/atmel/studio/7.0/toolchain/avr8/avr8-gnu-toolchain/bin/../lib/gcc/avr/5.4.0/../../../../avr/lib/avr5\libc.a(memcpy.o)
                0x000033a2                memcpy
 .text.avr-libc
                0x000033b4       0x60 c:/program files (x86)/atmel/studio/7.0/toolchain/avr8/avr8-gnu-toolchain/bin/../lib/gcc/avr/5.4.0/../../../../avr/lib/avr5\libc.a(snprintf.o)
                0x000033b4                snprintf
 .text.avr-libc
                0x00003414      0x3c2 c:/program files (x86)/atmel/studio/7.0/toolchain/avr8/avr8-gnu-toolchain/bin/../lib/gcc/avr/5.4.0/../../../../avr/lib/avr5\libc.a(vfprintf_std.o)
                0x00003414                vfprintf
 .text.avr-libc
                0x000037d6       0x16 c:/program files (x86)/atmel/studio/7.0/toolchain/avr8/avr8-gnu-toolchain/bin/../lib/gcc/avr/5.4.0/../../../../avr/lib/avr5\libc.a(strnlen_P.o)
                0x000037d6                strnlen_P
 .text.avr-libc
                0x000037ec       0x16 c:/program files (x86)/atmel/studio/7.0/toolchain/avr8/avr8-gnu-toolchain/bin/../lib/gcc/avr/5.4.0/../../../../avr/lib/avr5\libc.a(strnlen.o)
                0x000037ec                strnlen
 .text.avr-libc
                0x00003802       0x78 c:/program files (x86)/atmel/studio/7.0/toolchain/avr8/avr8-gnu-toolchain/bin/../lib/gcc/avr/5.4.0/../../../../avr/lib/avr5\libc.a(fputc.o)
                0x00003802                fputc
 .text.avr-libc
                0x0000387a       0xbc c:/program files (x86)/atmel/studio/7.0/toolchain/avr8/avr8-gnu-toolchain/bin/../lib/gcc/avr/5.4.0/../../../../avr/lib/avr5\libc.a(ultoa_invert.o)
                0x0000387a                __ultoa_invert
 .text.libgcc.div
                0x00003936       0x2e c:/program files (x86)/atmel/studio/7.0/toolchain/avr8/avr8-gnu-toolchain/bin/../lib/gcc/avr/5.4.0/avr5\libgcc.a(_divmodsi4.o)
                0x00003936                __divmodsi4
 .text.libgcc.div
                0x00003964       0x10 c:/program files (x86)/atmel/studio/7.0/toolchain/avr8/avr8-gnu-toolchain/bin/../lib/gcc/avr/5.4.0/avr5\libgcc.a(_negsi2.o)
                0x00003964                __negsi2
 .text.libgcc.mul
                0x00003974       0x16 c:/program files (x86)/atmel/studio/7.0/toolchain/avr8/avr8-gnu-toolchain/bin/../lib/gcc/avr/5.4.0/avr5\libgcc.a(_muluhisi3.o)
                0x00003974                __muluhisi3
 .text.libgcc.mul
                0x0000398a       0x10 c:/program files (x86)/atmel/studio/7.0/toolchain/avr8/avr8-gnu-toolchain/bin/../lib/gcc/avr/5.4.0/avr5\libgcc.a(_mulshisi3.o)
                0x0000398a                __mulshisi3
                0x00003990                __mulohisi3
 .text.libgcc.prologue
                0x0000399a       0x38 c:/program files (x86)/atmel/studio/7.0/toolchain/avr8/avr8-gnu-toolchain/bin/../lib/gcc/avr/5.4.0/avr5\libgcc.a(_prologue.o)
                0x0000399a                __prologue_saves__
 .text.libgcc.prologue
                0x000039d2       0x36 c:/program files (x86)/atmel/studio/7.0/toolchain/avr8/avr8-gnu-toolchain/bin/../lib/gcc/avr/5.4.0/avr5\libgcc.a(_epilogue.o)
                0x000039d2                __epilogue_restores__
 .text.libgcc.div
                0x00003a08       0x44 c:/program files (x86)/atmel/studio/7.0/toolchain/avr8/avr8-gnu-toolchain/bin/../lib/gcc/avr/5.4.0/avr5\libgcc.a(_udivmodsi4.o)
                0x00003a08                __udivmodsi4
 .text.libgcc.mul
                0x00003a4c       0x1e c:/program files (x86)/atmel/studio/7.0/toolchain/avr8/avr8-gnu-toolchain/bin/../lib/gcc/avr/5.4.0/avr5\libgcc.a(_umulhisi3.o)
                0x00003a4c                __umulhisi3
                0x00003a6a                . = ALIGN (0x2)
 *(.fini9)
 .fini9         0x00003a6a        0x0 c:/program files (x86)/atmel/studio/7.0/toolchain/avr8/avr8-gnu-toolchain/bin/../lib/gcc/avr/5.4.0/avr5\libgcc.a(_exit.o)
                0x00003a6a                _exit
                0x00003a6a                exit
 *(.fini9)
 *(.fini8)
 .fini8         0x00003a6a        0x4 c:/program files (x86)/atmel/studio/7.0/toolchain/avr8/avr8-gnu-toolchain/bin/../lib/gcc/avr/5.4.0/../../../../avr/lib/avr5\libc.a(atexit.o)
 *(.fini8)
 *(.fini7)
 *(.fini7)
 *(.fini6)
 .fini6         0x00003a6e       0x16 c:/program files (x86)/atmel/studio/7.0/toolchain/avr8/avr8-gnu-toolchain/bin/../lib/gcc/avr/5.4.0/avr5\libgcc.a(_dtors.o)
                0x00003a6e                __do_global_dtors
 *(.fini6)
 *(.fini5)
 *(.fini5)
 *(.fini4)
 *(.fini4)
 *(.fini3)
 *(.fini3)
 *(.fini2)
 *(.fini2)
 *(.fini1)
 *(.fini1)
 *(.fini0)
 .fini0         0x00003a84        0x4 c:/program files (x86)/atmel/studio/7.0/toolchain/avr8/avr8-gnu-toolchain/bin/../lib/gcc/avr/5.4.0/avr5\libgcc.a(_exit.o)
 *(.fini0)
                0x00003a88                _etext = .

.data           0x00800100      0x200 load address 0x00003a88
                0x00800100                PROVIDE (__data_start, .)
 *(.data)
 .data          0x00800100        0x6 c:/program files (x86)/atmel/studio/7.0/toolchain/avr8/avr8-gnu-toolchain/bin/../lib/gcc/avr/5.4.0/../../../../avr/lib/avr5\libc.a(malloc.o)
                0x00800100                __malloc_heap_end
                0x00800102                __malloc_heap_start
                0x00800104                __malloc_margin
 .data          0x00800106        0x4 c:/program files (x86)/atmel/studio/7.0/toolchain/avr8/avr8-gnu-toolchain/bin/../lib/gcc/avr/5.4.0/../../../../avr/lib/avr5\libc.a(rand.o)
 *(.data*)
 .data._ZN6driver10atmega328p4Gpio9myHwPortDE
                0x0080010a        0xa driver/atmega328p/source/gpio.o
                0x0080010a                _ZN6driver10atmega328p4Gpio9myHwPortDE
 .data._ZN6driver10atmega328p4Gpio9myHwPortCE
                0x00800114        0xa driver/atmega328p/source/gpio.o
                0x00800114                _ZN6driver10atmega328p4Gpio9myHwPortCE
 .data._ZN6driver10atmega328p4Gpio9myHwPortBE
                0x0080011e        0xa driver/atmega328p/source/gpio.o
                0x0080011e                _ZN6driver10atmega328p4Gpio9myHwPortBE
 *(.gnu.linkonce.d*)
 *(.rodata)
 *(.rodata*)
 .rodata._ZTVN6driver12AdcInterfaceE
                0x00800128       0x1a driver/atmega328p/source/adc.o
                0x00800128                _ZTVN6driver12AdcInterfaceE
 .rodata._ZTVN6driver10atmega328p3AdcE
                0x00800142       0x1a driver/atmega328p/source/adc.o
                0x00800142                _ZTVN6driver10atmega328p3AdcE
 .rodata._ZTVN6driver15EepromInterfaceE
                0x0080015c       0x14 driver/atmega328p/source/eeprom.o
                0x0080015c                _ZTVN6driver15EepromInterfaceE
 .rodata._ZTVN6driver10atmega328p6EepromE
                0x00800170       0x14 driver/atmega328p/source/eeprom.o
                0x00800170                _ZTVN6driver10atmega328p6EepromE
 .rodata._ZTVN6driver13GpioInterfaceE
                0x00800184       0x14 driver/atmega328p/source/gpio.o
                0x00800184                _ZTVN6driver13GpioInterfaceE
 .rodata._ZTVN6driver10atmega328p4GpioE
                0x00800198       0x14 driver/atmega328p/source/gpio.o
                0x00800198                _ZTVN6driver10atmega328p4GpioE
 .rodata._ZTVN6driver15SerialInterfaceE
                0x008001ac       0x12 driver/atmega328p/source/serial.o
                0x008001ac                _ZTVN6driver15SerialInterfaceE
 .rodata._ZTVN6driver10atmega328p6SerialE
                0x008001be       0x12 driver/atmega328p/source/serial.o
                0x008001be                _ZTVN6driver10atmega328p6SerialE
 .rodata._ZTVN6driver14TimerInterfaceE
                0x008001d0       0x1a driver/atmega328p/source/timer.o
                0x008001d0                _ZTVN6driver14TimerInterfaceE
 .rodata._ZTVN6driver10atmega328p5TimerE
                0x008001ea       0x1a driver/atmega328p/source/timer.o
                0x008001ea                _ZTVN6driver10atmega328p5TimerE
 .rodata._ZTVN6driver17WatchdogInterfaceE
                0x00800204       0x12 driver/atmega328p/source/watchdog.o
                0x00800204                _ZTVN6driver17WatchdogInterfaceE
 .rodata._ZTVN6driver10atmega328p8WatchdogE
                0x00800216       0x12 driver/atmega328p/source/watchdog.o
                0x00800216                _ZTVN6driver10atmega328p8WatchdogE
 .rodata.str1.1
                0x00800228       0x29 main.o
 .rodata._ZTVN2ml7lin_reg9InterfaceE
                0x00800251        0xa main.o
                0x00800251                _ZTVN2ml7lin_reg9InterfaceE
 .rodata.str1.1
                0x0080025b       0x24 ml/source/ml/lin_reg/lin_reg.o
 .rodata._ZTVN2ml7lin_reg6LinRegE
                0x0080027f        0xa ml/source/ml/lin_reg/lin_reg.o
                0x0080027f                _ZTVN2ml7lin_reg6LinRegE
 .rodata.str1.1
                0x00800289       0x76 target/source/system.o
 *(.gnu.linkonce.r*)
                0x00800300                . = ALIGN (0x2)
 *fill*         0x008002ff        0x1 
                0x00800300                _edata = .
                0x00800300                PROVIDE (__data_end, .)

.bss            0x00800300       0x53
                0x00800300                PROVIDE (__bss_start, .)
 *(.bss)
 .bss           0x00800300        0x2 c:/program files (x86)/atmel/studio/7.0/toolchain/avr8/avr8-gnu-toolchain/bin/../lib/gcc/avr/5.4.0/../../../../avr/lib/avr5\libc.a(atexit.o)
 *(.bss*)
 .bss._ZZN6driver10atmega328p3Adc11getInstanceEvE10myInstance
                0x00800302        0x3 driver/atmega328p/source/adc.o
 .bss._ZGVZN6driver10atmega328p3Adc11getInstanceEvE10myInstance
                0x00800305        0x8 driver/atmega328p/source/adc.o
 .bss._ZZN6driver10atmega328p6Eeprom11getInstanceEvE10myInstance
                0x0080030d        0x3 driver/atmega328p/source/eeprom.o
 .bss._ZGVZN6driver10atmega328p6Eeprom11getInstanceEvE10myInstance
                0x00800310        0x8 driver/atmega328p/source/eeprom.o
 .bss._ZN6driver10atmega328p12_GLOBAL__N_19GpioParam11pinRegistryE
                0x00800318        0x4 driver/atmega328p/source/gpio.o
 .bss._ZN6driver10atmega328p12_GLOBAL__N_19GpioParam9callbacksE
                0x0080031c        0x6 driver/atmega328p/source/gpio.o
 .bss._ZZN6driver10atmega328p6Serial11getInstanceEvE10myInstance
                0x00800322        0x3 driver/atmega328p/source/serial.o
 .bss._ZGVZN6driver10atmega328p6Serial11getInstanceEvE10myInstance
                0x00800325        0x8 driver/atmega328p/source/serial.o
 .bss._ZN6driver10atmega328p12_GLOBAL__N_110TimerParam9callbacksE
                0x0080032d        0x6 driver/atmega328p/source/timer.o
 .bss._ZN6driver10atmega328p12_GLOBAL__N_110TimerParam6timersE
                0x00800333        0x6 driver/atmega328p/source/timer.o
 .bss._ZZN6driver10atmega328p8Watchdog11getInstanceEvE10myInstance
                0x00800339        0x5 driver/atmega328p/source/watchdog.o
 .bss._ZGVZN6driver10atmega328p8Watchdog11getInstanceEvE10myInstance
                0x0080033e        0x8 driver/atmega328p/source/watchdog.o
 .bss._ZN12_GLOBAL__N_15mySysE
                0x00800346        0x2 main.o
 .bss._ZZN2ml7lin_reg12_GLOBAL__N_110initRandomEvE11initialized
                0x00800348        0x1 ml/source/ml/lin_reg/lin_reg.o
 .bss._ZN2ml7lin_reg12_GLOBAL__N_16serialE
                0x00800349        0x2 ml/source/ml/lin_reg/lin_reg.o
 *(COMMON)
 COMMON         0x0080034b        0x4 c:/program files (x86)/atmel/studio/7.0/toolchain/avr8/avr8-gnu-toolchain/bin/../lib/gcc/avr/5.4.0/../../../../avr/lib/avr5\libc.a(malloc.o)
                0x0080034b                __brkval
                0x0080034d                __flp
 COMMON         0x0080034f        0x4 c:/program files (x86)/atmel/studio/7.0/toolchain/avr8/avr8-gnu-toolchain/bin/../lib/gcc/avr/5.4.0/../../../../avr/lib/avr5\libc.a(system_time.o)
                0x0080034f                __system_time
                0x00800353                PROVIDE (__bss_end, .)
                0x00003a88                __data_load_start = LOADADDR (.data)
                0x00003c88                __data_load_end = (__data_load_start + SIZEOF (.data))

.noinit         0x00800353        0x0
                [!provide]                PROVIDE (__noinit_start, .)
 *(.noinit*)
                [!provide]                PROVIDE (__noinit_end, .)
                0x00800353                _end = .
                0x00800353                PROVIDE (__heap_start, .)

.eeprom         0x00810000        0x0
 *(.eeprom*)
                0x00810000                __eeprom_end = .

.fuse
 *(.fuse)
 *(.lfuse)
 *(.hfuse)
 *(.efuse)

.lock
 *(.lock*)

.signature
 *(.signature*)

.user_signatures
 *(.user_signatures*)

.stab
 *(.stab)

.stabstr
 *(.stabstr)

.stab.excl
 *(.stab.excl)

.stab.exclstr
 *(.stab.exclstr)

.stab.index
 *(.stab.index)

.stab.indexstr
 *(.stab.indexstr)

.comment        0x00000000       0x5c
 *(.comment)
 .comment       0x00000000       0x30 driver/atmega328p/source/adc.o
                                 0x31 (size before relaxing)
 .comment       0x00000030       0x31 driver/atmega328p/source/eeprom.o
 .comment       0x00000030       0x31 driver/atmega328p/source/gpio.o
 .comment       0x00000030       0x31 driver/atmega328p/source/serial.o
 .comment       0x00000030       0x31 driver/atmega328p/source/timer.o
 .comment       0x00000030       0x31 driver/atmega328p/source/watchdog.o
 .comment       0x00000030       0x31 main.o
 .comment       0x00000030       0x31 ml/source/ml/lin_reg/lin_reg.o
 .comment       0x00000030       0x31 target/source/system.o
 .comment       0x00000030       0x31 utils/source/utils.o
 .comment       0x00000030       0x31 c:/program files (x86)/atmel/studio/7.0/toolchain/avr8/avr8-gnu-toolchain/bin/../lib/gcc/avr/5.4.0/../../../../avr/lib/avr5\libc.a(atexit.o)
 .comment       0x00000030       0x31 c:/program files (x86)/atmel/studio/7.0/toolchain/avr8/avr8-gnu-toolchain/bin/../lib/gcc/avr/5.4.0/../../../../avr/lib/avr5\libc.a(malloc.o)
 .comment       0x00000030       0x31 c:/program files (x86)/atmel/studio/7.0/toolchain/avr8/avr8-gnu-toolchain/bin/../lib/gcc/avr/5.4.0/../../../../avr/lib/avr5\libc.a(rand.o)
 .comment       0x00000030       0x31 c:/program files (x86)/atmel/studio/7.0/toolchain/avr8/avr8-gnu-toolchain/bin/../lib/gcc/avr/5.4.0/../../../../avr/lib/avr5\libc.a(realloc.o)
 .comment       0x00000030       0x31 c:/program files (x86)/atmel/studio/7.0/toolchain/avr8/avr8-gnu-toolchain/bin/../lib/gcc/avr/5.4.0/../../../../avr/lib/avr5\libc.a(snprintf.o)
 .comment       0x00000030       0x31 c:/program files (x86)/atmel/studio/7.0/toolchain/avr8/avr8-gnu-toolchain/bin/../lib/gcc/avr/5.4.0/../../../../avr/lib/avr5\libc.a(time.o)
 .comment       0x00000030       0x2c c:/program files (x86)/atmel/studio/7.0/toolchain/avr8/avr8-gnu-toolchain/bin/../lib/gcc/avr/5.4.0/../../../../avr/lib/avr5\libc.a(vfprintf_std.o)
                                 0x2d (size before relaxing)
 .comment       0x0000005c       0x31 c:/program files (x86)/atmel/studio/7.0/toolchain/avr8/avr8-gnu-toolchain/bin/../lib/gcc/avr/5.4.0/../../../../avr/lib/avr5\libc.a(fputc.o)
 .comment       0x0000005c       0x31 c:/program files (x86)/atmel/studio/7.0/toolchain/avr8/avr8-gnu-toolchain/bin/../lib/gcc/avr/5.4.0/../../../../avr/lib/avr5\libc.a(system_time.o)

.note.gnu.avr.deviceinfo
                0x00000000       0x40
 .note.gnu.avr.deviceinfo
                0x00000000       0x40 C:/Program Files (x86)/Atmel/Studio/7.0/Packs/atmel/ATmega_DFP/1.7.374/gcc/dev/atmega328p/avr5/crtatmega328p.o

.note.gnu.build-id
 *(.note.gnu.build-id)

.debug
 *(.debug)

.line
 *(.line)

.debug_srcinfo
 *(.debug_srcinfo)

.debug_sfnames
 *(.debug_sfnames)

.debug_aranges  0x00000000      0x678
 *(.debug_aranges)
 .debug_aranges
                0x00000000       0x88 driver/atmega328p/source/adc.o
 .debug_aranges
                0x00000088       0x70 driver/atmega328p/source/eeprom.o
 .debug_aranges
                0x000000f8      0x108 driver/atmega328p/source/gpio.o
 .debug_aranges
                0x00000200       0x70 driver/atmega328p/source/serial.o
 .debug_aranges
                0x00000270      0x120 driver/atmega328p/source/timer.o
 .debug_aranges
                0x00000390       0x78 driver/atmega328p/source/watchdog.o
 .debug_aranges
                0x00000408       0xa8 main.o
 .debug_aranges
                0x000004b0       0xd0 ml/source/ml/lin_reg/lin_reg.o
 .debug_aranges
                0x00000580       0x90 target/source/system.o
 .debug_aranges
                0x00000610       0x68 utils/source/utils.o

.debug_pubnames
 *(.debug_pubnames)

.debug_info     0x00000000     0xc3c6
 *(.debug_info .gnu.linkonce.wi.*)
 .debug_info    0x00000000      0x5f4 C:/Program Files (x86)/Atmel/Studio/7.0/Packs/atmel/ATmega_DFP/1.7.374/gcc/dev/atmega328p/avr5/crtatmega328p.o
 .debug_info    0x000005f4     0x1161 driver/atmega328p/source/adc.o
 .debug_info    0x00001755      0xa59 driver/atmega328p/source/eeprom.o
 .debug_info    0x000021ae     0x1e91 driver/atmega328p/source/gpio.o
 .debug_info    0x0000403f      0xac6 driver/atmega328p/source/serial.o
 .debug_info    0x00004b05     0x18fd driver/atmega328p/source/timer.o
 .debug_info    0x00006402      0xc28 driver/atmega328p/source/watchdog.o
 .debug_info    0x0000702a     0x2359 main.o
 .debug_info    0x00009383     0x1dd2 ml/source/ml/lin_reg/lin_reg.o
 .debug_info    0x0000b155      0xe76 target/source/system.o
 .debug_info    0x0000bfcb      0x3fb utils/source/utils.o

.debug_abbrev   0x00000000     0x3494
 *(.debug_abbrev)
 .debug_abbrev  0x00000000      0x5a2 C:/Program Files (x86)/Atmel/Studio/7.0/Packs/atmel/ATmega_DFP/1.7.374/gcc/dev/atmega328p/avr5/crtatmega328p.o
 .debug_abbrev  0x000005a2      0x438 driver/atmega328p/source/adc.o
 .debug_abbrev  0x000009da      0x401 driver/atmega328p/source/eeprom.o
 .debug_abbrev  0x00000ddb      0x5d4 driver/atmega328p/source/gpio.o
 .debug_abbrev  0x000013af      0x44b driver/atmega328p/source/serial.o
 .debug_abbrev  0x000017fa      0x5fe driver/atmega328p/source/timer.o
 .debug_abbrev  0x00001df8      0x448 driver/atmega328p/source/watchdog.o
 .debug_abbrev  0x00002240      0x655 main.o
 .debug_abbrev  0x00002895      0x5f2 ml/source/ml/lin_reg/lin_reg.o
 .debug_abbrev  0x00002e87      0x401 target/source/system.o
 .debug_abbrev  0x00003288      0x20c utils/source/utils.o

.debug_line     0x00000000     0x3444
 *(.debug_line .debug_line.* .debug_line_end)
 .debug_line    0x00000000      0x134 C:/Program Files (x86)/Atmel/Studio/7.0/Packs/atmel/ATmega_DFP/1.7.374/gcc/dev/atmega328p/avr5/crtatmega328p.o
 .debug_line    0x00000134      0x354 driver/atmega328p/source/adc.o
 .debug_line    0x00000488      0x2ee driver/atmega328p/source/eeprom.o
 .debug_line    0x00000776      0x850 driver/atmega328p/source/gpio.o
 .debug_line    0x00000fc6      0x2ea driver/atmega328p/source/serial.o
 .debug_line    0x000012b0      0x847 driver/atmega328p/source/timer.o
 .debug_line    0x00001af7      0x38a driver/atmega328p/source/watchdog.o
 .debug_line    0x00001e81      0x71d main.o
 .debug_line    0x0000259e      0x6ea ml/source/ml/lin_reg/lin_reg.o
 .debug_line    0x00002c88      0x560 target/source/system.o
 .debug_line    0x000031e8      0x25c utils/source/utils.o

.debug_frame    0x00000000     0x14b4
 *(.debug_frame)
 .debug_frame   0x00000000       0xfc driver/atmega328p/source/adc.o
 .debug_frame   0x000000fc       0xdc driver/atmega328p/source/eeprom.o
 .debug_frame   0x000001d8      0x408 driver/atmega328p/source/gpio.o
 .debug_frame   0x000005e0       0xd8 driver/atmega328p/source/serial.o
 .debug_frame   0x000006b8      0x3f0 driver/atmega328p/source/timer.o
 .debug_frame   0x00000aa8       0xf8 driver/atmega328p/source/watchdog.o
 .debug_frame   0x00000ba0      0x30c main.o
 .debug_frame   0x00000eac      0x29c ml/source/ml/lin_reg/lin_reg.o
 .debug_frame   0x00001148      0x2b8 target/source/system.o
 .debug_frame   0x00001400       0xb4 utils/source/utils.o

.debug_str      0x00000000     0x5249
 *(.debug_str)
 .debug_str     0x00000000      0x208 C:/Program Files (x86)/Atmel/Studio/7.0/Packs/atmel/ATmega_DFP/1.7.374/gcc/dev/atmega328p/avr5/crtatmega328p.o
 .debug_str     0x00000208      0x9d3 driver/atmega328p/source/adc.o
                                0xa25 (size before relaxing)
 .debug_str     0x00000bdb      0x509 driver/atmega328p/source/eeprom.o
                                0x7ef (size before relaxing)
 .debug_str     0x000010e4      0xf8e driver/atmega328p/source/gpio.o
                               0x1325 (size before relaxing)
 .debug_str     0x00002072      0x43f driver/atmega328p/source/serial.o
                                0x7e1 (size before relaxing)
 .debug_str     0x000024b1      0x8b8 driver/atmega328p/source/timer.o
                               0x129e (size before relaxing)
 .debug_str     0x00002d69      0x547 driver/atmega328p/source/watchdog.o
                                0x961 (size before relaxing)
 .debug_str     0x000032b0     0x127d main.o
                               0x163b (size before relaxing)
 .debug_str     0x0000452d      0xace ml/source/ml/lin_reg/lin_reg.o
                               0x140f (size before relaxing)
 .debug_str     0x00004ffb      0x16a target/source/system.o
                                0x8fa (size before relaxing)
 .debug_str     0x00005165       0xe4 utils/source/utils.o
                                0x36a (size before relaxing)

.debug_loc      0x00000000     0x5b28
 *(.debug_loc)
 .debug_loc     0x00000000      0x4df driver/atmega328p/source/adc.o
 .debug_loc     0x000004df      0x2f1 driver/atmega328p/source/eeprom.o
 .debug_loc     0x000007d0     0x13ca driver/atmega328p/source/gpio.o
 .debug_loc     0x00001b9a      0x27a driver/atmega328p/source/serial.o
 .debug_loc     0x00001e14      0xe11 driver/atmega328p/source/timer.o
 .debug_loc     0x00002c25      0x4c9 driver/atmega328p/source/watchdog.o
 .debug_loc     0x000030ee      0xe8a main.o
 .debug_loc     0x00003f78      0xc65 ml/source/ml/lin_reg/lin_reg.o
 .debug_loc     0x00004bdd      0xd6d target/source/system.o
 .debug_loc     0x0000594a      0x1de utils/source/utils.o

.debug_macinfo
 *(.debug_macinfo)

.debug_weaknames
 *(.debug_weaknames)

.debug_funcnames
 *(.debug_funcnames)

.debug_typenames
 *(.debug_typenames)

.debug_varnames
 *(.debug_varnames)

.debug_pubtypes
 *(.debug_pubtypes)

.debug_ranges   0x00000000      0x5f0
 *(.debug_ranges)
 .debug_ranges  0x00000000       0x78 driver/atmega328p/source/adc.o
 .debug_ranges  0x00000078       0x60 driver/atmega328p/source/eeprom.o
 .debug_ranges  0x000000d8       0xf8 driver/atmega328p/source/gpio.o
 .debug_ranges  0x000001d0       0x60 driver/atmega328p/source/serial.o
 .debug_ranges  0x00000230      0x110 driver/atmega328p/source/timer.o
 .debug_ranges  0x00000340       0x68 driver/atmega328p/source/watchdog.o
 .debug_ranges  0x000003a8       0x98 main.o
 .debug_ranges  0x00000440       0xd8 ml/source/ml/lin_reg/lin_reg.o
 .debug_ranges  0x00000518       0x80 target/source/system.o
 .debug_ranges  0x00000598       0x58 utils/source/utils.o

.debug_macro
 *(.debug_macro)
OUTPUT(ATmega328P_factory.elf elf32-avr)
LOAD linker stubs
